Archive member included to satisfy reference by file (symbol)

C:/ST/STM32CubeCLT_1.22.0/GNU-tools-for-STM32/bin/../lib/gcc/arm-none-eabi/14.3.1/../../../../arm-none-eabi/lib/thumb/v7-m/nofp\libc_nano.a(libc_a-exit.o)
                              C:/ST/STM32CubeCLT_1.22.0/GNU-tools-for-STM32/bin/../lib/gcc/arm-none-eabi/14.3.1/../../../../arm-none-eabi/lib/thumb/v7-m/nofp/crt0.o (exit)
C:/ST/STM32CubeCLT_1.22.0/GNU-tools-for-STM32/bin/../lib/gcc/arm-none-eabi/14.3.1/../../../../arm-none-eabi/lib/thumb/v7-m/nofp\libc_nano.a(libc_a-nano-vfprintf_float.o)
                              (_printf_float)
C:/ST/STM32CubeCLT_1.22.0/GNU-tools-for-STM32/bin/../lib/gcc/arm-none-eabi/14.3.1/../../../../arm-none-eabi/lib/thumb/v7-m/nofp\libc_nano.a(libc_a-nano-vfprintf_i.o)
                              C:/ST/STM32CubeCLT_1.22.0/GNU-tools-for-STM32/bin/../lib/gcc/arm-none-eabi/14.3.1/../../../../arm-none-eabi/lib/thumb/v7-m/nofp\libc_nano.a(libc_a-nano-vfprintf_float.o) (_printf_common)
C:/ST/STM32CubeCLT_1.22.0/GNU-tools-for-STM32/bin/../lib/gcc/arm-none-eabi/14.3.1/../../../../arm-none-eabi/lib/thumb/v7-m/nofp\libc_nano.a(libc_a-findfp.o)
                              C:/ST/STM32CubeCLT_1.22.0/GNU-tools-for-STM32/bin/../lib/gcc/arm-none-eabi/14.3.1/../../../../arm-none-eabi/lib/thumb/v7-m/nofp\libc_nano.a(libc_a-exit.o) (__stdio_exit_handler)
C:/ST/STM32CubeCLT_1.22.0/GNU-tools-for-STM32/bin/../lib/gcc/arm-none-eabi/14.3.1/../../../../arm-none-eabi/lib/thumb/v7-m/nofp\libc_nano.a(libc_a-fwalk.o)
                              C:/ST/STM32CubeCLT_1.22.0/GNU-tools-for-STM32/bin/../lib/gcc/arm-none-eabi/14.3.1/../../../../arm-none-eabi/lib/thumb/v7-m/nofp\libc_nano.a(libc_a-findfp.o) (_fwalk_sglue)
C:/ST/STM32CubeCLT_1.22.0/GNU-tools-for-STM32/bin/../lib/gcc/arm-none-eabi/14.3.1/../../../../arm-none-eabi/lib/thumb/v7-m/nofp\libc_nano.a(libc_a-stdio.o)
                              C:/ST/STM32CubeCLT_1.22.0/GNU-tools-for-STM32/bin/../lib/gcc/arm-none-eabi/14.3.1/../../../../arm-none-eabi/lib/thumb/v7-m/nofp\libc_nano.a(libc_a-findfp.o) (__sread)
C:/ST/STM32CubeCLT_1.22.0/GNU-tools-for-STM32/bin/../lib/gcc/arm-none-eabi/14.3.1/../../../../arm-none-eabi/lib/thumb/v7-m/nofp\libc_nano.a(libc_a-memset.o)
                              C:/ST/STM32CubeCLT_1.22.0/GNU-tools-for-STM32/bin/../lib/gcc/arm-none-eabi/14.3.1/../../../../arm-none-eabi/lib/thumb/v7-m/nofp/crt0.o (memset)
C:/ST/STM32CubeCLT_1.22.0/GNU-tools-for-STM32/bin/../lib/gcc/arm-none-eabi/14.3.1/../../../../arm-none-eabi/lib/thumb/v7-m/nofp\libc_nano.a(libc_a-localeconv.o)
                              C:/ST/STM32CubeCLT_1.22.0/GNU-tools-for-STM32/bin/../lib/gcc/arm-none-eabi/14.3.1/../../../../arm-none-eabi/lib/thumb/v7-m/nofp\libc_nano.a(libc_a-nano-vfprintf_float.o) (_localeconv_r)
C:/ST/STM32CubeCLT_1.22.0/GNU-tools-for-STM32/bin/../lib/gcc/arm-none-eabi/14.3.1/../../../../arm-none-eabi/lib/thumb/v7-m/nofp\libc_nano.a(libc_a-closer.o)
                              C:/ST/STM32CubeCLT_1.22.0/GNU-tools-for-STM32/bin/../lib/gcc/arm-none-eabi/14.3.1/../../../../arm-none-eabi/lib/thumb/v7-m/nofp\libc_nano.a(libc_a-stdio.o) (_close_r)
C:/ST/STM32CubeCLT_1.22.0/GNU-tools-for-STM32/bin/../lib/gcc/arm-none-eabi/14.3.1/../../../../arm-none-eabi/lib/thumb/v7-m/nofp\libc_nano.a(libc_a-reent.o)
                              C:/ST/STM32CubeCLT_1.22.0/GNU-tools-for-STM32/bin/../lib/gcc/arm-none-eabi/14.3.1/../../../../arm-none-eabi/lib/thumb/v7-m/nofp\libc_nano.a(libc_a-closer.o) (errno)
C:/ST/STM32CubeCLT_1.22.0/GNU-tools-for-STM32/bin/../lib/gcc/arm-none-eabi/14.3.1/../../../../arm-none-eabi/lib/thumb/v7-m/nofp\libc_nano.a(libc_a-impure.o)
                              C:/ST/STM32CubeCLT_1.22.0/GNU-tools-for-STM32/bin/../lib/gcc/arm-none-eabi/14.3.1/../../../../arm-none-eabi/lib/thumb/v7-m/nofp\libc_nano.a(libc_a-reent.o) (_impure_ptr)
C:/ST/STM32CubeCLT_1.22.0/GNU-tools-for-STM32/bin/../lib/gcc/arm-none-eabi/14.3.1/../../../../arm-none-eabi/lib/thumb/v7-m/nofp\libc_nano.a(libc_a-lseekr.o)
                              C:/ST/STM32CubeCLT_1.22.0/GNU-tools-for-STM32/bin/../lib/gcc/arm-none-eabi/14.3.1/../../../../arm-none-eabi/lib/thumb/v7-m/nofp\libc_nano.a(libc_a-stdio.o) (_lseek_r)
C:/ST/STM32CubeCLT_1.22.0/GNU-tools-for-STM32/bin/../lib/gcc/arm-none-eabi/14.3.1/../../../../arm-none-eabi/lib/thumb/v7-m/nofp\libc_nano.a(libc_a-readr.o)
                              C:/ST/STM32CubeCLT_1.22.0/GNU-tools-for-STM32/bin/../lib/gcc/arm-none-eabi/14.3.1/../../../../arm-none-eabi/lib/thumb/v7-m/nofp\libc_nano.a(libc_a-stdio.o) (_read_r)
C:/ST/STM32CubeCLT_1.22.0/GNU-tools-for-STM32/bin/../lib/gcc/arm-none-eabi/14.3.1/../../../../arm-none-eabi/lib/thumb/v7-m/nofp\libc_nano.a(libc_a-writer.o)
                              C:/ST/STM32CubeCLT_1.22.0/GNU-tools-for-STM32/bin/../lib/gcc/arm-none-eabi/14.3.1/../../../../arm-none-eabi/lib/thumb/v7-m/nofp\libc_nano.a(libc_a-stdio.o) (_write_r)
[...]
Memory Configuration

Name             Origin             Length             Attributes
RAM              0x20000000         0x00005000         xrw
FLASH            0x08000000         0x00020000         xr
*default*        0x00000000         0xffffffff

Linker script and memory map

LOAD C:/ST/STM32CubeCLT_1.22.0/GNU-tools-for-STM32/bin/../lib/gcc/arm-none-eabi/14.3.1/thumb/v7-m/nofp/crti.o
LOAD C:/ST/STM32CubeCLT_1.22.0/GNU-tools-for-STM32/bin/../lib/gcc/arm-none-eabi/14.3.1/thumb/v7-m/nofp/crtbegin.o
LOAD C:/ST/STM32CubeCLT_1.22.0/GNU-tools-for-STM32/bin/../lib/gcc/arm-none-eabi/14.3.1/../../../../arm-none-eabi/lib/thumb/v7-m/nofp/crt0.o
START GROUP
LOAD C:/ST/STM32CubeCLT_1.22.0/GNU-tools-for-STM32/bin/../lib/gcc/arm-none-eabi/14.3.1/../../../../arm-none-eabi/lib/thumb/v7-m/nofp\libc_nano.a
LOAD C:/ST/STM32CubeCLT_1.22.0/GNU-tools-for-STM32/bin/../lib/gcc/arm-none-eabi/14.3.1/../../../../arm-none-eabi/lib/thumb/v7-m/nofp\libm.a
END GROUP
LOAD CMakeFiles/Senior.dir/Core/Src/main.c.obj
LOAD CMakeFiles/Senior.dir/Core/Src/stm32f1xx_it.c.obj
LOAD CMakeFiles/Senior.dir/Core/Src/stm32f1xx_hal_msp.c.obj
LOAD CMakeFiles/Senior.dir/Drivers/STM32F1xx_HAL_Driver/Src/stm32f1xx_hal_gpio_ex.c.obj
LOAD CMakeFiles/Senior.dir/Drivers/STM32F1xx_HAL_Driver/Src/stm32f1xx_hal_adc.c.obj
LOAD CMakeFiles/Senior.dir/Drivers/STM32F1xx_HAL_Driver/Src/stm32f1xx_hal_adc_ex.c.obj
LOAD CMakeFiles/Senior.dir/Drivers/STM32F1xx_HAL_Driver/Src/stm32f1xx_hal.c.obj
LOAD CMakeFiles/Senior.dir/Drivers/STM32F1xx_HAL_Driver/Src/stm32f1xx_hal_rcc.c.obj
LOAD CMakeFiles/Senior.dir/Drivers/STM32F1xx_HAL_Driver/Src/stm32f1xx_hal_rcc_ex.c.obj
LOAD CMakeFiles/Senior.dir/Drivers/STM32F1xx_HAL_Driver/Src/stm32f1xx_hal_gpio.c.obj
LOAD CMakeFiles/Senior.dir/Drivers/STM32F1xx_HAL_Driver/Src/stm32f1xx_hal_dma.c.obj
LOAD CMakeFiles/Senior.dir/Drivers/STM32F1xx_HAL_Driver/Src/stm32f1xx_hal_cortex.c.obj
LOAD CMakeFiles/Senior.dir/Drivers/STM32F1xx_HAL_Driver/Src/stm32f1xx_hal_pwr.c.obj
LOAD CMakeFiles/Senior.dir/Drivers/STM32F1xx_HAL_Driver/Src/stm32f1xx_hal_flash.c.obj
LOAD CMakeFiles/Senior.dir/Drivers/STM32F1xx_HAL_Driver/Src/stm32f1xx_hal_flash_ex.c.obj
LOAD CMakeFiles/Senior.dir/Drivers/STM32F1xx_HAL_Driver/Src/stm32f1xx_hal_exti.c.obj
LOAD CMakeFiles/Senior.dir/Drivers/STM32F1xx_HAL_Driver/Src/stm32f1xx_hal_tim.c.obj
LOAD CMakeFiles/Senior.dir/Drivers/STM32F1xx_HAL_Driver/Src/stm32f1xx_hal_tim_ex.c.obj
LOAD CMakeFiles/Senior.dir/Drivers/STM32F1xx_HAL_Driver/Src/stm32f1xx_hal_uart.c.obj
LOAD CMakeFiles/Senior.dir/Core/Src/system_stm32f1xx.c.obj
LOAD CMakeFiles/Senior.dir/Core/Src/sysmem.c.obj
LOAD CMakeFiles/Senior.dir/Core/Src/syscalls.c.obj
LOAD CMakeFiles/Senior.dir/startup_stm32f103xb.s.obj
START GROUP
LOAD C:/ST/STM32CubeCLT_1.22.0/GNU-tools-for-STM32/bin/../lib/gcc/arm-none-eabi/14.3.1/thumb/v7-m/nofp\libgcc.a
LOAD C:/ST/STM32CubeCLT_1.22.0/GNU-tools-for-STM32/bin/../lib/gcc/arm-none-eabi/14.3.1/../../../../arm-none-eabi/lib/thumb/v7-m/nofp\libg_nano.a
LOAD C:/ST/STM32CubeCLT_1.22.0/GNU-tools-for-STM32/bin/../lib/gcc/arm-none-eabi/14.3.1/../../../../arm-none-eabi/lib/thumb/v7-m/nofp\libc_nano.a
END GROUP
START GROUP
LOAD C:/ST/STM32CubeCLT_1.22.0/GNU-tools-for-STM32/bin/../lib/gcc/arm-none-eabi/14.3.1/thumb/v7-m/nofp\libgcc.a
LOAD C:/ST/STM32CubeCLT_1.22.0/GNU-tools-for-STM32/bin/../lib/gcc/arm-none-eabi/14.3.1/../../../../arm-none-eabi/lib/thumb/v7-m/nofp\libc_nano.a
END GROUP
LOAD C:/ST/STM32CubeCLT_1.22.0/GNU-tools-for-STM32/bin/../lib/gcc/arm-none-eabi/14.3.1/thumb/v7-m/nofp/crtend.o
LOAD C:/ST/STM32CubeCLT_1.22.0/GNU-tools-for-STM32/bin/../lib/gcc/arm-none-eabi/14.3.1/thumb/v7-m/nofp/crtn.o
                0x20005000                        _estack = (ORIGIN (RAM) + LENGTH (RAM))
                0x00000200                        _Min_Heap_Size = 0x200
                0x00000400                        _Min_Stack_Size = 0x400

.isr_vector     0x08000000      0x10c
                0x08000000                        . = ALIGN (0x4)
 *(.isr_vector)
 .isr_vector    0x08000000      0x10c CMakeFiles/Senior.dir/startup_stm32f103xb.s.obj
                0x08000000                g_pfnVectors
                0x0800010c                        . = ALIGN (0x4)

.text           0x08000110     0xb1c4
                0x08000110                        . = ALIGN (0x4)
 *(.text)
 .text          0x08000110       0x40 C:/ST/STM32CubeCLT_1.22.0/GNU-tools-for-STM32/bin/../lib/gcc/arm-none-eabi/14.3.1/thumb/v7-m/nofp/crtbegin.o
 .text          0x08000150       0x10 C:/ST/STM32CubeCLT_1.22.0/GNU-tools-for-STM32/bin/../lib/gcc/arm-none-eabi/14.3.1/../../../../arm-none-eabi/lib/thumb/v7-m/nofp\libc_nano.a(libc_a-strlen.o)
                0x08000150                strlen
 .text          0x08000160      0x378 C:/ST/STM32CubeCLT_1.22.0/GNU-tools-for-STM32/bin/../lib/gcc/arm-none-eabi/14.3.1/thumb/v7-m/nofp\libgcc.a(_arm_addsubdf3.o)
                0x08000160                __aeabi_drsub
                0x08000168                __aeabi_dsub
                0x08000168                __subdf3
                0x0800016c                __aeabi_dadd
                0x0800016c                __adddf3
                0x080003e4                __floatunsidf
                0x080003e4                __aeabi_ui2d
                0x08000404                __floatsidf
                0x08000404                __aeabi_i2d
                0x08000428                __aeabi_f2d
                0x08000428                __extendsfdf2
                0x0800046c                __floatundidf
                0x0800046c                __aeabi_ul2d
                0x0800047c                __floatdidf
                0x0800047c                __aeabi_l2d
 .text          0x080004d8      0x424 C:/ST/STM32CubeCLT_1.22.0/GNU-tools-for-STM32/bin/../lib/gcc/arm-none-eabi/14.3.1/thumb/v7-m/nofp\libgcc.a(_arm_muldivdf3.o)
                0x080004d8                __aeabi_dmul
                0x080004d8                __muldf3
                0x0800072c                __divdf3
                0x0800072c                __aeabi_ddiv
 .text          0x080008fc      0x110 C:/ST/STM32CubeCLT_1.22.0/GNU-tools-for-STM32/bin/../lib/gcc/arm-none-eabi/14.3.1/thumb/v7-m/nofp\libgcc.a(_arm_cmpdf2.o)
                0x080008fc                __gtdf2
                0x080008fc                __gedf2
                0x08000904                __ltdf2
                0x08000904                __ledf2
                0x0800090c                __nedf2
                0x0800090c                __eqdf2
                0x0800090c                __cmpdf2
                0x08000988                __aeabi_cdrcmple
                0x08000998                __aeabi_cdcmpeq
                0x08000998                __aeabi_cdcmple
                0x080009a8                __aeabi_dcmpeq
                0x080009bc                __aeabi_dcmplt
                0x080009d0                __aeabi_dcmple
                0x080009e4                __aeabi_dcmpge
                0x080009f8                __aeabi_dcmpgt
 .text          0x08000a0c       0x2c C:/ST/STM32CubeCLT_1.22.0/GNU-tools-for-STM32/bin/../lib/gcc/arm-none-eabi/14.3.1/thumb/v7-m/nofp\libgcc.a(_arm_unorddf2.o)
                0x08000a0c                __unorddf2
                0x08000a0c                __aeabi_dcmpun
 .text          0x08000a38       0x50 C:/ST/STM32CubeCLT_1.22.0/GNU-tools-for-STM32/bin/../lib/gcc/arm-none-eabi/14.3.1/thumb/v7-m/nofp\libgcc.a(_arm_fixdfsi.o)
                0x08000a38                __aeabi_d2iz
                0x08000a38                __fixdfsi
 .text          0x08000a88       0x40 C:/ST/STM32CubeCLT_1.22.0/GNU-tools-for-STM32/bin/../lib/gcc/arm-none-eabi/14.3.1/thumb/v7-m/nofp\libgcc.a(_arm_fixunsdfsi.o)
                0x08000a88                __aeabi_d2uiz
                0x08000a88                __fixunsdfsi
 .text          0x08000ac8       0xa0 C:/ST/STM32CubeCLT_1.22.0/GNU-tools-for-STM32/bin/../lib/gcc/arm-none-eabi/14.3.1/thumb/v7-m/nofp\libgcc.a(_arm_truncdfsf2.o)
                0x08000ac8                __truncdfsf2
                0x08000ac8                __aeabi_d2f
 .text          0x08000b68      0x21c C:/ST/STM32CubeCLT_1.22.0/GNU-tools-for-STM32/bin/../lib/gcc/arm-none-eabi/14.3.1/thumb/v7-m/nofp\libgcc.a(_arm_addsubsf3.o)
                0x08000b68                __aeabi_frsub
                0x08000b70                __subsf3
                0x08000b70                __aeabi_fsub
                0x08000b74                __aeabi_fadd
                0x08000b74                __addsf3
                0x08000cd4                __aeabi_ui2f
                0x08000cd4                __floatunsisf
                0x08000cdc                __aeabi_i2f
                0x08000cdc                __floatsisf
                0x08000cf8                __aeabi_ul2f
                0x08000cf8                __floatundisf
                0x08000d08                __aeabi_l2f
                0x08000d08                __floatdisf
 .text          0x08000d84      0x2a0 C:/ST/STM32CubeCLT_1.22.0/GNU-tools-for-STM32/bin/../lib/gcc/arm-none-eabi/14.3.1/thumb/v7-m/nofp\libgcc.a(_arm_muldivsf3.o)
                0x08000d84                __mulsf3
                0x08000d84                __aeabi_fmul
                0x08000eec                __aeabi_fdiv
                0x08000eec                __divsf3
 .text          0x08001024       0xec C:/ST/STM32CubeCLT_1.22.0/GNU-tools-for-STM32/bin/../lib/gcc/arm-none-eabi/14.3.1/thumb/v7-m/nofp\libgcc.a(_arm_cmpsf2.o)
                0x08001024                __gesf2
                0x08001024                __gtsf2
                0x0800102c                __lesf2
                0x0800102c                __ltsf2
                0x08001034                __nesf2
                0x08001034                __eqsf2
                0x08001034                __cmpsf2
                0x08001094                __aeabi_cfrcmple
                0x0800109c                __aeabi_cfcmpeq
                0x0800109c                __aeabi_cfcmple
                0x080010ac                __aeabi_fcmpeq
                0x080010c0                __aeabi_fcmplt
                0x080010d4                __aeabi_fcmple
                0x080010e8                __aeabi_fcmpge
                0x080010fc                __aeabi_fcmpgt
 .text          0x08001110       0x40 C:/ST/STM32CubeCLT_1.22.0/GNU-tools-for-STM32/bin/../lib/gcc/arm-none-eabi/14.3.1/thumb/v7-m/nofp\libgcc.a(_arm_fixunssfsi.o)
                0x08001110                __fixunssfsi
                0x08001110                __aeabi_f2uiz
 .text          0x08001150       0x2c C:/ST/STM32CubeCLT_1.22.0/GNU-tools-for-STM32/bin/../lib/gcc/arm-none-eabi/14.3.1/thumb/v7-m/nofp\libgcc.a(_arm_unordsf2.o)
                0x08001150                __unordsf2
                0x08001150                __aeabi_fcmpun
 .text          0x0800117c       0x30 C:/ST/STM32CubeCLT_1.22.0/GNU-tools-for-STM32/bin/../lib/gcc/arm-none-eabi/14.3.1/thumb/v7-m/nofp\libgcc.a(_fixdfdi.o)
                0x0800117c                __fixdfdi
                0x0800117c                __aeabi_d2lz
 .text          0x080011ac       0x3c C:/ST/STM32CubeCLT_1.22.0/GNU-tools-for-STM32/bin/../lib/gcc/arm-none-eabi/14.3.1/thumb/v7-m/nofp\libgcc.a(_fixunsdfdi.o)
                0x080011ac                __fixunsdfdi
                0x080011ac                __aeabi_d2ulz
 *(.text*)
 .text.__cvt    0x080011e8       0xc8 C:/ST/STM32CubeCLT_1.22.0/GNU-tools-for-STM32/bin/../lib/gcc/arm-none-eabi/14.3.1/../../../../arm-none-eabi/lib/thumb/v7-m/nofp\libc_nano.a(libc_a-nano-vfprintf_float.o)
                0x080011e8                __cvt
 .text.__exponent
                0x080012b0       0x74 C:/ST/STM32CubeCLT_1.22.0/GNU-tools-for-STM32/bin/../lib/gcc/arm-none-eabi/14.3.1/../../../../arm-none-eabi/lib/thumb/v7-m/nofp\libc_nano.a(libc_a-nano-vfprintf_float.o)
                0x080012b0                __exponent
 .text._printf_float
                0x08001324      0x458 C:/ST/STM32CubeCLT_1.22.0/GNU-tools-for-STM32/bin/../lib/gcc/arm-none-eabi/14.3.1/../../../../arm-none-eabi/lib/thumb/v7-m/nofp\libc_nano.a(libc_a-nano-vfprintf_float.o)
                0x08001324                _printf_float
 .text._printf_common
                0x0800177c       0xe4 C:/ST/STM32CubeCLT_1.22.0/GNU-tools-for-STM32/bin/../lib/gcc/arm-none-eabi/14.3.1/../../../../arm-none-eabi/lib/thumb/v7-m/nofp\libc_nano.a(libc_a-nano-vfprintf_i.o)
                0x0800177c                _printf_common
 .text._printf_i
                0x08001860      0x24c C:/ST/STM32CubeCLT_1.22.0/GNU-tools-for-STM32/bin/../lib/gcc/arm-none-eabi/14.3.1/../../../../arm-none-eabi/lib/thumb/v7-m/nofp\libc_nano.a(libc_a-nano-vfprintf_i.o)
                0x08001860                _printf_i
 .text.std      0x08001aac       0x6c C:/ST/STM32CubeCLT_1.22.0/GNU-tools-for-STM32/bin/../lib/gcc/arm-none-eabi/14.3.1/../../../../arm-none-eabi/lib/thumb/v7-m/nofp\libc_nano.a(libc_a-findfp.o)
 .text.stdio_exit_handler
                0x08001b18       0x18 C:/ST/STM32CubeCLT_1.22.0/GNU-tools-for-STM32/bin/../lib/gcc/arm-none-eabi/14.3.1/../../../../arm-none-eabi/lib/thumb/v7-m/nofp\libc_nano.a(libc_a-findfp.o)
 .text.cleanup_stdio
                0x08001b30       0x40 C:/ST/STM32CubeCLT_1.22.0/GNU-tools-for-STM32/bin/../lib/gcc/arm-none-eabi/14.3.1/../../../../arm-none-eabi/lib/thumb/v7-m/nofp\libc_nano.a(libc_a-findfp.o)
 .text.global_stdio_init.part.0
                0x08001b70       0x40 C:/ST/STM32CubeCLT_1.22.0/GNU-tools-for-STM32/bin/../lib/gcc/arm-none-eabi/14.3.1/../../../../arm-none-eabi/lib/thumb/v7-m/nofp\libc_nano.a(libc_a-findfp.o)
 .text.__sfp_lock_acquire
                0x08001bb0        0xc C:/ST/STM32CubeCLT_1.22.0/GNU-tools-for-STM32/bin/../lib/gcc/arm-none-eabi/14.3.1/../../../../arm-none-eabi/lib/thumb/v7-m/nofp\libc_nano.a(libc_a-findfp.o)
                0x08001bb0                __sfp_lock_acquire
 .text.__sfp_lock_release
                0x08001bbc        0xc C:/ST/STM32CubeCLT_1.22.0/GNU-tools-for-STM32/bin/../lib/gcc/arm-none-eabi/14.3.1/../../../../arm-none-eabi/lib/thumb/v7-m/nofp\libc_nano.a(libc_a-findfp.o)
                0x08001bbc                __sfp_lock_release
 .text.__sinit  0x08001bc8       0x30 C:/ST/STM32CubeCLT_1.22.0/GNU-tools-for-STM32/bin/../lib/gcc/arm-none-eabi/14.3.1/../../../../arm-none-eabi/lib/thumb/v7-m/nofp\libc_nano.a(libc_a-findfp.o)
                0x08001bc8                __sinit
 .text._fwalk_sglue
                0x08001bf8       0x3c C:/ST/STM32CubeCLT_1.22.0/GNU-tools-for-STM32/bin/../lib/gcc/arm-none-eabi/14.3.1/../../../../arm-none-eabi/lib/thumb/v7-m/nofp\libc_nano.a(libc_a-fwalk.o)
                0x08001bf8                _fwalk_sglue
 .text.__sread  0x08001c34       0x22 C:/ST/STM32CubeCLT_1.22.0/GNU-tools-for-STM32/bin/../lib/gcc/arm-none-eabi/14.3.1/../../../../arm-none-eabi/lib/thumb/v7-m/nofp\libc_nano.a(libc_a-stdio.o)
                0x08001c34                __sread
 .text.__swrite
                0x08001c56       0x38 C:/ST/STM32CubeCLT_1.22.0/GNU-tools-for-STM32/bin/../lib/gcc/arm-none-eabi/14.3.1/../../../../arm-none-eabi/lib/thumb/v7-m/nofp\libc_nano.a(libc_a-stdio.o)
                0x08001c56                __swrite
 .text.__sseek  0x08001c8e       0x26 C:/ST/STM32CubeCLT_1.22.0/GNU-tools-for-STM32/bin/../lib/gcc/arm-none-eabi/14.3.1/../../../../arm-none-eabi/lib/thumb/v7-m/nofp\libc_nano.a(libc_a-stdio.o)
                0x08001c8e                __sseek
 .text.__sclose
                0x08001cb4        0x8 C:/ST/STM32CubeCLT_1.22.0/GNU-tools-for-STM32/bin/../lib/gcc/arm-none-eabi/14.3.1/../../../../arm-none-eabi/lib/thumb/v7-m/nofp\libc_nano.a(libc_a-stdio.o)
                0x08001cb4                __sclose
 .text.memset   0x08001cbc       0x10 C:/ST/STM32CubeCLT_1.22.0/GNU-tools-for-STM32/bin/../lib/gcc/arm-none-eabi/14.3.1/../../../../arm-none-eabi/lib/thumb/v7-m/nofp\libc_nano.a(libc_a-memset.o)
                0x08001cbc                memset
 .text._localeconv_r
                0x08001ccc        0x8 C:/ST/STM32CubeCLT_1.22.0/GNU-tools-for-STM32/bin/../lib/gcc/arm-none-eabi/14.3.1/../../../../arm-none-eabi/lib/thumb/v7-m/nofp\libc_nano.a(libc_a-localeconv.o)
                0x08001ccc                _localeconv_r
 .text._close_r
                0x08001cd4       0x20 C:/ST/STM32CubeCLT_1.22.0/GNU-tools-for-STM32/bin/../lib/gcc/arm-none-eabi/14.3.1/../../../../arm-none-eabi/lib/thumb/v7-m/nofp\libc_nano.a(libc_a-closer.o)
                0x08001cd4                _close_r
 .text._lseek_r
                0x08001cf4       0x24 C:/ST/STM32CubeCLT_1.22.0/GNU-tools-for-STM32/bin/../lib/gcc/arm-none-eabi/14.3.1/../../../../arm-none-eabi/lib/thumb/v7-m/nofp\libc_nano.a(libc_a-lseekr.o)
                0x08001cf4                _lseek_r
 .text._read_r  0x08001d18       0x24 C:/ST/STM32CubeCLT_1.22.0/GNU-tools-for-STM32/bin/../lib/gcc/arm-none-eabi/14.3.1/../../../../arm-none-eabi/lib/thumb/v7-m/nofp\libc_nano.a(libc_a-readr.o)
                0x08001d18                _read_r
 .text._write_r
                0x08001d3c       0x24 C:/ST/STM32CubeCLT_1.22.0/GNU-tools-for-STM32/bin/../lib/gcc/arm-none-eabi/14.3.1/../../../../arm-none-eabi/lib/thumb/v7-m/nofp\libc_nano.a(libc_a-writer.o)
                0x08001d3c                _write_r
 .text.__libc_init_array
                0x08001d60       0x48 C:/ST/STM32CubeCLT_1.22.0/GNU-tools-for-STM32/bin/../lib/gcc/arm-none-eabi/14.3.1/../../../../arm-none-eabi/lib/thumb/v7-m/nofp\libc_nano.a(libc_a-init.o)
                0x08001d60                __libc_init_array
 .text.__retarget_lock_init_recursive
                0x08001da8        0x2 C:/ST/STM32CubeCLT_1.22.0/GNU-tools-for-STM32/bin/../lib/gcc/arm-none-eabi/14.3.1/../../../../arm-none-eabi/lib/thumb/v7-m/nofp\libc_nano.a(libc_a-lock.o)
                0x08001da8                __retarget_lock_init_recursive
 .text.__retarget_lock_acquire_recursive
                0x08001daa        0x2 C:/ST/STM32CubeCLT_1.22.0/GNU-tools-for-STM32/bin/../lib/gcc/arm-none-eabi/14.3.1/../../../../arm-none-eabi/lib/thumb/v7-m/nofp\libc_nano.a(libc_a-lock.o)
                0x08001daa                __retarget_lock_acquire_recursive
 .text.__retarget_lock_release_recursive
                0x08001dac        0x2 C:/ST/STM32CubeCLT_1.22.0/GNU-tools-for-STM32/bin/../lib/gcc/arm-none-eabi/14.3.1/../../../../arm-none-eabi/lib/thumb/v7-m/nofp\libc_nano.a(libc_a-lock.o)
                0x08001dac                __retarget_lock_release_recursive
 .text.memchr   0x08001dae       0x1c C:/ST/STM32CubeCLT_1.22.0/GNU-tools-for-STM32/bin/../lib/gcc/arm-none-eabi/14.3.1/../../../../arm-none-eabi/lib/thumb/v7-m/nofp\libc_nano.a(libc_a-memchr-stub.o)
                0x08001dae                memchr
 .text.quorem   0x08001dca      0x110 C:/ST/STM32CubeCLT_1.22.0/GNU-tools-for-STM32/bin/../lib/gcc/arm-none-eabi/14.3.1/../../../../arm-none-eabi/lib/thumb/v7-m/nofp\libc_nano.a(libc_a-dtoa.o)
 *fill*         0x08001eda        0x6 
 .text._dtoa_r  0x08001ee0      0xbcc C:/ST/STM32CubeCLT_1.22.0/GNU-tools-for-STM32/bin/../lib/gcc/arm-none-eabi/14.3.1/../../../../arm-none-eabi/lib/thumb/v7-m/nofp\libc_nano.a(libc_a-dtoa.o)
                0x08001ee0                _dtoa_r
 .text._free_r  0x08002aac       0x90 C:/ST/STM32CubeCLT_1.22.0/GNU-tools-for-STM32/bin/../lib/gcc/arm-none-eabi/14.3.1/../../../../arm-none-eabi/lib/thumb/v7-m/nofp\libc_nano.a(libc_a-freer.o)
                0x08002aac                _free_r
 .text.malloc   0x08002b3c       0x10 C:/ST/STM32CubeCLT_1.22.0/GNU-tools-for-STM32/bin/../lib/gcc/arm-none-eabi/14.3.1/../../../../arm-none-eabi/lib/thumb/v7-m/nofp\libc_nano.a(libc_a-malloc.o)
                0x08002b3c                malloc
 .text.sbrk_aligned
                0x08002b4c       0x44 C:/ST/STM32CubeCLT_1.22.0/GNU-tools-for-STM32/bin/../lib/gcc/arm-none-eabi/14.3.1/../../../../arm-none-eabi/lib/thumb/v7-m/nofp\libc_nano.a(libc_a-mallocr.o)
 .text._malloc_r
                0x08002b90      0x100 C:/ST/STM32CubeCLT_1.22.0/GNU-tools-for-STM32/bin/../lib/gcc/arm-none-eabi/14.3.1/../../../../arm-none-eabi/lib/thumb/v7-m/nofp\libc_nano.a(libc_a-mallocr.o)
                0x08002b90                _malloc_r
 .text.__malloc_lock
                0x08002c90        0xc C:/ST/STM32CubeCLT_1.22.0/GNU-tools-for-STM32/bin/../lib/gcc/arm-none-eabi/14.3.1/../../../../arm-none-eabi/lib/thumb/v7-m/nofp\libc_nano.a(libc_a-mlock.o)
                0x08002c90                __malloc_lock
 .text.__malloc_unlock
                0x08002c9c        0xc C:/ST/STM32CubeCLT_1.22.0/GNU-tools-for-STM32/bin/../lib/gcc/arm-none-eabi/14.3.1/../../../../arm-none-eabi/lib/thumb/v7-m/nofp\libc_nano.a(libc_a-mlock.o)
                0x08002c9c                __malloc_unlock
 .text._Balloc  0x08002ca8       0x7c C:/ST/STM32CubeCLT_1.22.0/GNU-tools-for-STM32/bin/../lib/gcc/arm-none-eabi/14.3.1/../../../../arm-none-eabi/lib/thumb/v7-m/nofp\libc_nano.a(libc_a-mprec.o)
                0x08002ca8                _Balloc
 .text._Bfree   0x08002d24       0x44 C:/ST/STM32CubeCLT_1.22.0/GNU-tools-for-STM32/bin/../lib/gcc/arm-none-eabi/14.3.1/../../../../arm-none-eabi/lib/thumb/v7-m/nofp\libc_nano.a(libc_a-mprec.o)
                0x08002d24                _Bfree
 .text.__multadd
                0x08002d68       0x8c C:/ST/STM32CubeCLT_1.22.0/GNU-tools-for-STM32/bin/../lib/gcc/arm-none-eabi/14.3.1/../../../../arm-none-eabi/lib/thumb/v7-m/nofp\libc_nano.a(libc_a-mprec.o)
                0x08002d68                __multadd
 .text.__s2b    0x08002df4       0x94 C:/ST/STM32CubeCLT_1.22.0/GNU-tools-for-STM32/bin/../lib/gcc/arm-none-eabi/14.3.1/../../../../arm-none-eabi/lib/thumb/v7-m/nofp\libc_nano.a(libc_a-mprec.o)
                0x08002df4                __s2b
 .text.__hi0bits
                0x08002e88       0x3e C:/ST/STM32CubeCLT_1.22.0/GNU-tools-for-STM32/bin/../lib/gcc/arm-none-eabi/14.3.1/../../../../arm-none-eabi/lib/thumb/v7-m/nofp\libc_nano.a(libc_a-mprec.o)
                0x08002e88                __hi0bits
 .text.__lo0bits
                0x08002ec6       0x5a C:/ST/STM32CubeCLT_1.22.0/GNU-tools-for-STM32/bin/../lib/gcc/arm-none-eabi/14.3.1/../../../../arm-none-eabi/lib/thumb/v7-m/nofp\libc_nano.a(libc_a-mprec.o)
                0x08002ec6                __lo0bits
 .text.__i2b    0x08002f20       0x2c C:/ST/STM32CubeCLT_1.22.0/GNU-tools-for-STM32/bin/../lib/gcc/arm-none-eabi/14.3.1/../../../../arm-none-eabi/lib/thumb/v7-m/nofp\libc_nano.a(libc_a-mprec.o)
                0x08002f20                __i2b
 .text.__multiply
                0x08002f4c      0x150 C:/ST/STM32CubeCLT_1.22.0/GNU-tools-for-STM32/bin/../lib/gcc/arm-none-eabi/14.3.1/../../../../arm-none-eabi/lib/thumb/v7-m/nofp\libc_nano.a(libc_a-mprec.o)
                0x08002f4c                __multiply
 .text.__pow5mult
                0x0800309c       0xb8 C:/ST/STM32CubeCLT_1.22.0/GNU-tools-for-STM32/bin/../lib/gcc/arm-none-eabi/14.3.1/../../../../arm-none-eabi/lib/thumb/v7-m/nofp\libc_nano.a(libc_a-mprec.o)
                0x0800309c                __pow5mult
 .text.__lshift
                0x08003154       0xd8 C:/ST/STM32CubeCLT_1.22.0/GNU-tools-for-STM32/bin/../lib/gcc/arm-none-eabi/14.3.1/../../../../arm-none-eabi/lib/thumb/v7-m/nofp\libc_nano.a(libc_a-mprec.o)
                0x08003154                __lshift
 .text.__mcmp   0x0800322c       0x36 C:/ST/STM32CubeCLT_1.22.0/GNU-tools-for-STM32/bin/../lib/gcc/arm-none-eabi/14.3.1/../../../../arm-none-eabi/lib/thumb/v7-m/nofp\libc_nano.a(libc_a-mprec.o)
                0x0800322c                __mcmp
 *fill*         0x08003262        0x2 
 .text.__mdiff  0x08003264      0x130 C:/ST/STM32CubeCLT_1.22.0/GNU-tools-for-STM32/bin/../lib/gcc/arm-none-eabi/14.3.1/../../../../arm-none-eabi/lib/thumb/v7-m/nofp\libc_nano.a(libc_a-mprec.o)
                0x08003264                __mdiff
 .text.__ulp    0x08003394       0x40 C:/ST/STM32CubeCLT_1.22.0/GNU-tools-for-STM32/bin/../lib/gcc/arm-none-eabi/14.3.1/../../../../arm-none-eabi/lib/thumb/v7-m/nofp\libc_nano.a(libc_a-mprec.o)
                0x08003394                __ulp
 .text.__b2d    0x080033d4       0x90 C:/ST/STM32CubeCLT_1.22.0/GNU-tools-for-STM32/bin/../lib/gcc/arm-none-eabi/14.3.1/../../../../arm-none-eabi/lib/thumb/v7-m/nofp\libc_nano.a(libc_a-mprec.o)
                0x080033d4                __b2d
 .text.__d2b    0x08003464       0xb0 C:/ST/STM32CubeCLT_1.22.0/GNU-tools-for-STM32/bin/../lib/gcc/arm-none-eabi/14.3.1/../../../../arm-none-eabi/lib/thumb/v7-m/nofp\libc_nano.a(libc_a-mprec.o)
                0x08003464                __d2b
 .text.__ratio  0x08003514       0x60 C:/ST/STM32CubeCLT_1.22.0/GNU-tools-for-STM32/bin/../lib/gcc/arm-none-eabi/14.3.1/../../../../arm-none-eabi/lib/thumb/v7-m/nofp\libc_nano.a(libc_a-mprec.o)
                0x08003514                __ratio
 .text.__copybits
                0x08003574       0x46 C:/ST/STM32CubeCLT_1.22.0/GNU-tools-for-STM32/bin/../lib/gcc/arm-none-eabi/14.3.1/../../../../arm-none-eabi/lib/thumb/v7-m/nofp\libc_nano.a(libc_a-mprec.o)
                0x08003574                __copybits
 .text.__any_on
                0x080035ba       0x42 C:/ST/STM32CubeCLT_1.22.0/GNU-tools-for-STM32/bin/../lib/gcc/arm-none-eabi/14.3.1/../../../../arm-none-eabi/lib/thumb/v7-m/nofp\libc_nano.a(libc_a-mprec.o)
                0x080035ba                __any_on
 .text.__sflush_r
                0x080035fc       0xfc C:/ST/STM32CubeCLT_1.22.0/GNU-tools-for-STM32/bin/../lib/gcc/arm-none-eabi/14.3.1/../../../../arm-none-eabi/lib/thumb/v7-m/nofp\libc_nano.a(libc_a-fflush.o)
                0x080035fc                __sflush_r
 .text._fflush_r
                0x080036f8       0x50 C:/ST/STM32CubeCLT_1.22.0/GNU-tools-for-STM32/bin/../lib/gcc/arm-none-eabi/14.3.1/../../../../arm-none-eabi/lib/thumb/v7-m/nofp\libc_nano.a(libc_a-fflush.o)
                0x080036f8                _fflush_r
 .text._sbrk_r  0x08003748       0x20 C:/ST/STM32CubeCLT_1.22.0/GNU-tools-for-STM32/bin/../lib/gcc/arm-none-eabi/14.3.1/../../../../arm-none-eabi/lib/thumb/v7-m/nofp\libc_nano.a(libc_a-sbrkr.o)
                0x08003748                _sbrk_r
 .text.memcpy   0x08003768       0x1c C:/ST/STM32CubeCLT_1.22.0/GNU-tools-for-STM32/bin/../lib/gcc/arm-none-eabi/14.3.1/../../../../arm-none-eabi/lib/thumb/v7-m/nofp\libc_nano.a(libc_a-memcpy-stub.o)
                0x08003768                memcpy
 .text.__assert_func
                0x08003784       0x3c C:/ST/STM32CubeCLT_1.22.0/GNU-tools-for-STM32/bin/../lib/gcc/arm-none-eabi/14.3.1/../../../../arm-none-eabi/lib/thumb/v7-m/nofp\libc_nano.a(libc_a-assert.o)
                0x08003784                __assert_func
 .text._calloc_r
                0x080037c0       0x28 C:/ST/STM32CubeCLT_1.22.0/GNU-tools-for-STM32/bin/../lib/gcc/arm-none-eabi/14.3.1/../../../../arm-none-eabi/lib/thumb/v7-m/nofp\libc_nano.a(libc_a-callocr.o)
                0x080037c0                _calloc_r
 .text.__ascii_mbtowc
                0x080037e8       0x24 C:/ST/STM32CubeCLT_1.22.0/GNU-tools-for-STM32/bin/../lib/gcc/arm-none-eabi/14.3.1/../../../../arm-none-eabi/lib/thumb/v7-m/nofp\libc_nano.a(libc_a-mbtowc_r.o)
                0x080037e8                __ascii_mbtowc
 .text.__ascii_wctomb
                0x0800380c       0x1a C:/ST/STM32CubeCLT_1.22.0/GNU-tools-for-STM32/bin/../lib/gcc/arm-none-eabi/14.3.1/../../../../arm-none-eabi/lib/thumb/v7-m/nofp\libc_nano.a(libc_a-wctomb_r.o)
                0x0800380c                __ascii_wctomb
 *fill*         0x08003826        0x2 
 .text.fprintf  0x08003828       0x24 C:/ST/STM32CubeCLT_1.22.0/GNU-tools-for-STM32/bin/../lib/gcc/arm-none-eabi/14.3.1/../../../../arm-none-eabi/lib/thumb/v7-m/nofp\libc_nano.a(libc_a-fprintf.o)
                0x08003828                fiprintf
                0x08003828                fprintf
 .text.abort    0x0800384c        0xe C:/ST/STM32CubeCLT_1.22.0/GNU-tools-for-STM32/bin/../lib/gcc/arm-none-eabi/14.3.1/../../../../arm-none-eabi/lib/thumb/v7-m/nofp\libc_nano.a(libc_a-abort.o)
                0x0800384c                abort
 .text.__sfputc_r
                0x0800385a       0x2a C:/ST/STM32CubeCLT_1.22.0/GNU-tools-for-STM32/bin/../lib/gcc/arm-none-eabi/14.3.1/../../../../arm-none-eabi/lib/thumb/v7-m/nofp\libc_nano.a(libc_a-nano-vfprintf.o)
 .text.__sfputs_r
                0x08003884       0x24 C:/ST/STM32CubeCLT_1.22.0/GNU-tools-for-STM32/bin/../lib/gcc/arm-none-eabi/14.3.1/../../../../arm-none-eabi/lib/thumb/v7-m/nofp\libc_nano.a(libc_a-nano-vfprintf.o)
                0x08003884                __sfputs_r
 .text._vfprintf_r
                0x080038a8      0x228 C:/ST/STM32CubeCLT_1.22.0/GNU-tools-for-STM32/bin/../lib/gcc/arm-none-eabi/14.3.1/../../../../arm-none-eabi/lib/thumb/v7-m/nofp\libc_nano.a(libc_a-nano-vfprintf.o)
                0x080038a8                _vfprintf_r
                0x080038a8                _vfiprintf_r
 .text.__swbuf_r
                0x08003ad0       0x7c C:/ST/STM32CubeCLT_1.22.0/GNU-tools-for-STM32/bin/../lib/gcc/arm-none-eabi/14.3.1/../../../../arm-none-eabi/lib/thumb/v7-m/nofp\libc_nano.a(libc_a-wbuf.o)
                0x08003ad0                __swbuf_r
 .text.__swsetup_r
                0x08003b4c       0xa8 C:/ST/STM32CubeCLT_1.22.0/GNU-tools-for-STM32/bin/../lib/gcc/arm-none-eabi/14.3.1/../../../../arm-none-eabi/lib/thumb/v7-m/nofp\libc_nano.a(libc_a-wsetup.o)
                0x08003b4c                __swsetup_r
 .text.memmove  0x08003bf4       0x32 C:/ST/STM32CubeCLT_1.22.0/GNU-tools-for-STM32/bin/../lib/gcc/arm-none-eabi/14.3.1/../../../../arm-none-eabi/lib/thumb/v7-m/nofp\libc_nano.a(libc_a-memmove.o)
                0x08003bf4                memmove
 .text._raise_r
                0x08003c26       0x50 C:/ST/STM32CubeCLT_1.22.0/GNU-tools-for-STM32/bin/../lib/gcc/arm-none-eabi/14.3.1/../../../../arm-none-eabi/lib/thumb/v7-m/nofp\libc_nano.a(libc_a-signal.o)
                0x08003c26                _raise_r
 *fill*         0x08003c76        0x2 
 .text.raise    0x08003c78       0x10 C:/ST/STM32CubeCLT_1.22.0/GNU-tools-for-STM32/bin/../lib/gcc/arm-none-eabi/14.3.1/../../../../arm-none-eabi/lib/thumb/v7-m/nofp\libc_nano.a(libc_a-signal.o)
                0x08003c78                raise
 .text._kill_r  0x08003c88       0x24 C:/ST/STM32CubeCLT_1.22.0/GNU-tools-for-STM32/bin/../lib/gcc/arm-none-eabi/14.3.1/../../../../arm-none-eabi/lib/thumb/v7-m/nofp\libc_nano.a(libc_a-signalr.o)
                0x08003c88                _kill_r
 .text._getpid_r
                0x08003cac        0x4 C:/ST/STM32CubeCLT_1.22.0/GNU-tools-for-STM32/bin/../lib/gcc/arm-none-eabi/14.3.1/../../../../arm-none-eabi/lib/thumb/v7-m/nofp\libc_nano.a(libc_a-signalr.o)
                0x08003cac                _getpid_r
 .text._realloc_r
                0x08003cb0       0x5c C:/ST/STM32CubeCLT_1.22.0/GNU-tools-for-STM32/bin/../lib/gcc/arm-none-eabi/14.3.1/../../../../arm-none-eabi/lib/thumb/v7-m/nofp\libc_nano.a(libc_a-reallocr.o)
                0x08003cb0                _realloc_r
 .text.__swhatbuf_r
                0x08003d0c       0x48 C:/ST/STM32CubeCLT_1.22.0/GNU-tools-for-STM32/bin/../lib/gcc/arm-none-eabi/14.3.1/../../../../arm-none-eabi/lib/thumb/v7-m/nofp\libc_nano.a(libc_a-makebuf.o)
                0x08003d0c                __swhatbuf_r
 .text.__smakebuf_r
                0x08003d54       0x72 C:/ST/STM32CubeCLT_1.22.0/GNU-tools-for-STM32/bin/../lib/gcc/arm-none-eabi/14.3.1/../../../../arm-none-eabi/lib/thumb/v7-m/nofp\libc_nano.a(libc_a-makebuf.o)
                0x08003d54                __smakebuf_r
 *fill*         0x08003dc6        0x2 
 .text._fstat_r
                0x08003dc8       0x24 C:/ST/STM32CubeCLT_1.22.0/GNU-tools-for-STM32/bin/../lib/gcc/arm-none-eabi/14.3.1/../../../../arm-none-eabi/lib/thumb/v7-m/nofp\libc_nano.a(libc_a-fstatr.o)
                0x08003dc8                _fstat_r
 .text._isatty_r
                0x08003dec       0x20 C:/ST/STM32CubeCLT_1.22.0/GNU-tools-for-STM32/bin/../lib/gcc/arm-none-eabi/14.3.1/../../../../arm-none-eabi/lib/thumb/v7-m/nofp\libc_nano.a(libc_a-isattyr.o)
                0x08003dec                _isatty_r
 .text._malloc_usable_size_r
                0x08003e0c       0x10 C:/ST/STM32CubeCLT_1.22.0/GNU-tools-for-STM32/bin/../lib/gcc/arm-none-eabi/14.3.1/../../../../arm-none-eabi/lib/thumb/v7-m/nofp\libc_nano.a(libc_a-msizer.o)
                0x08003e0c                _malloc_usable_size_r
 .text.main     0x08003e1c      0x104 CMakeFiles/Senior.dir/Core/Src/main.c.obj
                0x08003e1c                main
 .text.SystemClock_Config
                0x08003f20       0xac CMakeFiles/Senior.dir/Core/Src/main.c.obj
                0x08003f20                SystemClock_Config
 .text.MX_ADC1_Init
                0x08003fcc       0x7c CMakeFiles/Senior.dir/Core/Src/main.c.obj
 .text.MX_TIM1_Init
                0x08004048      0x140 CMakeFiles/Senior.dir/Core/Src/main.c.obj
 .text.MX_TIM2_Init
                0x08004188       0xc8 CMakeFiles/Senior.dir/Core/Src/main.c.obj
 .text.MX_TIM3_Init
                0x08004250       0xec CMakeFiles/Senior.dir/Core/Src/main.c.obj
 .text.MX_TIM4_Init
                0x0800433c       0xa8 CMakeFiles/Senior.dir/Core/Src/main.c.obj
 .text.MX_USART2_UART_Init
                0x080043e4       0x54 CMakeFiles/Senior.dir/Core/Src/main.c.obj
 .text.MX_DMA_Init
                0x08004438       0x5c CMakeFiles/Senior.dir/Core/Src/main.c.obj
 .text.MX_GPIO_Init
                0x08004494      0x104 CMakeFiles/Senior.dir/Core/Src/main.c.obj
 .text.Apply_EMA_filter
                0x08004598       0x94 CMakeFiles/Senior.dir/Core/Src/main.c.obj
                0x08004598                Apply_EMA_filter
 .text.Reset_Experiment_State
                0x0800462c       0xe0 CMakeFiles/Senior.dir/Core/Src/main.c.obj
                0x0800462c                Reset_Experiment_State
 .text.Motor_Steps
                0x0800470c       0x5c CMakeFiles/Senior.dir/Core/Src/main.c.obj
                0x0800470c                Motor_Steps
 .text.HAL_TIM_PWM_PulseFinishedCallback
                0x08004768       0xac CMakeFiles/Senior.dir/Core/Src/main.c.obj
                0x08004768                HAL_TIM_PWM_PulseFinishedCallback
 .text.Motor_Enable
                0x08004814      0x14c CMakeFiles/Senior.dir/Core/Src/main.c.obj
                0x08004814                Motor_Enable
 .text.Motor_SetDirection
                0x08004960       0x34 CMakeFiles/Senior.dir/Core/Src/main.c.obj
                0x08004960                Motor_SetDirection
 .text.Motor_SetPWM
                0x08004994       0x18 CMakeFiles/Senior.dir/Core/Src/main.c.obj
                0x08004994                Motor_SetPWM
 .text.HAL_TIM_PeriodElapsedCallback
                0x080049ac       0x74 CMakeFiles/Senior.dir/Core/Src/main.c.obj
                0x080049ac                HAL_TIM_PeriodElapsedCallback
 .text.Calculate_Torque
                0x08004a20       0x48 CMakeFiles/Senior.dir/Core/Src/main.c.obj
                0x08004a20                Calculate_Torque
 .text.HAL_UART_RxCpltCallback
                0x08004a68      0x488 CMakeFiles/Senior.dir/Core/Src/main.c.obj
                0x08004a68                HAL_UART_RxCpltCallback
 .text.HAL_UART_TxCpltCallback
                0x08004ef0       0x2c CMakeFiles/Senior.dir/Core/Src/main.c.obj
                0x08004ef0                HAL_UART_TxCpltCallback
 .text.GetMicroseconds
                0x08004f1c       0x54 CMakeFiles/Senior.dir/Core/Src/main.c.obj
                0x08004f1c                GetMicroseconds
 .text.Tare_Torque_Sensor
                0x08004f70       0x5c CMakeFiles/Senior.dir/Core/Src/main.c.obj
                0x08004f70                Tare_Torque_Sensor
 .text.Stream_Data
                0x08004fcc      0x11c CMakeFiles/Senior.dir/Core/Src/main.c.obj
                0x08004fcc                Stream_Data
 .text.HAL_ADC_ConvCpltCallback
                0x080050e8       0xcc CMakeFiles/Senior.dir/Core/Src/main.c.obj
                0x080050e8                HAL_ADC_ConvCpltCallback
 .text.Error_Handler
                0x080051b4        0xc CMakeFiles/Senior.dir/Core/Src/main.c.obj
                0x080051b4                Error_Handler
 .text.NMI_Handler
                0x080051c0        0x8 CMakeFiles/Senior.dir/Core/Src/stm32f1xx_it.c.obj
                0x080051c0                NMI_Handler
 .text.HardFault_Handler
                0x080051c8        0x8 CMakeFiles/Senior.dir/Core/Src/stm32f1xx_it.c.obj
                0x080051c8                HardFault_Handler
 .text.MemManage_Handler
                0x080051d0        0x8 CMakeFiles/Senior.dir/Core/Src/stm32f1xx_it.c.obj
                0x080051d0                MemManage_Handler
 .text.BusFault_Handler
                0x080051d8        0x8 CMakeFiles/Senior.dir/Core/Src/stm32f1xx_it.c.obj
                0x080051d8                BusFault_Handler
 .text.UsageFault_Handler
                0x080051e0        0x8 CMakeFiles/Senior.dir/Core/Src/stm32f1xx_it.c.obj
                0x080051e0                UsageFault_Handler
 .text.SVC_Handler
                0x080051e8        0xc CMakeFiles/Senior.dir/Core/Src/stm32f1xx_it.c.obj
                0x080051e8                SVC_Handler
 .text.DebugMon_Handler
                0x080051f4        0xc CMakeFiles/Senior.dir/Core/Src/stm32f1xx_it.c.obj
                0x080051f4                DebugMon_Handler
 .text.PendSV_Handler
                0x08005200        0xc CMakeFiles/Senior.dir/Core/Src/stm32f1xx_it.c.obj
                0x08005200                PendSV_Handler
 .text.SysTick_Handler
                0x0800520c        0xc CMakeFiles/Senior.dir/Core/Src/stm32f1xx_it.c.obj
                0x0800520c                SysTick_Handler
 .text.DMA1_Channel1_IRQHandler
                0x08005218       0x14 CMakeFiles/Senior.dir/Core/Src/stm32f1xx_it.c.obj
                0x08005218                DMA1_Channel1_IRQHandler
 .text.DMA1_Channel6_IRQHandler
                0x0800522c       0x14 CMakeFiles/Senior.dir/Core/Src/stm32f1xx_it.c.obj
                0x0800522c                DMA1_Channel6_IRQHandler
 .text.DMA1_Channel7_IRQHandler
                0x08005240       0x14 CMakeFiles/Senior.dir/Core/Src/stm32f1xx_it.c.obj
                0x08005240                DMA1_Channel7_IRQHandler
 .text.TIM1_UP_IRQHandler
                0x08005254       0x14 CMakeFiles/Senior.dir/Core/Src/stm32f1xx_it.c.obj
                0x08005254                TIM1_UP_IRQHandler
 .text.TIM2_IRQHandler
                0x08005268       0x14 CMakeFiles/Senior.dir/Core/Src/stm32f1xx_it.c.obj
                0x08005268                TIM2_IRQHandler
 .text.TIM3_IRQHandler
                0x0800527c       0x14 CMakeFiles/Senior.dir/Core/Src/stm32f1xx_it.c.obj
                0x0800527c                TIM3_IRQHandler
 .text.USART2_IRQHandler
                0x08005290       0x14 CMakeFiles/Senior.dir/Core/Src/stm32f1xx_it.c.obj
                0x08005290                USART2_IRQHandler
 .text.EXTI15_10_IRQHandler
                0x080052a4       0x10 CMakeFiles/Senior.dir/Core/Src/stm32f1xx_it.c.obj
                0x080052a4                EXTI15_10_IRQHandler
 .text.HAL_MspInit
                0x080052b4       0x64 CMakeFiles/Senior.dir/Core/Src/stm32f1xx_hal_msp.c.obj
                0x080052b4                HAL_MspInit
 .text.HAL_ADC_MspInit
                0x08005318       0xd0 CMakeFiles/Senior.dir/Core/Src/stm32f1xx_hal_msp.c.obj
                0x08005318                HAL_ADC_MspInit
 .text.HAL_TIM_Base_MspInit
                0x080053e8       0xb8 CMakeFiles/Senior.dir/Core/Src/stm32f1xx_hal_msp.c.obj
                0x080053e8                HAL_TIM_Base_MspInit
 .text.HAL_TIM_Encoder_MspInit
                0x080054a0       0x7c CMakeFiles/Senior.dir/Core/Src/stm32f1xx_hal_msp.c.obj
                0x080054a0                HAL_TIM_Encoder_MspInit
 .text.HAL_TIM_MspPostInit
                0x0800551c       0xa8 CMakeFiles/Senior.dir/Core/Src/stm32f1xx_hal_msp.c.obj
                0x0800551c                HAL_TIM_MspPostInit
 .text.HAL_UART_MspInit
                0x080055c4      0x138 CMakeFiles/Senior.dir/Core/Src/stm32f1xx_hal_msp.c.obj
                0x080055c4                HAL_UART_MspInit
 .text.HAL_ADC_Init
                0x080056fc      0x1b0 CMakeFiles/Senior.dir/Drivers/STM32F1xx_HAL_Driver/Src/stm32f1xx_hal_adc.c.obj
                0x080056fc                HAL_ADC_Init
 .text.HAL_ADC_Start
                0x080058ac      0x15c CMakeFiles/Senior.dir/Drivers/STM32F1xx_HAL_Driver/Src/stm32f1xx_hal_adc.c.obj
                0x080058ac                HAL_ADC_Start
 .text.HAL_ADC_Stop
                0x08005a08       0x58 CMakeFiles/Senior.dir/Drivers/STM32F1xx_HAL_Driver/Src/stm32f1xx_hal_adc.c.obj
                0x08005a08                HAL_ADC_Stop
 .text.HAL_ADC_PollForConversion
                0x08005a60      0x1f4 CMakeFiles/Senior.dir/Drivers/STM32F1xx_HAL_Driver/Src/stm32f1xx_hal_adc.c.obj
                0x08005a60                HAL_ADC_PollForConversion
 .text.HAL_ADC_Start_DMA
                0x08005c54      0x1bc CMakeFiles/Senior.dir/Drivers/STM32F1xx_HAL_Driver/Src/stm32f1xx_hal_adc.c.obj
                0x08005c54                HAL_ADC_Start_DMA
 .text.HAL_ADC_GetValue
                0x08005e10       0x18 CMakeFiles/Senior.dir/Drivers/STM32F1xx_HAL_Driver/Src/stm32f1xx_hal_adc.c.obj
                0x08005e10                HAL_ADC_GetValue
 .text.HAL_ADC_ConvHalfCpltCallback
                0x08005e28       0x12 CMakeFiles/Senior.dir/Drivers/STM32F1xx_HAL_Driver/Src/stm32f1xx_hal_adc.c.obj
                0x08005e28                HAL_ADC_ConvHalfCpltCallback
 .text.HAL_ADC_ErrorCallback
                0x08005e3a       0x12 CMakeFiles/Senior.dir/Drivers/STM32F1xx_HAL_Driver/Src/stm32f1xx_hal_adc.c.obj
                0x08005e3a                HAL_ADC_ErrorCallback
 .text.HAL_ADC_ConfigChannel
                0x08005e4c      0x1f0 CMakeFiles/Senior.dir/Drivers/STM32F1xx_HAL_Driver/Src/stm32f1xx_hal_adc.c.obj
                0x08005e4c                HAL_ADC_ConfigChannel
 .text.ADC_Enable
                0x0800603c       0xa4 CMakeFiles/Senior.dir/Drivers/STM32F1xx_HAL_Driver/Src/stm32f1xx_hal_adc.c.obj
                0x0800603c                ADC_Enable
 .text.ADC_ConversionStop_Disable
                0x080060e0       0x74 CMakeFiles/Senior.dir/Drivers/STM32F1xx_HAL_Driver/Src/stm32f1xx_hal_adc.c.obj
                0x080060e0                ADC_ConversionStop_Disable
 .text.ADC_DMAConvCplt
                0x08006154       0x7c CMakeFiles/Senior.dir/Drivers/STM32F1xx_HAL_Driver/Src/stm32f1xx_hal_adc.c.obj
                0x08006154                ADC_DMAConvCplt
 .text.ADC_DMAHalfConvCplt
                0x080061d0       0x1c CMakeFiles/Senior.dir/Drivers/STM32F1xx_HAL_Driver/Src/stm32f1xx_hal_adc.c.obj
                0x080061d0                ADC_DMAHalfConvCplt
 .text.ADC_DMAError
                0x080061ec       0x34 CMakeFiles/Senior.dir/Drivers/STM32F1xx_HAL_Driver/Src/stm32f1xx_hal_adc.c.obj
                0x080061ec                ADC_DMAError
 .text.HAL_ADCEx_Calibration_Start
                0x08006220      0x138 CMakeFiles/Senior.dir/Drivers/STM32F1xx_HAL_Driver/Src/stm32f1xx_hal_adc_ex.c.obj
                0x08006220                HAL_ADCEx_Calibration_Start
 .text.HAL_Init
                0x08006358       0x2c CMakeFiles/Senior.dir/Drivers/STM32F1xx_HAL_Driver/Src/stm32f1xx_hal.c.obj
                0x08006358                HAL_Init
 .text.HAL_InitTick
                0x08006384       0x60 CMakeFiles/Senior.dir/Drivers/STM32F1xx_HAL_Driver/Src/stm32f1xx_hal.c.obj
                0x08006384                HAL_InitTick
 .text.HAL_IncTick
                0x080063e4       0x24 CMakeFiles/Senior.dir/Drivers/STM32F1xx_HAL_Driver/Src/stm32f1xx_hal.c.obj
                0x080063e4                HAL_IncTick
 .text.HAL_GetTick
                0x08006408       0x14 CMakeFiles/Senior.dir/Drivers/STM32F1xx_HAL_Driver/Src/stm32f1xx_hal.c.obj
                0x08006408                HAL_GetTick
 .text.HAL_RCC_OscConfig
                0x0800641c      0x504 CMakeFiles/Senior.dir/Drivers/STM32F1xx_HAL_Driver/Src/stm32f1xx_hal_rcc.c.obj
                0x0800641c                HAL_RCC_OscConfig
 .text.HAL_RCC_ClockConfig
                0x08006920      0x1d4 CMakeFiles/Senior.dir/Drivers/STM32F1xx_HAL_Driver/Src/stm32f1xx_hal_rcc.c.obj
                0x08006920                HAL_RCC_ClockConfig
 .text.HAL_RCC_GetSysClockFreq
                0x08006af4       0xbc CMakeFiles/Senior.dir/Drivers/STM32F1xx_HAL_Driver/Src/stm32f1xx_hal_rcc.c.obj
                0x08006af4                HAL_RCC_GetSysClockFreq
 .text.HAL_RCC_GetHCLKFreq
                0x08006bb0       0x14 CMakeFiles/Senior.dir/Drivers/STM32F1xx_HAL_Driver/Src/stm32f1xx_hal_rcc.c.obj
                0x08006bb0                HAL_RCC_GetHCLKFreq
 .text.HAL_RCC_GetPCLK1Freq
                0x08006bc4       0x28 CMakeFiles/Senior.dir/Drivers/STM32F1xx_HAL_Driver/Src/stm32f1xx_hal_rcc.c.obj
                0x08006bc4                HAL_RCC_GetPCLK1Freq
 .text.HAL_RCC_GetPCLK2Freq
                0x08006bec       0x28 CMakeFiles/Senior.dir/Drivers/STM32F1xx_HAL_Driver/Src/stm32f1xx_hal_rcc.c.obj
                0x08006bec                HAL_RCC_GetPCLK2Freq
 .text.RCC_Delay
                0x08006c14       0x3c CMakeFiles/Senior.dir/Drivers/STM32F1xx_HAL_Driver/Src/stm32f1xx_hal_rcc.c.obj
 .text.HAL_RCCEx_PeriphCLKConfig
                0x08006c50      0x16c CMakeFiles/Senior.dir/Drivers/STM32F1xx_HAL_Driver/Src/stm32f1xx_hal_rcc_ex.c.obj
                0x08006c50                HAL_RCCEx_PeriphCLKConfig
 .text.HAL_RCCEx_GetPeriphCLKFreq
                0x08006dbc      0x180 CMakeFiles/Senior.dir/Drivers/STM32F1xx_HAL_Driver/Src/stm32f1xx_hal_rcc_ex.c.obj
                0x08006dbc                HAL_RCCEx_GetPeriphCLKFreq
 .text.HAL_GPIO_Init
                0x08006f3c      0x308 CMakeFiles/Senior.dir/Drivers/STM32F1xx_HAL_Driver/Src/stm32f1xx_hal_gpio.c.obj
                0x08006f3c                HAL_GPIO_Init
 .text.HAL_GPIO_WritePin
                0x08007244       0x30 CMakeFiles/Senior.dir/Drivers/STM32F1xx_HAL_Driver/Src/stm32f1xx_hal_gpio.c.obj
                0x08007244                HAL_GPIO_WritePin
 .text.HAL_GPIO_TogglePin
                0x08007274       0x30 CMakeFiles/Senior.dir/Drivers/STM32F1xx_HAL_Driver/Src/stm32f1xx_hal_gpio.c.obj
                0x08007274                HAL_GPIO_TogglePin
 .text.HAL_GPIO_EXTI_IRQHandler
                0x080072a4       0x30 CMakeFiles/Senior.dir/Drivers/STM32F1xx_HAL_Driver/Src/stm32f1xx_hal_gpio.c.obj
                0x080072a4                HAL_GPIO_EXTI_IRQHandler
 .text.HAL_GPIO_EXTI_Callback
                0x080072d4       0x14 CMakeFiles/Senior.dir/Drivers/STM32F1xx_HAL_Driver/Src/stm32f1xx_hal_gpio.c.obj
                0x080072d4                HAL_GPIO_EXTI_Callback
 .text.HAL_DMA_Init
                0x080072e8       0xb4 CMakeFiles/Senior.dir/Drivers/STM32F1xx_HAL_Driver/Src/stm32f1xx_hal_dma.c.obj
                0x080072e8                HAL_DMA_Init
 .text.HAL_DMA_Start_IT
                0x0800739c       0xbe CMakeFiles/Senior.dir/Drivers/STM32F1xx_HAL_Driver/Src/stm32f1xx_hal_dma.c.obj
                0x0800739c                HAL_DMA_Start_IT
 *fill*         0x0800745a        0x2 
 .text.HAL_DMA_Abort_IT
                0x0800745c       0xec CMakeFiles/Senior.dir/Drivers/STM32F1xx_HAL_Driver/Src/stm32f1xx_hal_dma.c.obj
                0x0800745c                HAL_DMA_Abort_IT
 .text.HAL_DMA_IRQHandler
                0x08007548      0x20c CMakeFiles/Senior.dir/Drivers/STM32F1xx_HAL_Driver/Src/stm32f1xx_hal_dma.c.obj
                0x08007548                HAL_DMA_IRQHandler
 .text.DMA_SetConfig
                0x08007754       0x5a CMakeFiles/Senior.dir/Drivers/STM32F1xx_HAL_Driver/Src/stm32f1xx_hal_dma.c.obj
 *fill*         0x080077ae        0x2 
 .text.__NVIC_SetPriorityGrouping
                0x080077b0       0x48 CMakeFiles/Senior.dir/Drivers/STM32F1xx_HAL_Driver/Src/stm32f1xx_hal_cortex.c.obj
 .text.__NVIC_GetPriorityGrouping
                0x080077f8       0x1c CMakeFiles/Senior.dir/Drivers/STM32F1xx_HAL_Driver/Src/stm32f1xx_hal_cortex.c.obj
 .text.__NVIC_EnableIRQ
                0x08007814       0x38 CMakeFiles/Senior.dir/Drivers/STM32F1xx_HAL_Driver/Src/stm32f1xx_hal_cortex.c.obj
 .text.__NVIC_SetPriority
                0x0800784c       0x54 CMakeFiles/Senior.dir/Drivers/STM32F1xx_HAL_Driver/Src/stm32f1xx_hal_cortex.c.obj
 .text.NVIC_EncodePriority
                0x080078a0       0x64 CMakeFiles/Senior.dir/Drivers/STM32F1xx_HAL_Driver/Src/stm32f1xx_hal_cortex.c.obj
 .text.SysTick_Config
                0x08007904       0x44 CMakeFiles/Senior.dir/Drivers/STM32F1xx_HAL_Driver/Src/stm32f1xx_hal_cortex.c.obj
 .text.HAL_NVIC_SetPriorityGrouping
                0x08007948       0x16 CMakeFiles/Senior.dir/Drivers/STM32F1xx_HAL_Driver/Src/stm32f1xx_hal_cortex.c.obj
                0x08007948                HAL_NVIC_SetPriorityGrouping
 .text.HAL_NVIC_SetPriority
                0x0800795e       0x38 CMakeFiles/Senior.dir/Drivers/STM32F1xx_HAL_Driver/Src/stm32f1xx_hal_cortex.c.obj
                0x0800795e                HAL_NVIC_SetPriority
 .text.HAL_NVIC_EnableIRQ
                0x08007996       0x1c CMakeFiles/Senior.dir/Drivers/STM32F1xx_HAL_Driver/Src/stm32f1xx_hal_cortex.c.obj
                0x08007996                HAL_NVIC_EnableIRQ
 .text.HAL_SYSTICK_Config
                0x080079b2       0x18 CMakeFiles/Senior.dir/Drivers/STM32F1xx_HAL_Driver/Src/stm32f1xx_hal_cortex.c.obj
                0x080079b2                HAL_SYSTICK_Config
 .text.HAL_TIM_Base_Init
                0x080079ca       0x56 CMakeFiles/Senior.dir/Drivers/STM32F1xx_HAL_Driver/Src/stm32f1xx_hal_tim.c.obj
                0x080079ca                HAL_TIM_Base_Init
 .text.HAL_TIM_Base_Stop
                0x08007a20       0x54 CMakeFiles/Senior.dir/Drivers/STM32F1xx_HAL_Driver/Src/stm32f1xx_hal_tim.c.obj
                0x08007a20                HAL_TIM_Base_Stop
 .text.HAL_TIM_Base_Start_IT
                0x08007a74       0x46 CMakeFiles/Senior.dir/Drivers/STM32F1xx_HAL_Driver/Src/stm32f1xx_hal_tim.c.obj
                0x08007a74                HAL_TIM_Base_Start_IT
 .text.HAL_TIM_OC_Init
                0x08007aba       0x56 CMakeFiles/Senior.dir/Drivers/STM32F1xx_HAL_Driver/Src/stm32f1xx_hal_tim.c.obj
                0x08007aba                HAL_TIM_OC_Init
 .text.HAL_TIM_OC_MspInit
                0x08007b10       0x12 CMakeFiles/Senior.dir/Drivers/STM32F1xx_HAL_Driver/Src/stm32f1xx_hal_tim.c.obj
                0x08007b10                HAL_TIM_OC_MspInit
 *fill*         0x08007b22        0x2 
 .text.HAL_TIM_OC_Start
                0x08007b24       0x64 CMakeFiles/Senior.dir/Drivers/STM32F1xx_HAL_Driver/Src/stm32f1xx_hal_tim.c.obj
                0x08007b24                HAL_TIM_OC_Start
 .text.HAL_TIM_OC_Stop
                0x08007b88       0x90 CMakeFiles/Senior.dir/Drivers/STM32F1xx_HAL_Driver/Src/stm32f1xx_hal_tim.c.obj
                0x08007b88                HAL_TIM_OC_Stop
 .text.HAL_TIM_PWM_Init
                0x08007c18       0x56 CMakeFiles/Senior.dir/Drivers/STM32F1xx_HAL_Driver/Src/stm32f1xx_hal_tim.c.obj
                0x08007c18                HAL_TIM_PWM_Init
 .text.HAL_TIM_PWM_MspInit
                0x08007c6e       0x12 CMakeFiles/Senior.dir/Drivers/STM32F1xx_HAL_Driver/Src/stm32f1xx_hal_tim.c.obj
                0x08007c6e                HAL_TIM_PWM_MspInit
 .text.HAL_TIM_PWM_Start_IT
                0x08007c80       0xf0 CMakeFiles/Senior.dir/Drivers/STM32F1xx_HAL_Driver/Src/stm32f1xx_hal_tim.c.obj
                0x08007c80                HAL_TIM_PWM_Start_IT
 .text.HAL_TIM_PWM_Stop_IT
                0x08007d70      0x11c CMakeFiles/Senior.dir/Drivers/STM32F1xx_HAL_Driver/Src/stm32f1xx_hal_tim.c.obj
                0x08007d70                HAL_TIM_PWM_Stop_IT
 .text.HAL_TIM_Encoder_Init
                0x08007e8c      0x11c CMakeFiles/Senior.dir/Drivers/STM32F1xx_HAL_Driver/Src/stm32f1xx_hal_tim.c.obj
                0x08007e8c                HAL_TIM_Encoder_Init
 .text.HAL_TIM_Encoder_Start
                0x08007fa8       0x70 CMakeFiles/Senior.dir/Drivers/STM32F1xx_HAL_Driver/Src/stm32f1xx_hal_tim.c.obj
                0x08007fa8                HAL_TIM_Encoder_Start
 .text.HAL_TIM_Encoder_Stop
                0x08008018       0x90 CMakeFiles/Senior.dir/Drivers/STM32F1xx_HAL_Driver/Src/stm32f1xx_hal_tim.c.obj
                0x08008018                HAL_TIM_Encoder_Stop
 .text.HAL_TIM_IRQHandler
                0x080080a8      0x210 CMakeFiles/Senior.dir/Drivers/STM32F1xx_HAL_Driver/Src/stm32f1xx_hal_tim.c.obj
                0x080080a8                HAL_TIM_IRQHandler
 .text.HAL_TIM_OC_ConfigChannel
                0x080082b8       0xc0 CMakeFiles/Senior.dir/Drivers/STM32F1xx_HAL_Driver/Src/stm32f1xx_hal_tim.c.obj
                0x080082b8                HAL_TIM_OC_ConfigChannel
 .text.HAL_TIM_PWM_ConfigChannel
                0x08008378      0x18c CMakeFiles/Senior.dir/Drivers/STM32F1xx_HAL_Driver/Src/stm32f1xx_hal_tim.c.obj
                0x08008378                HAL_TIM_PWM_ConfigChannel
 .text.HAL_TIM_ConfigClockSource
                0x08008504      0x188 CMakeFiles/Senior.dir/Drivers/STM32F1xx_HAL_Driver/Src/stm32f1xx_hal_tim.c.obj
                0x08008504                HAL_TIM_ConfigClockSource
 .text.HAL_TIM_SlaveConfigSynchro
                0x0800868c       0x84 CMakeFiles/Senior.dir/Drivers/STM32F1xx_HAL_Driver/Src/stm32f1xx_hal_tim.c.obj
                0x0800868c                HAL_TIM_SlaveConfigSynchro
 .text.HAL_TIM_OC_DelayElapsedCallback
                0x08008710       0x12 CMakeFiles/Senior.dir/Drivers/STM32F1xx_HAL_Driver/Src/stm32f1xx_hal_tim.c.obj
                0x08008710                HAL_TIM_OC_DelayElapsedCallback
 .text.HAL_TIM_IC_CaptureCallback
                0x08008722       0x12 CMakeFiles/Senior.dir/Drivers/STM32F1xx_HAL_Driver/Src/stm32f1xx_hal_tim.c.obj
                0x08008722                HAL_TIM_IC_CaptureCallback
 .text.HAL_TIM_TriggerCallback
                0x08008734       0x12 CMakeFiles/Senior.dir/Drivers/STM32F1xx_HAL_Driver/Src/stm32f1xx_hal_tim.c.obj
                0x08008734                HAL_TIM_TriggerCallback
 *fill*         0x08008746        0x2 
 .text.TIM_Base_SetConfig
                0x08008748       0xc4 CMakeFiles/Senior.dir/Drivers/STM32F1xx_HAL_Driver/Src/stm32f1xx_hal_tim.c.obj
                0x08008748                TIM_Base_SetConfig
 .text.TIM_OC1_SetConfig
                0x0800880c       0xcc CMakeFiles/Senior.dir/Drivers/STM32F1xx_HAL_Driver/Src/stm32f1xx_hal_tim.c.obj
 .text.TIM_OC2_SetConfig
                0x080088d8       0xd4 CMakeFiles/Senior.dir/Drivers/STM32F1xx_HAL_Driver/Src/stm32f1xx_hal_tim.c.obj
                0x080088d8                TIM_OC2_SetConfig
 .text.TIM_OC3_SetConfig
                0x080089ac       0xd4 CMakeFiles/Senior.dir/Drivers/STM32F1xx_HAL_Driver/Src/stm32f1xx_hal_tim.c.obj
 .text.TIM_OC4_SetConfig
                0x08008a80       0x9c CMakeFiles/Senior.dir/Drivers/STM32F1xx_HAL_Driver/Src/stm32f1xx_hal_tim.c.obj
 .text.TIM_SlaveTimer_SetConfig
                0x08008b1c      0x11c CMakeFiles/Senior.dir/Drivers/STM32F1xx_HAL_Driver/Src/stm32f1xx_hal_tim.c.obj
 .text.TIM_TI1_ConfigInputStage
                0x08008c38       0x5c CMakeFiles/Senior.dir/Drivers/STM32F1xx_HAL_Driver/Src/stm32f1xx_hal_tim.c.obj
 .text.TIM_TI2_ConfigInputStage
                0x08008c94       0x5e CMakeFiles/Senior.dir/Drivers/STM32F1xx_HAL_Driver/Src/stm32f1xx_hal_tim.c.obj
 .text.TIM_ITRx_SetConfig
                0x08008cf2       0x34 CMakeFiles/Senior.dir/Drivers/STM32F1xx_HAL_Driver/Src/stm32f1xx_hal_tim.c.obj
 .text.TIM_ETR_SetConfig
                0x08008d26       0x3e CMakeFiles/Senior.dir/Drivers/STM32F1xx_HAL_Driver/Src/stm32f1xx_hal_tim.c.obj
                0x08008d26                TIM_ETR_SetConfig
 .text.TIM_CCxChannelCmd
                0x08008d64       0x48 CMakeFiles/Senior.dir/Drivers/STM32F1xx_HAL_Driver/Src/stm32f1xx_hal_tim.c.obj
                0x08008d64                TIM_CCxChannelCmd
 .text.HAL_TIMEx_MasterConfigSynchronization
                0x08008dac       0x88 CMakeFiles/Senior.dir/Drivers/STM32F1xx_HAL_Driver/Src/stm32f1xx_hal_tim_ex.c.obj
                0x08008dac                HAL_TIMEx_MasterConfigSynchronization
 .text.HAL_TIMEx_ConfigBreakDeadTime
                0x08008e34       0xa2 CMakeFiles/Senior.dir/Drivers/STM32F1xx_HAL_Driver/Src/stm32f1xx_hal_tim_ex.c.obj
                0x08008e34                HAL_TIMEx_ConfigBreakDeadTime
 .text.HAL_TIMEx_CommutCallback
                0x08008ed6       0x12 CMakeFiles/Senior.dir/Drivers/STM32F1xx_HAL_Driver/Src/stm32f1xx_hal_tim_ex.c.obj
                0x08008ed6                HAL_TIMEx_CommutCallback
 .text.HAL_TIMEx_BreakCallback
                0x08008ee8       0x12 CMakeFiles/Senior.dir/Drivers/STM32F1xx_HAL_Driver/Src/stm32f1xx_hal_tim_ex.c.obj
                0x08008ee8                HAL_TIMEx_BreakCallback
 .text.HAL_UART_Init
                0x08008efa       0x9a CMakeFiles/Senior.dir/Drivers/STM32F1xx_HAL_Driver/Src/stm32f1xx_hal_uart.c.obj
                0x08008efa                HAL_UART_Init
 .text.HAL_UART_Transmit
                0x08008f94      0x132 CMakeFiles/Senior.dir/Drivers/STM32F1xx_HAL_Driver/Src/stm32f1xx_hal_uart.c.obj
                0x08008f94                HAL_UART_Transmit
 .text.HAL_UART_Transmit_IT
                0x080090c6       0x88 CMakeFiles/Senior.dir/Drivers/STM32F1xx_HAL_Driver/Src/stm32f1xx_hal_uart.c.obj
                0x080090c6                HAL_UART_Transmit_IT
 .text.HAL_UART_Receive_IT
                0x0800914e       0xa8 CMakeFiles/Senior.dir/Drivers/STM32F1xx_HAL_Driver/Src/stm32f1xx_hal_uart.c.obj
                0x0800914e                HAL_UART_Receive_IT
 *fill*         0x080091f6        0x2 
 .text.HAL_UART_AbortReceive_IT
                0x080091f8       0xb0 CMakeFiles/Senior.dir/Drivers/STM32F1xx_HAL_Driver/Src/stm32f1xx_hal_uart.c.obj
                0x080091f8                HAL_UART_AbortReceive_IT
 .text.HAL_UART_IRQHandler
                0x080092a8      0x1f4 CMakeFiles/Senior.dir/Drivers/STM32F1xx_HAL_Driver/Src/stm32f1xx_hal_uart.c.obj
                0x080092a8                HAL_UART_IRQHandler
 .text.HAL_UART_ErrorCallback
                0x0800949c       0x12 CMakeFiles/Senior.dir/Drivers/STM32F1xx_HAL_Driver/Src/stm32f1xx_hal_uart.c.obj
                0x0800949c                HAL_UART_ErrorCallback
 .text.HAL_UART_AbortReceiveCpltCallback
                0x080094ae       0x12 CMakeFiles/Senior.dir/Drivers/STM32F1xx_HAL_Driver/Src/stm32f1xx_hal_uart.c.obj
                0x080094ae                HAL_UART_AbortReceiveCpltCallback
 .text.UART_WaitOnFlagUntilTimeout
                0x080094c0       0x94 CMakeFiles/Senior.dir/Drivers/STM32F1xx_HAL_Driver/Src/stm32f1xx_hal_uart.c.obj
 .text.UART_EndRxTransfer
                0x08009554       0x3a CMakeFiles/Senior.dir/Drivers/STM32F1xx_HAL_Driver/Src/stm32f1xx_hal_uart.c.obj
 .text.UART_DMAAbortOnError
                0x0800958e       0x28 CMakeFiles/Senior.dir/Drivers/STM32F1xx_HAL_Driver/Src/stm32f1xx_hal_uart.c.obj
 .text.UART_DMARxOnlyAbortCallback
                0x080095b6       0x2a CMakeFiles/Senior.dir/Drivers/STM32F1xx_HAL_Driver/Src/stm32f1xx_hal_uart.c.obj
 .text.UART_Transmit_IT
                0x080095e0       0xaa CMakeFiles/Senior.dir/Drivers/STM32F1xx_HAL_Driver/Src/stm32f1xx_hal_uart.c.obj
 .text.UART_EndTransmit_IT
                0x0800968a       0x30 CMakeFiles/Senior.dir/Drivers/STM32F1xx_HAL_Driver/Src/stm32f1xx_hal_uart.c.obj
 .text.UART_Receive_IT
                0x080096ba      0x102 CMakeFiles/Senior.dir/Drivers/STM32F1xx_HAL_Driver/Src/stm32f1xx_hal_uart.c.obj
 .text.UART_SetConfig
                0x080097bc      0x1b4 CMakeFiles/Senior.dir/Drivers/STM32F1xx_HAL_Driver/Src/stm32f1xx_hal_uart.c.obj
 .text.SystemInit
                0x08009970       0x68 CMakeFiles/Senior.dir/Core/Src/system_stm32f1xx.c.obj
                0x08009970                SystemInit
 .text._sbrk    0x080099d8       0x6c CMakeFiles/Senior.dir/Core/Src/sysmem.c.obj
                0x080099d8                _sbrk
 .text._getpid  0x08009a44        0xe CMakeFiles/Senior.dir/Core/Src/syscalls.c.obj
                0x08009a44                _getpid
 .text._kill    0x08009a52       0x20 CMakeFiles/Senior.dir/Core/Src/syscalls.c.obj
                0x08009a52                _kill
 .text._exit    0x08009a72       0x16 CMakeFiles/Senior.dir/Core/Src/syscalls.c.obj
                0x08009a72                _exit
 .text._read    0x08009a88       0x3a CMakeFiles/Senior.dir/Core/Src/syscalls.c.obj
                0x08009a88                _read
 .text._write   0x08009ac2       0x38 CMakeFiles/Senior.dir/Core/Src/syscalls.c.obj
                0x08009ac2                _write
 .text._close   0x08009afa       0x16 CMakeFiles/Senior.dir/Core/Src/syscalls.c.obj
                0x08009afa                _close
 .text._fstat   0x08009b10       0x1e CMakeFiles/Senior.dir/Core/Src/syscalls.c.obj
                0x08009b10                _fstat
 .text._isatty  0x08009b2e       0x14 CMakeFiles/Senior.dir/Core/Src/syscalls.c.obj
                0x08009b2e                _isatty
 .text._lseek   0x08009b42       0x18 CMakeFiles/Senior.dir/Core/Src/syscalls.c.obj
                0x08009b42                _lseek
 *fill*         0x08009b5a        0x2 
 .text.Reset_Handler
                0x08009b5c       0x48 CMakeFiles/Senior.dir/startup_stm32f103xb.s.obj
                0x08009b5c                Reset_Handler
 .text.Default_Handler
                0x08009ba4        0x2 CMakeFiles/Senior.dir/startup_stm32f103xb.s.obj
                0x08009ba4                RTC_Alarm_IRQHandler
                0x08009ba4                EXTI2_IRQHandler
                0x08009ba4                TIM1_CC_IRQHandler
                0x08009ba4                PVD_IRQHandler
                0x08009ba4                EXTI3_IRQHandler
                0x08009ba4                EXTI0_IRQHandler
                0x08009ba4                I2C2_EV_IRQHandler
                0x08009ba4                ADC1_2_IRQHandler
                0x08009ba4                SPI1_IRQHandler
                0x08009ba4                TAMPER_IRQHandler
                0x08009ba4                DMA1_Channel4_IRQHandler
                0x08009ba4                USART3_IRQHandler
                0x08009ba4                RTC_IRQHandler
                0x08009ba4                CAN1_RX1_IRQHandler
                0x08009ba4                TIM4_IRQHandler
                0x08009ba4                I2C1_EV_IRQHandler
                0x08009ba4                RCC_IRQHandler
                0x08009ba4                TIM1_TRG_COM_IRQHandler
                0x08009ba4                Default_Handler
                0x08009ba4                EXTI9_5_IRQHandler
                0x08009ba4                SPI2_IRQHandler
                0x08009ba4                DMA1_Channel5_IRQHandler
                0x08009ba4                EXTI4_IRQHandler
                0x08009ba4                USB_LP_CAN1_RX0_IRQHandler
                0x08009ba4                USB_HP_CAN1_TX_IRQHandler
                0x08009ba4                DMA1_Channel3_IRQHandler
                0x08009ba4                WWDG_IRQHandler
                0x08009ba4                TIM1_BRK_IRQHandler
                0x08009ba4                EXTI1_IRQHandler
                0x08009ba4                I2C2_ER_IRQHandler
                0x08009ba4                DMA1_Channel2_IRQHandler
                0x08009ba4                CAN1_SCE_IRQHandler
                0x08009ba4                FLASH_IRQHandler
                0x08009ba4                USART1_IRQHandler
                0x08009ba4                I2C1_ER_IRQHandler
                0x08009ba4                USBWakeUp_IRQHandler
 .text.sulp     0x08009ba6       0x42 C:/ST/STM32CubeCLT_1.22.0/GNU-tools-for-STM32/bin/../lib/gcc/arm-none-eabi/14.3.1/../../../../arm-none-eabi/lib/thumb/v7-m/nofp\libg_nano.a(libc_a-strtod.o)
 .text._strtod_l
                0x08009be8      0xba8 C:/ST/STM32CubeCLT_1.22.0/GNU-tools-for-STM32/bin/../lib/gcc/arm-none-eabi/14.3.1/../../../../arm-none-eabi/lib/thumb/v7-m/nofp\libg_nano.a(libc_a-strtod.o)
                0x08009be8                _strtod_l
 .text.strtof   0x0800a790       0xb0 C:/ST/STM32CubeCLT_1.22.0/GNU-tools-for-STM32/bin/../lib/gcc/arm-none-eabi/14.3.1/../../../../arm-none-eabi/lib/thumb/v7-m/nofp\libg_nano.a(libc_a-strtod.o)
                0x0800a790                strtof
 .text.sprintf  0x0800a840       0x44 C:/ST/STM32CubeCLT_1.22.0/GNU-tools-for-STM32/bin/../lib/gcc/arm-none-eabi/14.3.1/../../../../arm-none-eabi/lib/thumb/v7-m/nofp\libg_nano.a(libc_a-sprintf.o)
                0x0800a840                siprintf
                0x0800a840                sprintf
 .text.strncmp  0x0800a884       0x24 C:/ST/STM32CubeCLT_1.22.0/GNU-tools-for-STM32/bin/../lib/gcc/arm-none-eabi/14.3.1/../../../../arm-none-eabi/lib/thumb/v7-m/nofp\libg_nano.a(libc_a-strncmp.o)
                0x0800a884                strncmp
 .text.strtok   0x0800a8a8       0x7c C:/ST/STM32CubeCLT_1.22.0/GNU-tools-for-STM32/bin/../lib/gcc/arm-none-eabi/14.3.1/../../../../arm-none-eabi/lib/thumb/v7-m/nofp\libg_nano.a(libc_a-strtok.o)
                0x0800a8a8                strtok
 .text.__strtok_r
                0x0800a924       0x50 C:/ST/STM32CubeCLT_1.22.0/GNU-tools-for-STM32/bin/../lib/gcc/arm-none-eabi/14.3.1/../../../../arm-none-eabi/lib/thumb/v7-m/nofp\libg_nano.a(libc_a-strtok_r.o)
                0x0800a924                __strtok_r
 .text.__errno  0x0800a974        0xc C:/ST/STM32CubeCLT_1.22.0/GNU-tools-for-STM32/bin/../lib/gcc/arm-none-eabi/14.3.1/../../../../arm-none-eabi/lib/thumb/v7-m/nofp\libg_nano.a(libc_a-errno.o)
                0x0800a974                __errno
 .text.nan      0x0800a980        0xc C:/ST/STM32CubeCLT_1.22.0/GNU-tools-for-STM32/bin/../lib/gcc/arm-none-eabi/14.3.1/../../../../arm-none-eabi/lib/thumb/v7-m/nofp\libg_nano.a(libm_a-s_nan.o)
                0x0800a980                nan
 .text.nanf     0x0800a98c        0x8 C:/ST/STM32CubeCLT_1.22.0/GNU-tools-for-STM32/bin/../lib/gcc/arm-none-eabi/14.3.1/../../../../arm-none-eabi/lib/thumb/v7-m/nofp\libg_nano.a(libm_a-sf_nan.o)
                0x0800a98c                nanf
 .text.rshift   0x0800a994       0xa6 C:/ST/STM32CubeCLT_1.22.0/GNU-tools-for-STM32/bin/../lib/gcc/arm-none-eabi/14.3.1/../../../../arm-none-eabi/lib/thumb/v7-m/nofp\libg_nano.a(libc_a-gdtoa-gethex.o)
 .text.__hexdig_fun
                0x0800aa3a       0x2a C:/ST/STM32CubeCLT_1.22.0/GNU-tools-for-STM32/bin/../lib/gcc/arm-none-eabi/14.3.1/../../../../arm-none-eabi/lib/thumb/v7-m/nofp\libg_nano.a(libc_a-gdtoa-gethex.o)
                0x0800aa3a                __hexdig_fun
 .text.__gethex
                0x0800aa64      0x420 C:/ST/STM32CubeCLT_1.22.0/GNU-tools-for-STM32/bin/../lib/gcc/arm-none-eabi/14.3.1/../../../../arm-none-eabi/lib/thumb/v7-m/nofp\libg_nano.a(libc_a-gdtoa-gethex.o)
                0x0800aa64                __gethex
 .text.L_shift  0x0800ae84       0x24 C:/ST/STM32CubeCLT_1.22.0/GNU-tools-for-STM32/bin/../lib/gcc/arm-none-eabi/14.3.1/../../../../arm-none-eabi/lib/thumb/v7-m/nofp\libg_nano.a(libc_a-gdtoa-hexnan.o)
 .text.__match  0x0800aea8       0x28 C:/ST/STM32CubeCLT_1.22.0/GNU-tools-for-STM32/bin/../lib/gcc/arm-none-eabi/14.3.1/../../../../arm-none-eabi/lib/thumb/v7-m/nofp\libg_nano.a(libc_a-gdtoa-hexnan.o)
                0x0800aea8                __match
 .text.__hexnan
                0x0800aed0      0x13a C:/ST/STM32CubeCLT_1.22.0/GNU-tools-for-STM32/bin/../lib/gcc/arm-none-eabi/14.3.1/../../../../arm-none-eabi/lib/thumb/v7-m/nofp\libg_nano.a(libc_a-gdtoa-hexnan.o)
                0x0800aed0                __hexnan
 .text.__ssputs_r
                0x0800b00a       0xc0 C:/ST/STM32CubeCLT_1.22.0/GNU-tools-for-STM32/bin/../lib/gcc/arm-none-eabi/14.3.1/../../../../arm-none-eabi/lib/thumb/v7-m/nofp\libg_nano.a(libc_a-nano-svfprintf.o)
                0x0800b00a                __ssputs_r
 *fill*         0x0800b0ca        0x2 
 .text._svfprintf_r
                0x0800b0cc      0x1f0 C:/ST/STM32CubeCLT_1.22.0/GNU-tools-for-STM32/bin/../lib/gcc/arm-none-eabi/14.3.1/../../../../arm-none-eabi/lib/thumb/v7-m/nofp\libg_nano.a(libc_a-nano-svfprintf.o)
                0x0800b0cc                _svfiprintf_r
                0x0800b0cc                _svfprintf_r
 *(.glue_7)
 .glue_7        0x0800b2bc        0x0 linker stubs
 *(.glue_7t)
 .glue_7t       0x0800b2bc        0x0 linker stubs
 *(.eh_frame)
 .eh_frame      0x0800b2bc        0x0 C:/ST/STM32CubeCLT_1.22.0/GNU-tools-for-STM32/bin/../lib/gcc/arm-none-eabi/14.3.1/thumb/v7-m/nofp/crtbegin.o
 *(.init)
 .init          0x0800b2bc        0x4 C:/ST/STM32CubeCLT_1.22.0/GNU-tools-for-STM32/bin/../lib/gcc/arm-none-eabi/14.3.1/thumb/v7-m/nofp/crti.o
                0x0800b2bc                _init
 .init          0x0800b2c0        0x8 C:/ST/STM32CubeCLT_1.22.0/GNU-tools-for-STM32/bin/../lib/gcc/arm-none-eabi/14.3.1/thumb/v7-m/nofp/crtn.o
 *(.fini)
 .fini          0x0800b2c8        0x4 C:/ST/STM32CubeCLT_1.22.0/GNU-tools-for-STM32/bin/../lib/gcc/arm-none-eabi/14.3.1/thumb/v7-m/nofp/crti.o
                0x0800b2c8                _fini
 .fini          0x0800b2cc        0x8 C:/ST/STM32CubeCLT_1.22.0/GNU-tools-for-STM32/bin/../lib/gcc/arm-none-eabi/14.3.1/thumb/v7-m/nofp/crtn.o
                0x0800b2d4                        . = ALIGN (0x4)
                0x0800b2d4                        _etext = .

.vfp11_veneer   0x0800b2d4        0x0
 .vfp11_veneer  0x0800b2d4        0x0 linker stubs

.v4_bx          0x0800b2d4        0x0
 .v4_bx         0x0800b2d4        0x0 linker stubs

.iplt           0x0800b2d4        0x0
 .iplt          0x0800b2d4        0x0 C:/ST/STM32CubeCLT_1.22.0/GNU-tools-for-STM32/bin/../lib/gcc/arm-none-eabi/14.3.1/thumb/v7-m/nofp/crtbegin.o

.rodata         0x0800b2d8      0x4e8
                0x0800b2d8                        . = ALIGN (0x4)
 *(.rodata)
 .rodata        0x0800b2d8       0x2d CMakeFiles/Senior.dir/Core/Src/main.c.obj
 *fill*         0x0800b305        0x3 
 .rodata        0x0800b308       0x10 CMakeFiles/Senior.dir/Drivers/STM32F1xx_HAL_Driver/Src/stm32f1xx_hal_rcc.c.obj
 .rodata        0x0800b318       0x10 CMakeFiles/Senior.dir/Drivers/STM32F1xx_HAL_Driver/Src/stm32f1xx_hal_rcc_ex.c.obj
 *(.rodata*)
 .rodata._printf_float.str1.1
                0x0800b328      0x22b C:/ST/STM32CubeCLT_1.22.0/GNU-tools-for-STM32/bin/../lib/gcc/arm-none-eabi/14.3.1/../../../../arm-none-eabi/lib/thumb/v7-m/nofp\libc_nano.a(libc_a-nano-vfprintf_float.o)
                                 0x12 (size before relaxing)
 .rodata._printf_i.str1.1
                0x0800b553       0x22 C:/ST/STM32CubeCLT_1.22.0/GNU-tools-for-STM32/bin/../lib/gcc/arm-none-eabi/14.3.1/../../../../arm-none-eabi/lib/thumb/v7-m/nofp\libc_nano.a(libc_a-nano-vfprintf_i.o)
 .rodata._dtoa_r.str1.1
                0x0800b553       0x8f C:/ST/STM32CubeCLT_1.22.0/GNU-tools-for-STM32/bin/../lib/gcc/arm-none-eabi/14.3.1/../../../../arm-none-eabi/lib/thumb/v7-m/nofp\libc_nano.a(libc_a-dtoa.o)
 .rodata._Balloc.str1.1
                0x0800b553       0x70 C:/ST/STM32CubeCLT_1.22.0/GNU-tools-for-STM32/bin/../lib/gcc/arm-none-eabi/14.3.1/../../../../arm-none-eabi/lib/thumb/v7-m/nofp\libc_nano.a(libc_a-mprec.o)
 .rodata.__multadd.str1.1
                0x0800b553       0x11 C:/ST/STM32CubeCLT_1.22.0/GNU-tools-for-STM32/bin/../lib/gcc/arm-none-eabi/14.3.1/../../../../arm-none-eabi/lib/thumb/v7-m/nofp\libc_nano.a(libc_a-mprec.o)
 *fill*         0x0800b553        0x1 
 .rodata.p05.0  0x0800b554        0xc C:/ST/STM32CubeCLT_1.22.0/GNU-tools-for-STM32/bin/../lib/gcc/arm-none-eabi/14.3.1/../../../../arm-none-eabi/lib/thumb/v7-m/nofp\libc_nano.a(libc_a-mprec.o)
 .rodata.__mprec_bigtens
                0x0800b560       0x28 C:/ST/STM32CubeCLT_1.22.0/GNU-tools-for-STM32/bin/../lib/gcc/arm-none-eabi/14.3.1/../../../../arm-none-eabi/lib/thumb/v7-m/nofp\libc_nano.a(libc_a-mprec.o)
                0x0800b560                __mprec_bigtens
 .rodata.__mprec_tens
                0x0800b588       0xc8 C:/ST/STM32CubeCLT_1.22.0/GNU-tools-for-STM32/bin/../lib/gcc/arm-none-eabi/14.3.1/../../../../arm-none-eabi/lib/thumb/v7-m/nofp\libc_nano.a(libc_a-mprec.o)
                0x0800b588                __mprec_tens
 .rodata._setlocale_r.str1.1
                0x0800b650        0x9 C:/ST/STM32CubeCLT_1.22.0/GNU-tools-for-STM32/bin/../lib/gcc/arm-none-eabi/14.3.1/../../../../arm-none-eabi/lib/thumb/v7-m/nofp\libc_nano.a(libc_a-locale.o)
 .rodata.str1.1
                0x0800b650        0x2 C:/ST/STM32CubeCLT_1.22.0/GNU-tools-for-STM32/bin/../lib/gcc/arm-none-eabi/14.3.1/../../../../arm-none-eabi/lib/thumb/v7-m/nofp\libc_nano.a(libc_a-locale.o)
 .rodata.__assert_func.str1.1
                0x0800b650       0x3d C:/ST/STM32CubeCLT_1.22.0/GNU-tools-for-STM32/bin/../lib/gcc/arm-none-eabi/14.3.1/../../../../arm-none-eabi/lib/thumb/v7-m/nofp\libc_nano.a(libc_a-assert.o)
 .rodata._ctype_
                0x0800b650      0x101 C:/ST/STM32CubeCLT_1.22.0/GNU-tools-for-STM32/bin/../lib/gcc/arm-none-eabi/14.3.1/../../../../arm-none-eabi/lib/thumb/v7-m/nofp\libc_nano.a(libc_a-ctype_.o)
                0x0800b650                _ctype_
 .rodata._vfprintf_r.str1.1
                0x0800b751       0x11 C:/ST/STM32CubeCLT_1.22.0/GNU-tools-for-STM32/bin/../lib/gcc/arm-none-eabi/14.3.1/../../../../arm-none-eabi/lib/thumb/v7-m/nofp\libc_nano.a(libc_a-nano-vfprintf.o)
 *fill*         0x0800b751        0x3 
 .rodata.AHBPrescTable
                0x0800b754       0x10 CMakeFiles/Senior.dir/Core/Src/system_stm32f1xx.c.obj
                0x0800b754                AHBPrescTable
 .rodata.APBPrescTable
                0x0800b764        0x8 CMakeFiles/Senior.dir/Core/Src/system_stm32f1xx.c.obj
                0x0800b764                APBPrescTable
 .rodata._strtod_l.str1.1
                0x0800b76c        0xf C:/ST/STM32CubeCLT_1.22.0/GNU-tools-for-STM32/bin/../lib/gcc/arm-none-eabi/14.3.1/../../../../arm-none-eabi/lib/thumb/v7-m/nofp\libg_nano.a(libc_a-strtod.o)
 .rodata.fpinan.0
                0x0800b76c       0x14 C:/ST/STM32CubeCLT_1.22.0/GNU-tools-for-STM32/bin/../lib/gcc/arm-none-eabi/14.3.1/../../../../arm-none-eabi/lib/thumb/v7-m/nofp\libg_nano.a(libc_a-strtod.o)
 .rodata.fpi.1  0x0800b780       0x14 C:/ST/STM32CubeCLT_1.22.0/GNU-tools-for-STM32/bin/../lib/gcc/arm-none-eabi/14.3.1/../../../../arm-none-eabi/lib/thumb/v7-m/nofp\libg_nano.a(libc_a-strtod.o)
 *fill*         0x0800b794        0x4 
 .rodata.tinytens
                0x0800b798       0x28 C:/ST/STM32CubeCLT_1.22.0/GNU-tools-for-STM32/bin/../lib/gcc/arm-none-eabi/14.3.1/../../../../arm-none-eabi/lib/thumb/v7-m/nofp\libg_nano.a(libc_a-strtod.o)
 .rodata.strtok.str1.1
                0x0800b7c0       0x71 C:/ST/STM32CubeCLT_1.22.0/GNU-tools-for-STM32/bin/../lib/gcc/arm-none-eabi/14.3.1/../../../../arm-none-eabi/lib/thumb/v7-m/nofp\libg_nano.a(libc_a-strtok.o)
 .rodata.__gethex.str1.1
                0x0800b7c0       0x73 C:/ST/STM32CubeCLT_1.22.0/GNU-tools-for-STM32/bin/../lib/gcc/arm-none-eabi/14.3.1/../../../../arm-none-eabi/lib/thumb/v7-m/nofp\libg_nano.a(libc_a-gdtoa-gethex.o)
 .rodata._svfprintf_r.str1.1
                0x0800b7c0       0x11 C:/ST/STM32CubeCLT_1.22.0/GNU-tools-for-STM32/bin/../lib/gcc/arm-none-eabi/14.3.1/../../../../arm-none-eabi/lib/thumb/v7-m/nofp\libg_nano.a(libc_a-nano-svfprintf.o)
                0x0800b834                        . = ALIGN (0x4)

.ARM.extab
 *(.ARM.extab* .gnu.linkonce.armextab.*)

.ARM            0x0800b7c0        0x8
                0x0800b7c0                        __exidx_start = .
 *(.ARM.exidx*)
 .ARM.exidx     0x0800b7c0        0x8 C:/ST/STM32CubeCLT_1.22.0/GNU-tools-for-STM32/bin/../lib/gcc/arm-none-eabi/14.3.1/../../../../arm-none-eabi/lib/thumb/v7-m/nofp\libc_nano.a(libc_a-strlen.o)
                0x0800b7c8                        __exidx_end = .

.rel.dyn        0x0800b7c8        0x0
 .rel.iplt      0x0800b7c8        0x0 C:/ST/STM32CubeCLT_1.22.0/GNU-tools-for-STM32/bin/../lib/gcc/arm-none-eabi/14.3.1/thumb/v7-m/nofp/crtbegin.o

.preinit_array  0x0800b7c8        0x0
                0x0800b7c8                        PROVIDE (__preinit_array_start = .)
 *(.preinit_array*)
                0x0800b7c8                        PROVIDE (__preinit_array_end = .)

.init_array     0x0800b7c8        0x4
                0x0800b7c8                        PROVIDE (__init_array_start = .)
 *(SORT_BY_NAME(.init_array.*))
 *(.init_array*)
 .init_array    0x0800b7c8        0x4 C:/ST/STM32CubeCLT_1.22.0/GNU-tools-for-STM32/bin/../lib/gcc/arm-none-eabi/14.3.1/thumb/v7-m/nofp/crtbegin.o
                0x0800b7cc                        PROVIDE (__init_array_end = .)

.fini_array     0x0800b7cc        0x4
                [!provide]                        PROVIDE (__fini_array_start = .)
 *(SORT_BY_NAME(.fini_array.*))
 *(.fini_array*)
 .fini_array    0x0800b7cc        0x4 C:/ST/STM32CubeCLT_1.22.0/GNU-tools-for-STM32/bin/../lib/gcc/arm-none-eabi/14.3.1/thumb/v7-m/nofp/crtbegin.o
                [!provide]                        PROVIDE (__fini_array_end = .)
                0x0800b7d0                        _sidata = LOADADDR (.data)

.data           0x20000000      0x1e4 load address 0x0800b7d0
                0x20000000                        . = ALIGN (0x4)
                0x20000000                        _sdata = .
 *(.data)
 *(.data*)
 .data.__sglue  0x20000000        0xc C:/ST/STM32CubeCLT_1.22.0/GNU-tools-for-STM32/bin/../lib/gcc/arm-none-eabi/14.3.1/../../../../arm-none-eabi/lib/thumb/v7-m/nofp\libc_nano.a(libc_a-findfp.o)
                0x20000000                __sglue
 .data._impure_ptr
                0x2000000c        0x4 C:/ST/STM32CubeCLT_1.22.0/GNU-tools-for-STM32/bin/../lib/gcc/arm-none-eabi/14.3.1/../../../../arm-none-eabi/lib/thumb/v7-m/nofp\libc_nano.a(libc_a-impure.o)
                0x2000000c                _impure_ptr
 .data._impure_data
                0x20000010       0x4c C:/ST/STM32CubeCLT_1.22.0/GNU-tools-for-STM32/bin/../lib/gcc/arm-none-eabi/14.3.1/../../../../arm-none-eabi/lib/thumb/v7-m/nofp\libc_nano.a(libc_a-impure.o)
                0x20000010                _impure_data
 .data.__global_locale
                0x2000005c      0x16c C:/ST/STM32CubeCLT_1.22.0/GNU-tools-for-STM32/bin/../lib/gcc/arm-none-eabi/14.3.1/../../../../arm-none-eabi/lib/thumb/v7-m/nofp\libc_nano.a(libc_a-locale.o)
                0x2000005c                __global_locale
 .data.prescaler
                0x200001c8        0x2 CMakeFiles/Senior.dir/Core/Src/main.c.obj
                0x200001c8                prescaler
 .data.steps_per
                0x200001ca        0x2 CMakeFiles/Senior.dir/Core/Src/main.c.obj
                0x200001ca                steps_per
 .data.min_seconds
                0x200001cc        0x2 CMakeFiles/Senior.dir/Core/Src/main.c.obj
                0x200001cc                min_seconds
 *fill*         0x200001ce        0x2 
 .data.clock_frequency
                0x200001d0        0x4 CMakeFiles/Senior.dir/Core/Src/main.c.obj
                0x200001d0                clock_frequency
 .data.num_samples
                0x200001d4        0x4 CMakeFiles/Senior.dir/Core/Src/main.c.obj
                0x200001d4                num_samples
 .data.uwTickPrio
                0x200001d8        0x4 CMakeFiles/Senior.dir/Drivers/STM32F1xx_HAL_Driver/Src/stm32f1xx_hal.c.obj
                0x200001d8                uwTickPrio
 .data.uwTickFreq
                0x200001dc        0x1 CMakeFiles/Senior.dir/Drivers/STM32F1xx_HAL_Driver/Src/stm32f1xx_hal.c.obj
                0x200001dc                uwTickFreq
 *fill*         0x200001dd        0x3 
 .data.SystemCoreClock
                0x200001e0        0x4 CMakeFiles/Senior.dir/Core/Src/system_stm32f1xx.c.obj
                0x200001e0                SystemCoreClock
                0x200001e4                        . = ALIGN (0x4)
                0x200001e4                        _edata = .

.igot.plt       0x200001e4        0x0 load address 0x0800b9b4
 .igot.plt      0x200001e4        0x0 C:/ST/STM32CubeCLT_1.22.0/GNU-tools-for-STM32/bin/../lib/gcc/arm-none-eabi/14.3.1/thumb/v7-m/nofp/crtbegin.o
                0x200001e4                        . = ALIGN (0x4)

.bss            0x200001e4      0x4f4 load address 0x0800b9b4
                0x200001e4                        _sbss = .
                0x200001e4                        __bss_start__ = _sbss
 *(.bss)
 .bss           0x200001e4       0x1c C:/ST/STM32CubeCLT_1.22.0/GNU-tools-for-STM32/bin/../lib/gcc/arm-none-eabi/14.3.1/thumb/v7-m/nofp/crtbegin.o
 *(.bss*)
 .bss.__sf      0x20000200      0x138 C:/ST/STM32CubeCLT_1.22.0/GNU-tools-for-STM32/bin/../lib/gcc/arm-none-eabi/14.3.1/../../../../arm-none-eabi/lib/thumb/v7-m/nofp\libc_nano.a(libc_a-findfp.o)
                0x20000200                __sf
 .bss.__stdio_exit_handler
                0x20000338        0x4 C:/ST/STM32CubeCLT_1.22.0/GNU-tools-for-STM32/bin/../lib/gcc/arm-none-eabi/14.3.1/../../../../arm-none-eabi/lib/thumb/v7-m/nofp\libc_nano.a(libc_a-findfp.o)
                0x20000338                __stdio_exit_handler
 .bss.errno     0x2000033c        0x4 C:/ST/STM32CubeCLT_1.22.0/GNU-tools-for-STM32/bin/../lib/gcc/arm-none-eabi/14.3.1/../../../../arm-none-eabi/lib/thumb/v7-m/nofp\libc_nano.a(libc_a-reent.o)
                0x2000033c                errno
 .bss.__lock___malloc_recursive_mutex
                0x20000340        0x1 C:/ST/STM32CubeCLT_1.22.0/GNU-tools-for-STM32/bin/../lib/gcc/arm-none-eabi/14.3.1/../../../../arm-none-eabi/lib/thumb/v7-m/nofp\libc_nano.a(libc_a-lock.o)
                0x20000340                __lock___malloc_recursive_mutex
 .bss.__lock___sfp_recursive_mutex
                0x20000341        0x1 C:/ST/STM32CubeCLT_1.22.0/GNU-tools-for-STM32/bin/../lib/gcc/arm-none-eabi/14.3.1/../../../../arm-none-eabi/lib/thumb/v7-m/nofp\libc_nano.a(libc_a-lock.o)
                0x20000341                __lock___sfp_recursive_mutex
 *fill*         0x20000342        0x2 
 .bss.__malloc_sbrk_start
                0x20000344        0x4 C:/ST/STM32CubeCLT_1.22.0/GNU-tools-for-STM32/bin/../lib/gcc/arm-none-eabi/14.3.1/../../../../arm-none-eabi/lib/thumb/v7-m/nofp\libc_nano.a(libc_a-mallocr.o)
                0x20000344                __malloc_sbrk_start
 .bss.__malloc_free_list
                0x20000348        0x4 C:/ST/STM32CubeCLT_1.22.0/GNU-tools-for-STM32/bin/../lib/gcc/arm-none-eabi/14.3.1/../../../../arm-none-eabi/lib/thumb/v7-m/nofp\libc_nano.a(libc_a-mallocr.o)
                0x20000348                __malloc_free_list
 .bss.hadc1     0x2000034c       0x30 CMakeFiles/Senior.dir/Core/Src/main.c.obj
                0x2000034c                hadc1
 .bss.hdma_adc1
                0x2000037c       0x44 CMakeFiles/Senior.dir/Core/Src/main.c.obj
                0x2000037c                hdma_adc1
 .bss.htim1     0x200003c0       0x40 CMakeFiles/Senior.dir/Core/Src/main.c.obj
                0x200003c0                htim1
 .bss.htim2     0x20000400       0x40 CMakeFiles/Senior.dir/Core/Src/main.c.obj
                0x20000400                htim2
 .bss.htim3     0x20000440       0x40 CMakeFiles/Senior.dir/Core/Src/main.c.obj
                0x20000440                htim3
 .bss.htim4     0x20000480       0x40 CMakeFiles/Senior.dir/Core/Src/main.c.obj
                0x20000480                htim4
 .bss.huart2    0x200004c0       0x40 CMakeFiles/Senior.dir/Core/Src/main.c.obj
                0x200004c0                huart2
 .bss.hdma_usart2_tx
                0x20000500       0x44 CMakeFiles/Senior.dir/Core/Src/main.c.obj
                0x20000500                hdma_usart2_tx
 .bss.hdma_usart2_rx
                0x20000544       0x44 CMakeFiles/Senior.dir/Core/Src/main.c.obj
                0x20000544                hdma_usart2_rx
 .bss.adc_callback_count
                0x20000588        0x4 CMakeFiles/Senior.dir/Core/Src/main.c.obj
                0x20000588                adc_callback_count
 .bss.stream_data_count
                0x2000058c        0x4 CMakeFiles/Senior.dir/Core/Src/main.c.obj
                0x2000058c                stream_data_count
 .bss.adc_avg_buf
                0x20000590       0x40 CMakeFiles/Senior.dir/Core/Src/main.c.obj
 .bss.adc_avg_idx
                0x200005d0        0x1 CMakeFiles/Senior.dir/Core/Src/main.c.obj
 *fill*         0x200005d1        0x3 
 .bss.micros    0x200005d4        0x4 CMakeFiles/Senior.dir/Core/Src/main.c.obj
                0x200005d4                micros
 .bss.strain_rate
                0x200005d8        0x4 CMakeFiles/Senior.dir/Core/Src/main.c.obj
                0x200005d8                strain_rate
 .bss.strain    0x200005dc        0x4 CMakeFiles/Senior.dir/Core/Src/main.c.obj
                0x200005dc                strain
 .bss.gauge_length
                0x200005e0        0x4 CMakeFiles/Senior.dir/Core/Src/main.c.obj
                0x200005e0                gauge_length
 .bss.gauge_diameter
                0x200005e4        0x4 CMakeFiles/Senior.dir/Core/Src/main.c.obj
                0x200005e4                gauge_diameter
 .bss.duration  0x200005e8        0x4 CMakeFiles/Senior.dir/Core/Src/main.c.obj
                0x200005e8                duration
 .bss.speed     0x200005ec        0x4 CMakeFiles/Senior.dir/Core/Src/main.c.obj
                0x200005ec                speed
 .bss.sampling_interval
                0x200005f0        0x4 CMakeFiles/Senior.dir/Core/Src/main.c.obj
                0x200005f0                sampling_interval
 .bss.encoder_start_count
                0x200005f4        0x2 CMakeFiles/Senior.dir/Core/Src/main.c.obj
                0x200005f4                encoder_start_count
 .bss.calculatedsteps
                0x200005f6        0x2 CMakeFiles/Senior.dir/Core/Src/main.c.obj
                0x200005f6                calculatedsteps
 .bss.ARR       0x200005f8        0x2 CMakeFiles/Senior.dir/Core/Src/main.c.obj
                0x200005f8                ARR
 .bss.frequency
                0x200005fa        0x2 CMakeFiles/Senior.dir/Core/Src/main.c.obj
                0x200005fa                frequency
 .bss.adc_buffer
                0x200005fc        0x2 CMakeFiles/Senior.dir/Core/Src/main.c.obj
                0x200005fc                adc_buffer
 *fill*         0x200005fe        0x2 
 .bss.tim2_overflow_count
                0x20000600        0x4 CMakeFiles/Senior.dir/Core/Src/main.c.obj
                0x20000600                tim2_overflow_count
 .bss.msg       0x20000604       0x64 CMakeFiles/Senior.dir/Core/Src/main.c.obj
                0x20000604                msg
 .bss.rx_buffer
                0x20000668       0x32 CMakeFiles/Senior.dir/Core/Src/main.c.obj
                0x20000668                rx_buffer
 .bss.rx_index  0x2000069a        0x1 CMakeFiles/Senior.dir/Core/Src/main.c.obj
                0x2000069a                rx_index
 .bss.received_char
                0x2000069b        0x1 CMakeFiles/Senior.dir/Core/Src/main.c.obj
                0x2000069b                received_char
 .bss.arr1      0x2000069c        0x4 CMakeFiles/Senior.dir/Core/Src/main.c.obj
                0x2000069c                arr1
 .bss.packet    0x200006a0        0xd CMakeFiles/Senior.dir/Core/Src/main.c.obj
                0x200006a0                packet
 *fill*         0x200006ad        0x3 
 .bss.sample_count
                0x200006b0        0x4 CMakeFiles/Senior.dir/Core/Src/main.c.obj
                0x200006b0                sample_count
 .bss.recording_enabled
                0x200006b4        0x1 CMakeFiles/Senior.dir/Core/Src/main.c.obj
                0x200006b4                recording_enabled
 .bss.uart_dma_busy
                0x200006b5        0x1 CMakeFiles/Senior.dir/Core/Src/main.c.obj
                0x200006b5                uart_dma_busy
 *fill*         0x200006b6        0x2 
 .bss.filtered_value
                0x200006b8        0x4 CMakeFiles/Senior.dir/Core/Src/main.c.obj
                0x200006b8                filtered_value
 .bss.angle_degrees
                0x200006bc        0x4 CMakeFiles/Senior.dir/Core/Src/main.c.obj
                0x200006bc                angle_degrees
 .bss.latest_torque_adc
                0x200006c0        0x2 CMakeFiles/Senior.dir/Core/Src/main.c.obj
                0x200006c0                latest_torque_adc
 *fill*         0x200006c2        0x2 
 .bss.target_steps
                0x200006c4        0x4 CMakeFiles/Senior.dir/Core/Src/main.c.obj
                0x200006c4                target_steps
 .bss.current_step
                0x200006c8        0x4 CMakeFiles/Senior.dir/Core/Src/main.c.obj
                0x200006c8                current_step
 .bss.stepper_running
                0x200006cc        0x1 CMakeFiles/Senior.dir/Core/Src/main.c.obj
                0x200006cc                stepper_running
 .bss.motor_state
                0x200006cd        0x1 CMakeFiles/Senior.dir/Core/Src/main.c.obj
                0x200006cd                motor_state
 .bss.adc_zero_offset
                0x200006ce        0x2 CMakeFiles/Senior.dir/Core/Src/main.c.obj
                0x200006ce                adc_zero_offset
 .bss.uwTick    0x200006d0        0x4 CMakeFiles/Senior.dir/Drivers/STM32F1xx_HAL_Driver/Src/stm32f1xx_hal.c.obj
                0x200006d0                uwTick
 .bss.__sbrk_heap_end
                0x200006d4        0x4 CMakeFiles/Senior.dir/Core/Src/sysmem.c.obj
 *(COMMON)
                0x200006d8                        . = ALIGN (0x4)
                0x200006d8                        _ebss = .
                0x200006d8                        __bss_end__ = _ebss

._user_heap_stack
                0x200006d8      0x600 load address 0x0800b9b4
                0x200006d8                        . = ALIGN (0x8)
                [!provide]                        PROVIDE (end = .)
                0x200006d8                        PROVIDE (_end = .)
                0x200008d8                        . = (. + _Min_Heap_Size)
 *fill*         0x200006d8      0x200 
                0x20000cd8                        . = (. + _Min_Stack_Size)
 *fill*         0x200008d8      0x400 
                0x20000cd8                        . = ALIGN (0x8)

/DISCARD/
 libc.a(*)
 libm.a(*)
 libgcc.a(*)
OUTPUT(Senior.elf elf32-littlearm)
LOAD linker stubs
LOAD C:/ST/STM32CubeCLT_1.22.0/GNU-tools-for-STM32/bin/../lib/gcc/arm-none-eabi/14.3.1/../../../../arm-none-eabi/lib/thumb/v7-m/nofp\libc.a
LOAD C:/ST/STM32CubeCLT_1.22.0/GNU-tools-for-STM32/bin/../lib/gcc/arm-none-eabi/14.3.1/../../../../arm-none-eabi/lib/thumb/v7-m/nofp\libm.a
LOAD C:/ST/STM32CubeCLT_1.22.0/GNU-tools-for-STM32/bin/../lib/gcc/arm-none-eabi/14.3.1/thumb/v7-m/nofp\libgcc.a

.ARM.attributes
                0x00000000       0x29
 .ARM.attributes
                0x00000000       0x1d C:/ST/STM32CubeCLT_1.22.0/GNU-tools-for-STM32/bin/../lib/gcc/arm-none-eabi/14.3.1/thumb/v7-m/nofp/crti.o
 .ARM.attributes
                0x0000001d       0x2d C:/ST/STM32CubeCLT_1.22.0/GNU-tools-for-STM32/bin/../lib/gcc/arm-none-eabi/14.3.1/thumb/v7-m/nofp/crtbegin.o
 .ARM.attributes
                0x0000004a       0x2d C:/ST/STM32CubeCLT_1.22.0/GNU-tools-for-STM32/bin/../lib/gcc/arm-none-eabi/14.3.1/../../../../arm-none-eabi/lib/thumb/v7-m/nofp\libc_nano.a(libc_a-nano-vfprintf_float.o)
 .ARM.attributes
                0x00000077       0x2d C:/ST/STM32CubeCLT_1.22.0/GNU-tools-for-STM32/bin/../lib/gcc/arm-none-eabi/14.3.1/../../../../arm-none-eabi/lib/thumb/v7-m/nofp\libc_nano.a(libc_a-nano-vfprintf_i.o)
 .ARM.attributes
                0x000000a4       0x2d C:/ST/STM32CubeCLT_1.22.0/GNU-tools-for-STM32/bin/../lib/gcc/arm-none-eabi/14.3.1/../../../../arm-none-eabi/lib/thumb/v7-m/nofp\libc_nano.a(libc_a-findfp.o)
 .ARM.attributes
                0x000000d1       0x2d C:/ST/STM32CubeCLT_1.22.0/GNU-tools-for-STM32/bin/../lib/gcc/arm-none-eabi/14.3.1/../../../../arm-none-eabi/lib/thumb/v7-m/nofp\libc_nano.a(libc_a-fwalk.o)
 .ARM.attributes
                0x000000fe       0x2d C:/ST/STM32CubeCLT_1.22.0/GNU-tools-for-STM32/bin/../lib/gcc/arm-none-eabi/14.3.1/../../../../arm-none-eabi/lib/thumb/v7-m/nofp\libc_nano.a(libc_a-stdio.o)
 .ARM.attributes
                0x0000012b       0x2d C:/ST/STM32CubeCLT_1.22.0/GNU-tools-for-STM32/bin/../lib/gcc/arm-none-eabi/14.3.1/../../../../arm-none-eabi/lib/thumb/v7-m/nofp\libc_nano.a(libc_a-memset.o)
 .ARM.attributes
                0x00000158       0x2d C:/ST/STM32CubeCLT_1.22.0/GNU-tools-for-STM32/bin/../lib/gcc/arm-none-eabi/14.3.1/../../../../arm-none-eabi/lib/thumb/v7-m/nofp\libc_nano.a(libc_a-localeconv.o)
 .ARM.attributes
                0x00000185       0x2d C:/ST/STM32CubeCLT_1.22.0/GNU-tools-for-STM32/bin/../lib/gcc/arm-none-eabi/14.3.1/../../../../arm-none-eabi/lib/thumb/v7-m/nofp\libc_nano.a(libc_a-closer.o)
 .ARM.attributes
                0x000001b2       0x2d C:/ST/STM32CubeCLT_1.22.0/GNU-tools-for-STM32/bin/../lib/gcc/arm-none-eabi/14.3.1/../../../../arm-none-eabi/lib/thumb/v7-m/nofp\libc_nano.a(libc_a-reent.o)
 .ARM.attributes
                0x000001df       0x2d C:/ST/STM32CubeCLT_1.22.0/GNU-tools-for-STM32/bin/../lib/gcc/arm-none-eabi/14.3.1/../../../../arm-none-eabi/lib/thumb/v7-m/nofp\libc_nano.a(libc_a-impure.o)
 .ARM.attributes
                0x0000020c       0x2d C:/ST/STM32CubeCLT_1.22.0/GNU-tools-for-STM32/bin/../lib/gcc/arm-none-eabi/14.3.1/../../../../arm-none-eabi/lib/thumb/v7-m/nofp\libc_nano.a(libc_a-lseekr.o)
 .ARM.attributes
                0x00000239       0x2d C:/ST/STM32CubeCLT_1.22.0/GNU-tools-for-STM32/bin/../lib/gcc/arm-none-eabi/14.3.1/../../../../arm-none-eabi/lib/thumb/v7-m/nofp\libc_nano.a(libc_a-readr.o)
 .ARM.attributes