Archive member included to satisfy reference by file (symbol)

C:/ST/STM32CubeCLT_1.17.0/GNU-tools-for-STM32/bin/../lib/gcc/arm-none-eabi/12.3.1/../../../../arm-none-eabi/lib/thumb/v7-m/nofp\libc_nano.a(libc_a-exit.o)
                              C:/ST/STM32CubeCLT_1.17.0/GNU-tools-for-STM32/bin/../lib/gcc/arm-none-eabi/12.3.1/../../../../arm-none-eabi/lib/thumb/v7-m/nofp/crt0.o (exit)
C:/ST/STM32CubeCLT_1.17.0/GNU-tools-for-STM32/bin/../lib/gcc/arm-none-eabi/12.3.1/../../../../arm-none-eabi/lib/thumb/v7-m/nofp\libc_nano.a(libc_a-nano-vfprintf_float.o)
                              (_printf_float)
C:/ST/STM32CubeCLT_1.17.0/GNU-tools-for-STM32/bin/../lib/gcc/arm-none-eabi/12.3.1/../../../../arm-none-eabi/lib/thumb/v7-m/nofp\libc_nano.a(libc_a-nano-vfprintf_i.o)
                              C:/ST/STM32CubeCLT_1.17.0/GNU-tools-for-STM32/bin/../lib/gcc/arm-none-eabi/12.3.1/../../../../arm-none-eabi/lib/thumb/v7-m/nofp\libc_nano.a(libc_a-nano-vfprintf_float.o) (_printf_common)
C:/ST/STM32CubeCLT_1.17.0/GNU-tools-for-STM32/bin/../lib/gcc/arm-none-eabi/12.3.1/../../../../arm-none-eabi/lib/thumb/v7-m/nofp\libc_nano.a(libc_a-findfp.o)
                              C:/ST/STM32CubeCLT_1.17.0/GNU-tools-for-STM32/bin/../lib/gcc/arm-none-eabi/12.3.1/../../../../arm-none-eabi/lib/thumb/v7-m/nofp\libc_nano.a(libc_a-exit.o) (__stdio_exit_handler)
C:/ST/STM32CubeCLT_1.17.0/GNU-tools-for-STM32/bin/../lib/gcc/arm-none-eabi/12.3.1/../../../../arm-none-eabi/lib/thumb/v7-m/nofp\libc_nano.a(libc_a-fwalk.o)
                              C:/ST/STM32CubeCLT_1.17.0/GNU-tools-for-STM32/bin/../lib/gcc/arm-none-eabi/12.3.1/../../../../arm-none-eabi/lib/thumb/v7-m/nofp\libc_nano.a(libc_a-findfp.o) (_fwalk_sglue)
C:/ST/STM32CubeCLT_1.17.0/GNU-tools-for-STM32/bin/../lib/gcc/arm-none-eabi/12.3.1/../../../../arm-none-eabi/lib/thumb/v7-m/nofp\libc_nano.a(libc_a-stdio.o)
                              C:/ST/STM32CubeCLT_1.17.0/GNU-tools-for-STM32/bin/../lib/gcc/arm-none-eabi/12.3.1/../../../../arm-none-eabi/lib/thumb/v7-m/nofp\libc_nano.a(libc_a-findfp.o) (__sread)
C:/ST/STM32CubeCLT_1.17.0/GNU-tools-for-STM32/bin/../lib/gcc/arm-none-eabi/12.3.1/../../../../arm-none-eabi/lib/thumb/v7-m/nofp\libc_nano.a(libc_a-memset.o)
                              C:/ST/STM32CubeCLT_1.17.0/GNU-tools-for-STM32/bin/../lib/gcc/arm-none-eabi/12.3.1/../../../../arm-none-eabi/lib/thumb/v7-m/nofp/crt0.o (memset)
C:/ST/STM32CubeCLT_1.17.0/GNU-tools-for-STM32/bin/../lib/gcc/arm-none-eabi/12.3.1/../../../../arm-none-eabi/lib/thumb/v7-m/nofp\libc_nano.a(libc_a-localeconv.o)
                              C:/ST/STM32CubeCLT_1.17.0/GNU-tools-for-STM32/bin/../lib/gcc/arm-none-eabi/12.3.1/../../../../arm-none-eabi/lib/thumb/v7-m/nofp\libc_nano.a(libc_a-nano-vfprintf_float.o) (_localeconv_r)
C:/ST/STM32CubeCLT_1.17.0/GNU-tools-for-STM32/bin/../lib/gcc/arm-none-eabi/12.3.1/../../../../arm-none-eabi/lib/thumb/v7-m/nofp\libc_nano.a(libc_a-closer.o)
                              C:/ST/STM32CubeCLT_1.17.0/GNU-tools-for-STM32/bin/../lib/gcc/arm-none-eabi/12.3.1/../../../../arm-none-eabi/lib/thumb/v7-m/nofp\libc_nano.a(libc_a-stdio.o) (_close_r)
C:/ST/STM32CubeCLT_1.17.0/GNU-tools-for-STM32/bin/../lib/gcc/arm-none-eabi/12.3.1/../../../../arm-none-eabi/lib/thumb/v7-m/nofp\libc_nano.a(libc_a-reent.o)
                              C:/ST/STM32CubeCLT_1.17.0/GNU-tools-for-STM32/bin/../lib/gcc/arm-none-eabi/12.3.1/../../../../arm-none-eabi/lib/thumb/v7-m/nofp\libc_nano.a(libc_a-closer.o) (errno)
C:/ST/STM32CubeCLT_1.17.0/GNU-tools-for-STM32/bin/../lib/gcc/arm-none-eabi/12.3.1/../../../../arm-none-eabi/lib/thumb/v7-m/nofp\libc_nano.a(libc_a-impure.o)
                              C:/ST/STM32CubeCLT_1.17.0/GNU-tools-for-STM32/bin/../lib/gcc/arm-none-eabi/12.3.1/../../../../arm-none-eabi/lib/thumb/v7-m/nofp\libc_nano.a(libc_a-reent.o) (_impure_ptr)
C:/ST/STM32CubeCLT_1.17.0/GNU-tools-for-STM32/bin/../lib/gcc/arm-none-eabi/12.3.1/../../../../arm-none-eabi/lib/thumb/v7-m/nofp\libc_nano.a(libc_a-lseekr.o)
                              C:/ST/STM32CubeCLT_1.17.0/GNU-tools-for-STM32/bin/../lib/gcc/arm-none-eabi/12.3.1/../../../../arm-none-eabi/lib/thumb/v7-m/nofp\libc_nano.a(libc_a-stdio.o) (_lseek_r)
C:/ST/STM32CubeCLT_1.17.0/GNU-tools-for-STM32/bin/../lib/gcc/arm-none-eabi/12.3.1/../../../../arm-none-eabi/lib/thumb/v7-m/nofp\libc_nano.a(libc_a-readr.o)
                              C:/ST/STM32CubeCLT_1.17.0/GNU-tools-for-STM32/bin/../lib/gcc/arm-none-eabi/12.3.1/../../../../arm-none-eabi/lib/thumb/v7-m/nofp\libc_nano.a(libc_a-stdio.o) (_read_r)
C:/ST/STM32CubeCLT_1.17.0/GNU-tools-for-STM32/bin/../lib/gcc/arm-none-eabi/12.3.1/../../../../arm-none-eabi/lib/thumb/v7-m/nofp\libc_nano.a(libc_a-writer.o)
                              C:/ST/STM32CubeCLT_1.17.0/GNU-tools-for-STM32/bin/../lib/gcc/arm-none-eabi/12.3.1/../../../../arm-none-eabi/lib/thumb/v7-m/nofp\libc_nano.a(libc_a-stdio.o) (_write_r)
[...]
Memory Configuration

Name             Origin             Length             Attributes
RAM              0x20000000         0x00005000         xrw
FLASH            0x08000000         0x00020000         xr
*default*        0x00000000         0xffffffff

Linker script and memory map

LOAD C:/ST/STM32CubeCLT_1.17.0/GNU-tools-for-STM32/bin/../lib/gcc/arm-none-eabi/12.3.1/thumb/v7-m/nofp/crti.o
LOAD C:/ST/STM32CubeCLT_1.17.0/GNU-tools-for-STM32/bin/../lib/gcc/arm-none-eabi/12.3.1/thumb/v7-m/nofp/crtbegin.o
LOAD C:/ST/STM32CubeCLT_1.17.0/GNU-tools-for-STM32/bin/../lib/gcc/arm-none-eabi/12.3.1/../../../../arm-none-eabi/lib/thumb/v7-m/nofp/crt0.o
START GROUP
LOAD C:/ST/STM32CubeCLT_1.17.0/GNU-tools-for-STM32/bin/../lib/gcc/arm-none-eabi/12.3.1/../../../../arm-none-eabi/lib/thumb/v7-m/nofp\libc_nano.a
LOAD C:/ST/STM32CubeCLT_1.17.0/GNU-tools-for-STM32/bin/../lib/gcc/arm-none-eabi/12.3.1/../../../../arm-none-eabi/lib/thumb/v7-m/nofp\libm.a
END GROUP
LOAD CMakeFiles/Senior.dir/Core/Src/main.c.obj
LOAD CMakeFiles/Senior.dir/Core/Src/stm32f1xx_it.c.obj
LOAD CMakeFiles/Senior.dir/Core/Src/stm32f1xx_hal_msp.c.obj
LOAD CMakeFiles/Senior.dir/Drivers/STM32F1xx_HAL_Driver/Src/stm32f1xx_hal_gpio_ex.c.obj
LOAD CMakeFiles/Senior.dir/Drivers/STM32F1xx_HAL_Driver/Src/stm32f1xx_hal_adc.c.obj
LOAD CMakeFiles/Senior.dir/Drivers/STM32F1xx_HAL_Driver/Src/stm32f1xx_hal_adc_ex.c.obj
LOAD CMakeFiles/Senior.dir/Drivers/STM32F1xx_HAL_Driver/Src/stm32f1xx_hal.c.obj
LOAD CMakeFiles/Senior.dir/Drivers/STM32F1xx_HAL_Driver/Src/stm32f1xx_hal_rcc.c.obj
LOAD CMakeFiles/Senior.dir/Drivers/STM32F1xx_HAL_Driver/Src/stm32f1xx_hal_rcc_ex.c.obj
LOAD CMakeFiles/Senior.dir/Drivers/STM32F1xx_HAL_Driver/Src/stm32f1xx_hal_gpio.c.obj
LOAD CMakeFiles/Senior.dir/Drivers/STM32F1xx_HAL_Driver/Src/stm32f1xx_hal_dma.c.obj
LOAD CMakeFiles/Senior.dir/Drivers/STM32F1xx_HAL_Driver/Src/stm32f1xx_hal_cortex.c.obj
LOAD CMakeFiles/Senior.dir/Drivers/STM32F1xx_HAL_Driver/Src/stm32f1xx_hal_pwr.c.obj
LOAD CMakeFiles/Senior.dir/Drivers/STM32F1xx_HAL_Driver/Src/stm32f1xx_hal_flash.c.obj
LOAD CMakeFiles/Senior.dir/Drivers/STM32F1xx_HAL_Driver/Src/stm32f1xx_hal_flash_ex.c.obj
LOAD CMakeFiles/Senior.dir/Drivers/STM32F1xx_HAL_Driver/Src/stm32f1xx_hal_exti.c.obj
LOAD CMakeFiles/Senior.dir/Drivers/STM32F1xx_HAL_Driver/Src/stm32f1xx_hal_tim.c.obj
LOAD CMakeFiles/Senior.dir/Drivers/STM32F1xx_HAL_Driver/Src/stm32f1xx_hal_tim_ex.c.obj
LOAD CMakeFiles/Senior.dir/Drivers/STM32F1xx_HAL_Driver/Src/stm32f1xx_hal_uart.c.obj
LOAD CMakeFiles/Senior.dir/Core/Src/system_stm32f1xx.c.obj
LOAD CMakeFiles/Senior.dir/Core/Src/sysmem.c.obj
LOAD CMakeFiles/Senior.dir/Core/Src/syscalls.c.obj
LOAD CMakeFiles/Senior.dir/startup_stm32f103xb.s.obj
START GROUP
LOAD C:/ST/STM32CubeCLT_1.17.0/GNU-tools-for-STM32/bin/../lib/gcc/arm-none-eabi/12.3.1/thumb/v7-m/nofp\libgcc.a
LOAD C:/ST/STM32CubeCLT_1.17.0/GNU-tools-for-STM32/bin/../lib/gcc/arm-none-eabi/12.3.1/../../../../arm-none-eabi/lib/thumb/v7-m/nofp\libg_nano.a
LOAD C:/ST/STM32CubeCLT_1.17.0/GNU-tools-for-STM32/bin/../lib/gcc/arm-none-eabi/12.3.1/../../../../arm-none-eabi/lib/thumb/v7-m/nofp\libc_nano.a
END GROUP
START GROUP
LOAD C:/ST/STM32CubeCLT_1.17.0/GNU-tools-for-STM32/bin/../lib/gcc/arm-none-eabi/12.3.1/thumb/v7-m/nofp\libgcc.a
LOAD C:/ST/STM32CubeCLT_1.17.0/GNU-tools-for-STM32/bin/../lib/gcc/arm-none-eabi/12.3.1/../../../../arm-none-eabi/lib/thumb/v7-m/nofp\libc_nano.a
END GROUP
LOAD C:/ST/STM32CubeCLT_1.17.0/GNU-tools-for-STM32/bin/../lib/gcc/arm-none-eabi/12.3.1/thumb/v7-m/nofp/crtend.o
LOAD C:/ST/STM32CubeCLT_1.17.0/GNU-tools-for-STM32/bin/../lib/gcc/arm-none-eabi/12.3.1/thumb/v7-m/nofp/crtn.o
                0x20005000                        _estack = (ORIGIN (RAM) + LENGTH (RAM))
                0x00000200                        _Min_Heap_Size = 0x200
                0x00000400                        _Min_Stack_Size = 0x400

.isr_vector     0x08000000      0x10c
                0x08000000                        . = ALIGN (0x4)
 *(.isr_vector)
 .isr_vector    0x08000000      0x10c CMakeFiles/Senior.dir/startup_stm32f103xb.s.obj
                0x08000000                g_pfnVectors
                0x0800010c                        . = ALIGN (0x4)

.text           0x08000110     0xad0c
                0x08000110                        . = ALIGN (0x4)
 *(.text)
 .text          0x08000110       0x40 C:/ST/STM32CubeCLT_1.17.0/GNU-tools-for-STM32/bin/../lib/gcc/arm-none-eabi/12.3.1/thumb/v7-m/nofp/crtbegin.o
 .text          0x08000150       0x10 C:/ST/STM32CubeCLT_1.17.0/GNU-tools-for-STM32/bin/../lib/gcc/arm-none-eabi/12.3.1/../../../../arm-none-eabi/lib/thumb/v7-m/nofp\libc_nano.a(libc_a-strlen.o)
                0x08000150                strlen
 .text          0x08000160      0x378 C:/ST/STM32CubeCLT_1.17.0/GNU-tools-for-STM32/bin/../lib/gcc/arm-none-eabi/12.3.1/thumb/v7-m/nofp\libgcc.a(_arm_addsubdf3.o)
                0x08000160                __aeabi_drsub
                0x08000168                __aeabi_dsub
                0x08000168                __subdf3
                0x0800016c                __aeabi_dadd
                0x0800016c                __adddf3
                0x080003e4                __floatunsidf
                0x080003e4                __aeabi_ui2d
                0x08000404                __floatsidf
                0x08000404                __aeabi_i2d
                0x08000428                __aeabi_f2d
                0x08000428                __extendsfdf2
                0x0800046c                __floatundidf
                0x0800046c                __aeabi_ul2d
                0x0800047c                __floatdidf
                0x0800047c                __aeabi_l2d
 .text          0x080004d8      0x424 C:/ST/STM32CubeCLT_1.17.0/GNU-tools-for-STM32/bin/../lib/gcc/arm-none-eabi/12.3.1/thumb/v7-m/nofp\libgcc.a(_arm_muldivdf3.o)
                0x080004d8                __aeabi_dmul
                0x080004d8                __muldf3
                0x0800072c                __divdf3
                0x0800072c                __aeabi_ddiv
 .text          0x080008fc      0x110 C:/ST/STM32CubeCLT_1.17.0/GNU-tools-for-STM32/bin/../lib/gcc/arm-none-eabi/12.3.1/thumb/v7-m/nofp\libgcc.a(_arm_cmpdf2.o)
                0x080008fc                __gtdf2
                0x080008fc                __gedf2
                0x08000904                __ltdf2
                0x08000904                __ledf2
                0x0800090c                __nedf2
                0x0800090c                __eqdf2
                0x0800090c                __cmpdf2
                0x08000988                __aeabi_cdrcmple
                0x08000998                __aeabi_cdcmpeq
                0x08000998                __aeabi_cdcmple
                0x080009a8                __aeabi_dcmpeq
                0x080009bc                __aeabi_dcmplt
                0x080009d0                __aeabi_dcmple
                0x080009e4                __aeabi_dcmpge
                0x080009f8                __aeabi_dcmpgt
 .text          0x08000a0c       0x2c C:/ST/STM32CubeCLT_1.17.0/GNU-tools-for-STM32/bin/../lib/gcc/arm-none-eabi/12.3.1/thumb/v7-m/nofp\libgcc.a(_arm_unorddf2.o)
                0x08000a0c                __unorddf2
                0x08000a0c                __aeabi_dcmpun
 .text          0x08000a38       0x50 C:/ST/STM32CubeCLT_1.17.0/GNU-tools-for-STM32/bin/../lib/gcc/arm-none-eabi/12.3.1/thumb/v7-m/nofp\libgcc.a(_arm_fixdfsi.o)
                0x08000a38                __aeabi_d2iz
                0x08000a38                __fixdfsi
 .text          0x08000a88       0x40 C:/ST/STM32CubeCLT_1.17.0/GNU-tools-for-STM32/bin/../lib/gcc/arm-none-eabi/12.3.1/thumb/v7-m/nofp\libgcc.a(_arm_fixunsdfsi.o)
                0x08000a88                __aeabi_d2uiz
                0x08000a88                __fixunsdfsi
 .text          0x08000ac8       0xa0 C:/ST/STM32CubeCLT_1.17.0/GNU-tools-for-STM32/bin/../lib/gcc/arm-none-eabi/12.3.1/thumb/v7-m/nofp\libgcc.a(_arm_truncdfsf2.o)
                0x08000ac8                __truncdfsf2
                0x08000ac8                __aeabi_d2f
 .text          0x08000b68      0x21c C:/ST/STM32CubeCLT_1.17.0/GNU-tools-for-STM32/bin/../lib/gcc/arm-none-eabi/12.3.1/thumb/v7-m/nofp\libgcc.a(_arm_addsubsf3.o)
                0x08000b68                __aeabi_frsub
                0x08000b70                __subsf3
                0x08000b70                __aeabi_fsub
                0x08000b74                __aeabi_fadd
                0x08000b74                __addsf3
                0x08000cd4                __aeabi_ui2f
                0x08000cd4                __floatunsisf
                0x08000cdc                __aeabi_i2f
                0x08000cdc                __floatsisf
                0x08000cf8                __aeabi_ul2f
                0x08000cf8                __floatundisf
                0x08000d08                __aeabi_l2f
                0x08000d08                __floatdisf
 .text          0x08000d84      0x2a0 C:/ST/STM32CubeCLT_1.17.0/GNU-tools-for-STM32/bin/../lib/gcc/arm-none-eabi/12.3.1/thumb/v7-m/nofp\libgcc.a(_arm_muldivsf3.o)
                0x08000d84                __mulsf3
                0x08000d84                __aeabi_fmul
                0x08000eec                __aeabi_fdiv
                0x08000eec                __divsf3
 .text          0x08001024       0xec C:/ST/STM32CubeCLT_1.17.0/GNU-tools-for-STM32/bin/../lib/gcc/arm-none-eabi/12.3.1/thumb/v7-m/nofp\libgcc.a(_arm_cmpsf2.o)
                0x08001024                __gesf2
                0x08001024                __gtsf2
                0x0800102c                __lesf2
                0x0800102c                __ltsf2
                0x08001034                __nesf2
                0x08001034                __eqsf2
                0x08001034                __cmpsf2
                0x08001094                __aeabi_cfrcmple
                0x0800109c                __aeabi_cfcmpeq
                0x0800109c                __aeabi_cfcmple
                0x080010ac                __aeabi_fcmpeq
                0x080010c0                __aeabi_fcmplt
                0x080010d4                __aeabi_fcmple
                0x080010e8                __aeabi_fcmpge
                0x080010fc                __aeabi_fcmpgt
 .text          0x08001110       0x40 C:/ST/STM32CubeCLT_1.17.0/GNU-tools-for-STM32/bin/../lib/gcc/arm-none-eabi/12.3.1/thumb/v7-m/nofp\libgcc.a(_arm_fixunssfsi.o)
                0x08001110                __fixunssfsi
                0x08001110                __aeabi_f2uiz
 .text          0x08001150       0x2c C:/ST/STM32CubeCLT_1.17.0/GNU-tools-for-STM32/bin/../lib/gcc/arm-none-eabi/12.3.1/thumb/v7-m/nofp\libgcc.a(_arm_unordsf2.o)
                0x08001150                __unordsf2
                0x08001150                __aeabi_fcmpun
 .text          0x0800117c       0x30 C:/ST/STM32CubeCLT_1.17.0/GNU-tools-for-STM32/bin/../lib/gcc/arm-none-eabi/12.3.1/thumb/v7-m/nofp\libgcc.a(_fixdfdi.o)
                0x0800117c                __fixdfdi
                0x0800117c                __aeabi_d2lz
 .text          0x080011ac       0x3c C:/ST/STM32CubeCLT_1.17.0/GNU-tools-for-STM32/bin/../lib/gcc/arm-none-eabi/12.3.1/thumb/v7-m/nofp\libgcc.a(_fixunsdfdi.o)
                0x080011ac                __fixunsdfdi
                0x080011ac                __aeabi_d2ulz
 *(.text*)
 .text.__cvt    0x080011e8       0xc8 C:/ST/STM32CubeCLT_1.17.0/GNU-tools-for-STM32/bin/../lib/gcc/arm-none-eabi/12.3.1/../../../../arm-none-eabi/lib/thumb/v7-m/nofp\libc_nano.a(libc_a-nano-vfprintf_float.o)
                0x080011e8                __cvt
 .text.__exponent
                0x080012b0       0x74 C:/ST/STM32CubeCLT_1.17.0/GNU-tools-for-STM32/bin/../lib/gcc/arm-none-eabi/12.3.1/../../../../arm-none-eabi/lib/thumb/v7-m/nofp\libc_nano.a(libc_a-nano-vfprintf_float.o)
                0x080012b0                __exponent
 .text._printf_float
                0x08001324      0x458 C:/ST/STM32CubeCLT_1.17.0/GNU-tools-for-STM32/bin/../lib/gcc/arm-none-eabi/12.3.1/../../../../arm-none-eabi/lib/thumb/v7-m/nofp\libc_nano.a(libc_a-nano-vfprintf_float.o)
                0x08001324                _printf_float
 .text._printf_common
                0x0800177c       0xe4 C:/ST/STM32CubeCLT_1.17.0/GNU-tools-for-STM32/bin/../lib/gcc/arm-none-eabi/12.3.1/../../../../arm-none-eabi/lib/thumb/v7-m/nofp\libc_nano.a(libc_a-nano-vfprintf_i.o)
                0x0800177c                _printf_common
 .text._printf_i
                0x08001860      0x240 C:/ST/STM32CubeCLT_1.17.0/GNU-tools-for-STM32/bin/../lib/gcc/arm-none-eabi/12.3.1/../../../../arm-none-eabi/lib/thumb/v7-m/nofp\libc_nano.a(libc_a-nano-vfprintf_i.o)
                0x08001860                _printf_i
 .text.std      0x08001aa0       0x6c C:/ST/STM32CubeCLT_1.17.0/GNU-tools-for-STM32/bin/../lib/gcc/arm-none-eabi/12.3.1/../../../../arm-none-eabi/lib/thumb/v7-m/nofp\libc_nano.a(libc_a-findfp.o)
 .text.stdio_exit_handler
                0x08001b0c       0x18 C:/ST/STM32CubeCLT_1.17.0/GNU-tools-for-STM32/bin/../lib/gcc/arm-none-eabi/12.3.1/../../../../arm-none-eabi/lib/thumb/v7-m/nofp\libc_nano.a(libc_a-findfp.o)
 .text.cleanup_stdio
                0x08001b24       0x40 C:/ST/STM32CubeCLT_1.17.0/GNU-tools-for-STM32/bin/../lib/gcc/arm-none-eabi/12.3.1/../../../../arm-none-eabi/lib/thumb/v7-m/nofp\libc_nano.a(libc_a-findfp.o)
 .text.global_stdio_init.part.0
                0x08001b64       0x3c C:/ST/STM32CubeCLT_1.17.0/GNU-tools-for-STM32/bin/../lib/gcc/arm-none-eabi/12.3.1/../../../../arm-none-eabi/lib/thumb/v7-m/nofp\libc_nano.a(libc_a-findfp.o)
 .text.__sfp_lock_acquire
                0x08001ba0        0xc C:/ST/STM32CubeCLT_1.17.0/GNU-tools-for-STM32/bin/../lib/gcc/arm-none-eabi/12.3.1/../../../../arm-none-eabi/lib/thumb/v7-m/nofp\libc_nano.a(libc_a-findfp.o)
                0x08001ba0                __sfp_lock_acquire
 .text.__sfp_lock_release
                0x08001bac        0xc C:/ST/STM32CubeCLT_1.17.0/GNU-tools-for-STM32/bin/../lib/gcc/arm-none-eabi/12.3.1/../../../../arm-none-eabi/lib/thumb/v7-m/nofp\libc_nano.a(libc_a-findfp.o)
                0x08001bac                __sfp_lock_release
 .text.__sinit  0x08001bb8       0x30 C:/ST/STM32CubeCLT_1.17.0/GNU-tools-for-STM32/bin/../lib/gcc/arm-none-eabi/12.3.1/../../../../arm-none-eabi/lib/thumb/v7-m/nofp\libc_nano.a(libc_a-findfp.o)
                0x08001bb8                __sinit
 .text._fwalk_sglue
                0x08001be8       0x3c C:/ST/STM32CubeCLT_1.17.0/GNU-tools-for-STM32/bin/../lib/gcc/arm-none-eabi/12.3.1/../../../../arm-none-eabi/lib/thumb/v7-m/nofp\libc_nano.a(libc_a-fwalk.o)
                0x08001be8                _fwalk_sglue
 .text.__sread  0x08001c24       0x22 C:/ST/STM32CubeCLT_1.17.0/GNU-tools-for-STM32/bin/../lib/gcc/arm-none-eabi/12.3.1/../../../../arm-none-eabi/lib/thumb/v7-m/nofp\libc_nano.a(libc_a-stdio.o)
                0x08001c24                __sread
 .text.__swrite
                0x08001c46       0x38 C:/ST/STM32CubeCLT_1.17.0/GNU-tools-for-STM32/bin/../lib/gcc/arm-none-eabi/12.3.1/../../../../arm-none-eabi/lib/thumb/v7-m/nofp\libc_nano.a(libc_a-stdio.o)
                0x08001c46                __swrite
 .text.__sseek  0x08001c7e       0x24 C:/ST/STM32CubeCLT_1.17.0/GNU-tools-for-STM32/bin/../lib/gcc/arm-none-eabi/12.3.1/../../../../arm-none-eabi/lib/thumb/v7-m/nofp\libc_nano.a(libc_a-stdio.o)
                0x08001c7e                __sseek
 .text.__sclose
                0x08001ca2        0x8 C:/ST/STM32CubeCLT_1.17.0/GNU-tools-for-STM32/bin/../lib/gcc/arm-none-eabi/12.3.1/../../../../arm-none-eabi/lib/thumb/v7-m/nofp\libc_nano.a(libc_a-stdio.o)
                0x08001ca2                __sclose
 .text.memset   0x08001caa       0x10 C:/ST/STM32CubeCLT_1.17.0/GNU-tools-for-STM32/bin/../lib/gcc/arm-none-eabi/12.3.1/../../../../arm-none-eabi/lib/thumb/v7-m/nofp\libc_nano.a(libc_a-memset.o)
                0x08001caa                memset
 *fill*         0x08001cba        0x2 
 .text._localeconv_r
                0x08001cbc        0x8 C:/ST/STM32CubeCLT_1.17.0/GNU-tools-for-STM32/bin/../lib/gcc/arm-none-eabi/12.3.1/../../../../arm-none-eabi/lib/thumb/v7-m/nofp\libc_nano.a(libc_a-localeconv.o)
                0x08001cbc                _localeconv_r
 .text._close_r
                0x08001cc4       0x20 C:/ST/STM32CubeCLT_1.17.0/GNU-tools-for-STM32/bin/../lib/gcc/arm-none-eabi/12.3.1/../../../../arm-none-eabi/lib/thumb/v7-m/nofp\libc_nano.a(libc_a-closer.o)
                0x08001cc4                _close_r
 .text._lseek_r
                0x08001ce4       0x24 C:/ST/STM32CubeCLT_1.17.0/GNU-tools-for-STM32/bin/../lib/gcc/arm-none-eabi/12.3.1/../../../../arm-none-eabi/lib/thumb/v7-m/nofp\libc_nano.a(libc_a-lseekr.o)
                0x08001ce4                _lseek_r
 .text._read_r  0x08001d08       0x24 C:/ST/STM32CubeCLT_1.17.0/GNU-tools-for-STM32/bin/../lib/gcc/arm-none-eabi/12.3.1/../../../../arm-none-eabi/lib/thumb/v7-m/nofp\libc_nano.a(libc_a-readr.o)
                0x08001d08                _read_r
 .text._write_r
                0x08001d2c       0x24 C:/ST/STM32CubeCLT_1.17.0/GNU-tools-for-STM32/bin/../lib/gcc/arm-none-eabi/12.3.1/../../../../arm-none-eabi/lib/thumb/v7-m/nofp\libc_nano.a(libc_a-writer.o)
                0x08001d2c                _write_r
 .text.__libc_init_array
                0x08001d50       0x48 C:/ST/STM32CubeCLT_1.17.0/GNU-tools-for-STM32/bin/../lib/gcc/arm-none-eabi/12.3.1/../../../../arm-none-eabi/lib/thumb/v7-m/nofp\libc_nano.a(libc_a-init.o)
                0x08001d50                __libc_init_array
 .text.__retarget_lock_init_recursive
                0x08001d98        0x2 C:/ST/STM32CubeCLT_1.17.0/GNU-tools-for-STM32/bin/../lib/gcc/arm-none-eabi/12.3.1/../../../../arm-none-eabi/lib/thumb/v7-m/nofp\libc_nano.a(libc_a-lock.o)
                0x08001d98                __retarget_lock_init_recursive
 .text.__retarget_lock_acquire_recursive
                0x08001d9a        0x2 C:/ST/STM32CubeCLT_1.17.0/GNU-tools-for-STM32/bin/../lib/gcc/arm-none-eabi/12.3.1/../../../../arm-none-eabi/lib/thumb/v7-m/nofp\libc_nano.a(libc_a-lock.o)
                0x08001d9a                __retarget_lock_acquire_recursive
 .text.__retarget_lock_release_recursive
                0x08001d9c        0x2 C:/ST/STM32CubeCLT_1.17.0/GNU-tools-for-STM32/bin/../lib/gcc/arm-none-eabi/12.3.1/../../../../arm-none-eabi/lib/thumb/v7-m/nofp\libc_nano.a(libc_a-lock.o)
                0x08001d9c                __retarget_lock_release_recursive
 .text.memchr   0x08001d9e       0x1c C:/ST/STM32CubeCLT_1.17.0/GNU-tools-for-STM32/bin/../lib/gcc/arm-none-eabi/12.3.1/../../../../arm-none-eabi/lib/thumb/v7-m/nofp\libc_nano.a(libc_a-memchr-stub.o)
                0x08001d9e                memchr
 .text.quorem   0x08001dba      0x110 C:/ST/STM32CubeCLT_1.17.0/GNU-tools-for-STM32/bin/../lib/gcc/arm-none-eabi/12.3.1/../../../../arm-none-eabi/lib/thumb/v7-m/nofp\libc_nano.a(libc_a-dtoa.o)
 *fill*         0x08001eca        0x6 
 .text._dtoa_r  0x08001ed0      0xb90 C:/ST/STM32CubeCLT_1.17.0/GNU-tools-for-STM32/bin/../lib/gcc/arm-none-eabi/12.3.1/../../../../arm-none-eabi/lib/thumb/v7-m/nofp\libc_nano.a(libc_a-dtoa.o)
                0x08001ed0                _dtoa_r
 .text._free_r  0x08002a60       0x90 C:/ST/STM32CubeCLT_1.17.0/GNU-tools-for-STM32/bin/../lib/gcc/arm-none-eabi/12.3.1/../../../../arm-none-eabi/lib/thumb/v7-m/nofp\libc_nano.a(libc_a-freer.o)
                0x08002a60                _free_r
 .text.malloc   0x08002af0       0x10 C:/ST/STM32CubeCLT_1.17.0/GNU-tools-for-STM32/bin/../lib/gcc/arm-none-eabi/12.3.1/../../../../arm-none-eabi/lib/thumb/v7-m/nofp\libc_nano.a(libc_a-malloc.o)
                0x08002af0                malloc
 .text.sbrk_aligned
                0x08002b00       0x44 C:/ST/STM32CubeCLT_1.17.0/GNU-tools-for-STM32/bin/../lib/gcc/arm-none-eabi/12.3.1/../../../../arm-none-eabi/lib/thumb/v7-m/nofp\libc_nano.a(libc_a-mallocr.o)
 .text._malloc_r
                0x08002b44      0x100 C:/ST/STM32CubeCLT_1.17.0/GNU-tools-for-STM32/bin/../lib/gcc/arm-none-eabi/12.3.1/../../../../arm-none-eabi/lib/thumb/v7-m/nofp\libc_nano.a(libc_a-mallocr.o)
                0x08002b44                _malloc_r
 .text.__malloc_lock
                0x08002c44        0xc C:/ST/STM32CubeCLT_1.17.0/GNU-tools-for-STM32/bin/../lib/gcc/arm-none-eabi/12.3.1/../../../../arm-none-eabi/lib/thumb/v7-m/nofp\libc_nano.a(libc_a-mlock.o)
                0x08002c44                __malloc_lock
 .text.__malloc_unlock
                0x08002c50        0xc C:/ST/STM32CubeCLT_1.17.0/GNU-tools-for-STM32/bin/../lib/gcc/arm-none-eabi/12.3.1/../../../../arm-none-eabi/lib/thumb/v7-m/nofp\libc_nano.a(libc_a-mlock.o)
                0x08002c50                __malloc_unlock
 .text._Balloc  0x08002c5c       0x80 C:/ST/STM32CubeCLT_1.17.0/GNU-tools-for-STM32/bin/../lib/gcc/arm-none-eabi/12.3.1/../../../../arm-none-eabi/lib/thumb/v7-m/nofp\libc_nano.a(libc_a-mprec.o)
                0x08002c5c                _Balloc
 .text._Bfree   0x08002cdc       0x44 C:/ST/STM32CubeCLT_1.17.0/GNU-tools-for-STM32/bin/../lib/gcc/arm-none-eabi/12.3.1/../../../../arm-none-eabi/lib/thumb/v7-m/nofp\libc_nano.a(libc_a-mprec.o)
                0x08002cdc                _Bfree
 .text.__multadd
                0x08002d20       0x8c C:/ST/STM32CubeCLT_1.17.0/GNU-tools-for-STM32/bin/../lib/gcc/arm-none-eabi/12.3.1/../../../../arm-none-eabi/lib/thumb/v7-m/nofp\libc_nano.a(libc_a-mprec.o)
                0x08002d20                __multadd
 .text.__s2b    0x08002dac       0x94 C:/ST/STM32CubeCLT_1.17.0/GNU-tools-for-STM32/bin/../lib/gcc/arm-none-eabi/12.3.1/../../../../arm-none-eabi/lib/thumb/v7-m/nofp\libc_nano.a(libc_a-mprec.o)
                0x08002dac                __s2b
 .text.__hi0bits
                0x08002e40       0x3e C:/ST/STM32CubeCLT_1.17.0/GNU-tools-for-STM32/bin/../lib/gcc/arm-none-eabi/12.3.1/../../../../arm-none-eabi/lib/thumb/v7-m/nofp\libc_nano.a(libc_a-mprec.o)
                0x08002e40                __hi0bits
 .text.__lo0bits
                0x08002e7e       0x5a C:/ST/STM32CubeCLT_1.17.0/GNU-tools-for-STM32/bin/../lib/gcc/arm-none-eabi/12.3.1/../../../../arm-none-eabi/lib/thumb/v7-m/nofp\libc_nano.a(libc_a-mprec.o)
                0x08002e7e                __lo0bits
 .text.__i2b    0x08002ed8       0x2c C:/ST/STM32CubeCLT_1.17.0/GNU-tools-for-STM32/bin/../lib/gcc/arm-none-eabi/12.3.1/../../../../arm-none-eabi/lib/thumb/v7-m/nofp\libc_nano.a(libc_a-mprec.o)
                0x08002ed8                __i2b
 .text.__multiply
                0x08002f04      0x150 C:/ST/STM32CubeCLT_1.17.0/GNU-tools-for-STM32/bin/../lib/gcc/arm-none-eabi/12.3.1/../../../../arm-none-eabi/lib/thumb/v7-m/nofp\libc_nano.a(libc_a-mprec.o)
                0x08002f04                __multiply
 .text.__pow5mult
                0x08003054       0xb4 C:/ST/STM32CubeCLT_1.17.0/GNU-tools-for-STM32/bin/../lib/gcc/arm-none-eabi/12.3.1/../../../../arm-none-eabi/lib/thumb/v7-m/nofp\libc_nano.a(libc_a-mprec.o)
                0x08003054                __pow5mult
 .text.__lshift
                0x08003108       0xd8 C:/ST/STM32CubeCLT_1.17.0/GNU-tools-for-STM32/bin/../lib/gcc/arm-none-eabi/12.3.1/../../../../arm-none-eabi/lib/thumb/v7-m/nofp\libc_nano.a(libc_a-mprec.o)
                0x08003108                __lshift
 .text.__mcmp   0x080031e0       0x36 C:/ST/STM32CubeCLT_1.17.0/GNU-tools-for-STM32/bin/../lib/gcc/arm-none-eabi/12.3.1/../../../../arm-none-eabi/lib/thumb/v7-m/nofp\libc_nano.a(libc_a-mprec.o)
                0x080031e0                __mcmp
 *fill*         0x08003216        0x2 
 .text.__mdiff  0x08003218      0x128 C:/ST/STM32CubeCLT_1.17.0/GNU-tools-for-STM32/bin/../lib/gcc/arm-none-eabi/12.3.1/../../../../arm-none-eabi/lib/thumb/v7-m/nofp\libc_nano.a(libc_a-mprec.o)
                0x08003218                __mdiff
 .text.__ulp    0x08003340       0x40 C:/ST/STM32CubeCLT_1.17.0/GNU-tools-for-STM32/bin/../lib/gcc/arm-none-eabi/12.3.1/../../../../arm-none-eabi/lib/thumb/v7-m/nofp\libc_nano.a(libc_a-mprec.o)
                0x08003340                __ulp
 .text.__b2d    0x08003380       0x90 C:/ST/STM32CubeCLT_1.17.0/GNU-tools-for-STM32/bin/../lib/gcc/arm-none-eabi/12.3.1/../../../../arm-none-eabi/lib/thumb/v7-m/nofp\libc_nano.a(libc_a-mprec.o)
                0x08003380                __b2d
 .text.__d2b    0x08003410       0xb0 C:/ST/STM32CubeCLT_1.17.0/GNU-tools-for-STM32/bin/../lib/gcc/arm-none-eabi/12.3.1/../../../../arm-none-eabi/lib/thumb/v7-m/nofp\libc_nano.a(libc_a-mprec.o)
                0x08003410                __d2b
 .text.__ratio  0x080034c0       0x60 C:/ST/STM32CubeCLT_1.17.0/GNU-tools-for-STM32/bin/../lib/gcc/arm-none-eabi/12.3.1/../../../../arm-none-eabi/lib/thumb/v7-m/nofp\libc_nano.a(libc_a-mprec.o)
                0x080034c0                __ratio
 .text.__copybits
                0x08003520       0x46 C:/ST/STM32CubeCLT_1.17.0/GNU-tools-for-STM32/bin/../lib/gcc/arm-none-eabi/12.3.1/../../../../arm-none-eabi/lib/thumb/v7-m/nofp\libc_nano.a(libc_a-mprec.o)
                0x08003520                __copybits
 .text.__any_on
                0x08003566       0x42 C:/ST/STM32CubeCLT_1.17.0/GNU-tools-for-STM32/bin/../lib/gcc/arm-none-eabi/12.3.1/../../../../arm-none-eabi/lib/thumb/v7-m/nofp\libc_nano.a(libc_a-mprec.o)
                0x08003566                __any_on
 .text.__sflush_r
                0x080035a8      0x100 C:/ST/STM32CubeCLT_1.17.0/GNU-tools-for-STM32/bin/../lib/gcc/arm-none-eabi/12.3.1/../../../../arm-none-eabi/lib/thumb/v7-m/nofp\libc_nano.a(libc_a-fflush.o)
                0x080035a8                __sflush_r
 .text._fflush_r
                0x080036a8       0x50 C:/ST/STM32CubeCLT_1.17.0/GNU-tools-for-STM32/bin/../lib/gcc/arm-none-eabi/12.3.1/../../../../arm-none-eabi/lib/thumb/v7-m/nofp\libc_nano.a(libc_a-fflush.o)
                0x080036a8                _fflush_r
 .text._sbrk_r  0x080036f8       0x20 C:/ST/STM32CubeCLT_1.17.0/GNU-tools-for-STM32/bin/../lib/gcc/arm-none-eabi/12.3.1/../../../../arm-none-eabi/lib/thumb/v7-m/nofp\libc_nano.a(libc_a-sbrkr.o)
                0x080036f8                _sbrk_r
 .text.memcpy   0x08003718       0x1c C:/ST/STM32CubeCLT_1.17.0/GNU-tools-for-STM32/bin/../lib/gcc/arm-none-eabi/12.3.1/../../../../arm-none-eabi/lib/thumb/v7-m/nofp\libc_nano.a(libc_a-memcpy-stub.o)
                0x08003718                memcpy
 .text.__assert_func
                0x08003734       0x3c C:/ST/STM32CubeCLT_1.17.0/GNU-tools-for-STM32/bin/../lib/gcc/arm-none-eabi/12.3.1/../../../../arm-none-eabi/lib/thumb/v7-m/nofp\libc_nano.a(libc_a-assert.o)
                0x08003734                __assert_func
 .text._calloc_r
                0x08003770       0x28 C:/ST/STM32CubeCLT_1.17.0/GNU-tools-for-STM32/bin/../lib/gcc/arm-none-eabi/12.3.1/../../../../arm-none-eabi/lib/thumb/v7-m/nofp\libc_nano.a(libc_a-callocr.o)
                0x08003770                _calloc_r
 .text.__ascii_mbtowc
                0x08003798       0x24 C:/ST/STM32CubeCLT_1.17.0/GNU-tools-for-STM32/bin/../lib/gcc/arm-none-eabi/12.3.1/../../../../arm-none-eabi/lib/thumb/v7-m/nofp\libc_nano.a(libc_a-mbtowc_r.o)
                0x08003798                __ascii_mbtowc
 .text.__ascii_wctomb
                0x080037bc       0x1a C:/ST/STM32CubeCLT_1.17.0/GNU-tools-for-STM32/bin/../lib/gcc/arm-none-eabi/12.3.1/../../../../arm-none-eabi/lib/thumb/v7-m/nofp\libc_nano.a(libc_a-wctomb_r.o)
                0x080037bc                __ascii_wctomb
 *fill*         0x080037d6        0x2 
 .text.fprintf  0x080037d8       0x24 C:/ST/STM32CubeCLT_1.17.0/GNU-tools-for-STM32/bin/../lib/gcc/arm-none-eabi/12.3.1/../../../../arm-none-eabi/lib/thumb/v7-m/nofp\libc_nano.a(libc_a-fprintf.o)
                0x080037d8                fiprintf
                0x080037d8                fprintf
 .text.abort    0x080037fc        0xe C:/ST/STM32CubeCLT_1.17.0/GNU-tools-for-STM32/bin/../lib/gcc/arm-none-eabi/12.3.1/../../../../arm-none-eabi/lib/thumb/v7-m/nofp\libc_nano.a(libc_a-abort.o)
                0x080037fc                abort
 .text.__sfputc_r
                0x0800380a       0x2a C:/ST/STM32CubeCLT_1.17.0/GNU-tools-for-STM32/bin/../lib/gcc/arm-none-eabi/12.3.1/../../../../arm-none-eabi/lib/thumb/v7-m/nofp\libc_nano.a(libc_a-nano-vfprintf.o)
 .text.__sfputs_r
                0x08003834       0x24 C:/ST/STM32CubeCLT_1.17.0/GNU-tools-for-STM32/bin/../lib/gcc/arm-none-eabi/12.3.1/../../../../arm-none-eabi/lib/thumb/v7-m/nofp\libc_nano.a(libc_a-nano-vfprintf.o)
                0x08003834                __sfputs_r
 .text._vfprintf_r
                0x08003858      0x230 C:/ST/STM32CubeCLT_1.17.0/GNU-tools-for-STM32/bin/../lib/gcc/arm-none-eabi/12.3.1/../../../../arm-none-eabi/lib/thumb/v7-m/nofp\libc_nano.a(libc_a-nano-vfprintf.o)
                0x08003858                _vfprintf_r
                0x08003858                _vfiprintf_r
 .text.__swbuf_r
                0x08003a88       0x7c C:/ST/STM32CubeCLT_1.17.0/GNU-tools-for-STM32/bin/../lib/gcc/arm-none-eabi/12.3.1/../../../../arm-none-eabi/lib/thumb/v7-m/nofp\libc_nano.a(libc_a-wbuf.o)
                0x08003a88                __swbuf_r
 .text.__swsetup_r
                0x08003b04       0xac C:/ST/STM32CubeCLT_1.17.0/GNU-tools-for-STM32/bin/../lib/gcc/arm-none-eabi/12.3.1/../../../../arm-none-eabi/lib/thumb/v7-m/nofp\libc_nano.a(libc_a-wsetup.o)
                0x08003b04                __swsetup_r
 .text.memmove  0x08003bb0       0x34 C:/ST/STM32CubeCLT_1.17.0/GNU-tools-for-STM32/bin/../lib/gcc/arm-none-eabi/12.3.1/../../../../arm-none-eabi/lib/thumb/v7-m/nofp\libc_nano.a(libc_a-memmove.o)
                0x08003bb0                memmove
 .text._raise_r
                0x08003be4       0x50 C:/ST/STM32CubeCLT_1.17.0/GNU-tools-for-STM32/bin/../lib/gcc/arm-none-eabi/12.3.1/../../../../arm-none-eabi/lib/thumb/v7-m/nofp\libc_nano.a(libc_a-signal.o)
                0x08003be4                _raise_r
 .text.raise    0x08003c34       0x10 C:/ST/STM32CubeCLT_1.17.0/GNU-tools-for-STM32/bin/../lib/gcc/arm-none-eabi/12.3.1/../../../../arm-none-eabi/lib/thumb/v7-m/nofp\libc_nano.a(libc_a-signal.o)
                0x08003c34                raise
 .text._kill_r  0x08003c44       0x24 C:/ST/STM32CubeCLT_1.17.0/GNU-tools-for-STM32/bin/../lib/gcc/arm-none-eabi/12.3.1/../../../../arm-none-eabi/lib/thumb/v7-m/nofp\libc_nano.a(libc_a-signalr.o)
                0x08003c44                _kill_r
 .text._getpid_r
                0x08003c68        0x4 C:/ST/STM32CubeCLT_1.17.0/GNU-tools-for-STM32/bin/../lib/gcc/arm-none-eabi/12.3.1/../../../../arm-none-eabi/lib/thumb/v7-m/nofp\libc_nano.a(libc_a-signalr.o)
                0x08003c68                _getpid_r
 .text._realloc_r
                0x08003c6c       0x5c C:/ST/STM32CubeCLT_1.17.0/GNU-tools-for-STM32/bin/../lib/gcc/arm-none-eabi/12.3.1/../../../../arm-none-eabi/lib/thumb/v7-m/nofp\libc_nano.a(libc_a-reallocr.o)
                0x08003c6c                _realloc_r
 .text.__swhatbuf_r
                0x08003cc8       0x4a C:/ST/STM32CubeCLT_1.17.0/GNU-tools-for-STM32/bin/../lib/gcc/arm-none-eabi/12.3.1/../../../../arm-none-eabi/lib/thumb/v7-m/nofp\libc_nano.a(libc_a-makebuf.o)
                0x08003cc8                __swhatbuf_r
 .text.__smakebuf_r
                0x08003d12       0x78 C:/ST/STM32CubeCLT_1.17.0/GNU-tools-for-STM32/bin/../lib/gcc/arm-none-eabi/12.3.1/../../../../arm-none-eabi/lib/thumb/v7-m/nofp\libc_nano.a(libc_a-makebuf.o)
                0x08003d12                __smakebuf_r
 *fill*         0x08003d8a        0x2 
 .text._fstat_r
                0x08003d8c       0x24 C:/ST/STM32CubeCLT_1.17.0/GNU-tools-for-STM32/bin/../lib/gcc/arm-none-eabi/12.3.1/../../../../arm-none-eabi/lib/thumb/v7-m/nofp\libc_nano.a(libc_a-fstatr.o)
                0x08003d8c                _fstat_r
 .text._isatty_r
                0x08003db0       0x20 C:/ST/STM32CubeCLT_1.17.0/GNU-tools-for-STM32/bin/../lib/gcc/arm-none-eabi/12.3.1/../../../../arm-none-eabi/lib/thumb/v7-m/nofp\libc_nano.a(libc_a-isattyr.o)
                0x08003db0                _isatty_r
 .text._malloc_usable_size_r
                0x08003dd0       0x10 C:/ST/STM32CubeCLT_1.17.0/GNU-tools-for-STM32/bin/../lib/gcc/arm-none-eabi/12.3.1/../../../../arm-none-eabi/lib/thumb/v7-m/nofp\libc_nano.a(libc_a-msizer.o)
                0x08003dd0                _malloc_usable_size_r
 .text.main     0x08003de0      0x104 CMakeFiles/Senior.dir/Core/Src/main.c.obj
                0x08003de0                main
 .text.SystemClock_Config
                0x08003ee4       0xac CMakeFiles/Senior.dir/Core/Src/main.c.obj
                0x08003ee4                SystemClock_Config
 .text.MX_ADC1_Init
                0x08003f90       0x7c CMakeFiles/Senior.dir/Core/Src/main.c.obj
 .text.MX_TIM1_Init
                0x0800400c      0x140 CMakeFiles/Senior.dir/Core/Src/main.c.obj
 .text.MX_TIM2_Init
                0x0800414c       0xc8 CMakeFiles/Senior.dir/Core/Src/main.c.obj
 .text.MX_TIM3_Init
                0x08004214       0xec CMakeFiles/Senior.dir/Core/Src/main.c.obj
 .text.MX_TIM4_Init
                0x08004300       0xa8 CMakeFiles/Senior.dir/Core/Src/main.c.obj
 .text.MX_USART2_UART_Init
                0x080043a8       0x54 CMakeFiles/Senior.dir/Core/Src/main.c.obj
 .text.MX_DMA_Init
                0x080043fc       0x5c CMakeFiles/Senior.dir/Core/Src/main.c.obj
 .text.MX_GPIO_Init
                0x08004458      0x104 CMakeFiles/Senior.dir/Core/Src/main.c.obj
 *fill*         0x0800455c        0x4 
 .text.Apply_EMA_filter
                0x08004560       0x94 CMakeFiles/Senior.dir/Core/Src/main.c.obj
                0x08004560                Apply_EMA_filter
 .text.Reset_Experiment_State
                0x080045f4       0xe0 CMakeFiles/Senior.dir/Core/Src/main.c.obj
                0x080045f4                Reset_Experiment_State
 .text.Motor_Steps
                0x080046d4       0x5c CMakeFiles/Senior.dir/Core/Src/main.c.obj
                0x080046d4                Motor_Steps
 .text.HAL_TIM_PWM_PulseFinishedCallback
                0x08004730       0xac CMakeFiles/Senior.dir/Core/Src/main.c.obj
                0x08004730                HAL_TIM_PWM_PulseFinishedCallback
 .text.Motor_Enable
                0x080047dc      0x13c CMakeFiles/Senior.dir/Core/Src/main.c.obj
                0x080047dc                Motor_Enable
 .text.Motor_SetDirection
                0x08004918       0x34 CMakeFiles/Senior.dir/Core/Src/main.c.obj
                0x08004918                Motor_SetDirection
 .text.Motor_SetPWM
                0x0800494c       0x18 CMakeFiles/Senior.dir/Core/Src/main.c.obj
                0x0800494c                Motor_SetPWM
 .text.HAL_TIM_PeriodElapsedCallback
                0x08004964       0x74 CMakeFiles/Senior.dir/Core/Src/main.c.obj
                0x08004964                HAL_TIM_PeriodElapsedCallback
 .text.Calculate_Torque
                0x080049d8       0x78 CMakeFiles/Senior.dir/Core/Src/main.c.obj
                0x080049d8                Calculate_Torque
 .text.HAL_UART_RxCpltCallback
                0x08004a50      0x488 CMakeFiles/Senior.dir/Core/Src/main.c.obj
                0x08004a50                HAL_UART_RxCpltCallback
 .text.HAL_UART_TxCpltCallback
                0x08004ed8       0x2c CMakeFiles/Senior.dir/Core/Src/main.c.obj
                0x08004ed8                HAL_UART_TxCpltCallback
 .text.GetMicroseconds
                0x08004f04       0x54 CMakeFiles/Senior.dir/Core/Src/main.c.obj
                0x08004f04                GetMicroseconds
 .text.Stream_Data
                0x08004f58      0x11c CMakeFiles/Senior.dir/Core/Src/main.c.obj
                0x08004f58                Stream_Data
 .text.HAL_ADC_ConvCpltCallback
                0x08005074       0x60 CMakeFiles/Senior.dir/Core/Src/main.c.obj
                0x08005074                HAL_ADC_ConvCpltCallback
 .text.Error_Handler
                0x080050d4        0xc CMakeFiles/Senior.dir/Core/Src/main.c.obj
                0x080050d4                Error_Handler
 .text.NMI_Handler
                0x080050e0        0x8 CMakeFiles/Senior.dir/Core/Src/stm32f1xx_it.c.obj
                0x080050e0                NMI_Handler
 .text.HardFault_Handler
                0x080050e8        0x8 CMakeFiles/Senior.dir/Core/Src/stm32f1xx_it.c.obj
                0x080050e8                HardFault_Handler
 .text.MemManage_Handler
                0x080050f0        0x8 CMakeFiles/Senior.dir/Core/Src/stm32f1xx_it.c.obj
                0x080050f0                MemManage_Handler
 .text.BusFault_Handler
                0x080050f8        0x8 CMakeFiles/Senior.dir/Core/Src/stm32f1xx_it.c.obj
                0x080050f8                BusFault_Handler
 .text.UsageFault_Handler
                0x08005100        0x8 CMakeFiles/Senior.dir/Core/Src/stm32f1xx_it.c.obj
                0x08005100                UsageFault_Handler
 .text.SVC_Handler
                0x08005108        0xc CMakeFiles/Senior.dir/Core/Src/stm32f1xx_it.c.obj
                0x08005108                SVC_Handler
 .text.DebugMon_Handler
                0x08005114        0xc CMakeFiles/Senior.dir/Core/Src/stm32f1xx_it.c.obj
                0x08005114                DebugMon_Handler
 .text.PendSV_Handler
                0x08005120        0xc CMakeFiles/Senior.dir/Core/Src/stm32f1xx_it.c.obj
                0x08005120                PendSV_Handler
 .text.SysTick_Handler
                0x0800512c        0xc CMakeFiles/Senior.dir/Core/Src/stm32f1xx_it.c.obj
                0x0800512c                SysTick_Handler
 .text.DMA1_Channel1_IRQHandler
                0x08005138       0x14 CMakeFiles/Senior.dir/Core/Src/stm32f1xx_it.c.obj
                0x08005138                DMA1_Channel1_IRQHandler
 .text.DMA1_Channel6_IRQHandler
                0x0800514c       0x14 CMakeFiles/Senior.dir/Core/Src/stm32f1xx_it.c.obj
                0x0800514c                DMA1_Channel6_IRQHandler
 .text.DMA1_Channel7_IRQHandler
                0x08005160       0x14 CMakeFiles/Senior.dir/Core/Src/stm32f1xx_it.c.obj
                0x08005160                DMA1_Channel7_IRQHandler
 .text.TIM1_UP_IRQHandler
                0x08005174       0x14 CMakeFiles/Senior.dir/Core/Src/stm32f1xx_it.c.obj
                0x08005174                TIM1_UP_IRQHandler
 .text.TIM2_IRQHandler
                0x08005188       0x14 CMakeFiles/Senior.dir/Core/Src/stm32f1xx_it.c.obj
                0x08005188                TIM2_IRQHandler
 .text.TIM3_IRQHandler
                0x0800519c       0x14 CMakeFiles/Senior.dir/Core/Src/stm32f1xx_it.c.obj
                0x0800519c                TIM3_IRQHandler
 .text.USART2_IRQHandler
                0x080051b0       0x14 CMakeFiles/Senior.dir/Core/Src/stm32f1xx_it.c.obj
                0x080051b0                USART2_IRQHandler
 .text.EXTI15_10_IRQHandler
                0x080051c4       0x10 CMakeFiles/Senior.dir/Core/Src/stm32f1xx_it.c.obj
                0x080051c4                EXTI15_10_IRQHandler
 .text.HAL_MspInit
                0x080051d4       0x64 CMakeFiles/Senior.dir/Core/Src/stm32f1xx_hal_msp.c.obj
                0x080051d4                HAL_MspInit
 .text.HAL_ADC_MspInit
                0x08005238       0xd0 CMakeFiles/Senior.dir/Core/Src/stm32f1xx_hal_msp.c.obj
                0x08005238                HAL_ADC_MspInit
 .text.HAL_TIM_Base_MspInit
                0x08005308       0xb8 CMakeFiles/Senior.dir/Core/Src/stm32f1xx_hal_msp.c.obj
                0x08005308                HAL_TIM_Base_MspInit
 .text.HAL_TIM_Encoder_MspInit
                0x080053c0       0x7c CMakeFiles/Senior.dir/Core/Src/stm32f1xx_hal_msp.c.obj
                0x080053c0                HAL_TIM_Encoder_MspInit
 .text.HAL_TIM_MspPostInit
                0x0800543c       0xa8 CMakeFiles/Senior.dir/Core/Src/stm32f1xx_hal_msp.c.obj
                0x0800543c                HAL_TIM_MspPostInit
 .text.HAL_UART_MspInit
                0x080054e4      0x138 CMakeFiles/Senior.dir/Core/Src/stm32f1xx_hal_msp.c.obj
                0x080054e4                HAL_UART_MspInit
 .text.HAL_ADC_Init
                0x0800561c      0x1b0 CMakeFiles/Senior.dir/Drivers/STM32F1xx_HAL_Driver/Src/stm32f1xx_hal_adc.c.obj
                0x0800561c                HAL_ADC_Init
 .text.HAL_ADC_Start_DMA
                0x080057cc      0x1bc CMakeFiles/Senior.dir/Drivers/STM32F1xx_HAL_Driver/Src/stm32f1xx_hal_adc.c.obj
                0x080057cc                HAL_ADC_Start_DMA
 .text.HAL_ADC_ConvHalfCpltCallback
                0x08005988       0x12 CMakeFiles/Senior.dir/Drivers/STM32F1xx_HAL_Driver/Src/stm32f1xx_hal_adc.c.obj
                0x08005988                HAL_ADC_ConvHalfCpltCallback
 .text.HAL_ADC_ErrorCallback
                0x0800599a       0x12 CMakeFiles/Senior.dir/Drivers/STM32F1xx_HAL_Driver/Src/stm32f1xx_hal_adc.c.obj
                0x0800599a                HAL_ADC_ErrorCallback
 .text.HAL_ADC_ConfigChannel
                0x080059ac      0x1f0 CMakeFiles/Senior.dir/Drivers/STM32F1xx_HAL_Driver/Src/stm32f1xx_hal_adc.c.obj
                0x080059ac                HAL_ADC_ConfigChannel
 .text.ADC_Enable
                0x08005b9c       0xa4 CMakeFiles/Senior.dir/Drivers/STM32F1xx_HAL_Driver/Src/stm32f1xx_hal_adc.c.obj
                0x08005b9c                ADC_Enable
 .text.ADC_ConversionStop_Disable
                0x08005c40       0x74 CMakeFiles/Senior.dir/Drivers/STM32F1xx_HAL_Driver/Src/stm32f1xx_hal_adc.c.obj
                0x08005c40                ADC_ConversionStop_Disable
 .text.ADC_DMAConvCplt
                0x08005cb4       0x7c CMakeFiles/Senior.dir/Drivers/STM32F1xx_HAL_Driver/Src/stm32f1xx_hal_adc.c.obj
                0x08005cb4                ADC_DMAConvCplt
 .text.ADC_DMAHalfConvCplt
                0x08005d30       0x1c CMakeFiles/Senior.dir/Drivers/STM32F1xx_HAL_Driver/Src/stm32f1xx_hal_adc.c.obj
                0x08005d30                ADC_DMAHalfConvCplt
 .text.ADC_DMAError
                0x08005d4c       0x34 CMakeFiles/Senior.dir/Drivers/STM32F1xx_HAL_Driver/Src/stm32f1xx_hal_adc.c.obj
                0x08005d4c                ADC_DMAError
 .text.HAL_ADCEx_Calibration_Start
                0x08005d80      0x138 CMakeFiles/Senior.dir/Drivers/STM32F1xx_HAL_Driver/Src/stm32f1xx_hal_adc_ex.c.obj
                0x08005d80                HAL_ADCEx_Calibration_Start
 .text.HAL_Init
                0x08005eb8       0x2c CMakeFiles/Senior.dir/Drivers/STM32F1xx_HAL_Driver/Src/stm32f1xx_hal.c.obj
                0x08005eb8                HAL_Init
 .text.HAL_InitTick
                0x08005ee4       0x60 CMakeFiles/Senior.dir/Drivers/STM32F1xx_HAL_Driver/Src/stm32f1xx_hal.c.obj
                0x08005ee4                HAL_InitTick
 .text.HAL_IncTick
                0x08005f44       0x24 CMakeFiles/Senior.dir/Drivers/STM32F1xx_HAL_Driver/Src/stm32f1xx_hal.c.obj
                0x08005f44                HAL_IncTick
 .text.HAL_GetTick
                0x08005f68       0x14 CMakeFiles/Senior.dir/Drivers/STM32F1xx_HAL_Driver/Src/stm32f1xx_hal.c.obj
                0x08005f68                HAL_GetTick
 .text.HAL_RCC_OscConfig
                0x08005f7c      0x504 CMakeFiles/Senior.dir/Drivers/STM32F1xx_HAL_Driver/Src/stm32f1xx_hal_rcc.c.obj
                0x08005f7c                HAL_RCC_OscConfig
 .text.HAL_RCC_ClockConfig
                0x08006480      0x1d4 CMakeFiles/Senior.dir/Drivers/STM32F1xx_HAL_Driver/Src/stm32f1xx_hal_rcc.c.obj
                0x08006480                HAL_RCC_ClockConfig
 .text.HAL_RCC_GetSysClockFreq
                0x08006654       0xbc CMakeFiles/Senior.dir/Drivers/STM32F1xx_HAL_Driver/Src/stm32f1xx_hal_rcc.c.obj
                0x08006654                HAL_RCC_GetSysClockFreq
 .text.HAL_RCC_GetHCLKFreq
                0x08006710       0x14 CMakeFiles/Senior.dir/Drivers/STM32F1xx_HAL_Driver/Src/stm32f1xx_hal_rcc.c.obj
                0x08006710                HAL_RCC_GetHCLKFreq
 .text.HAL_RCC_GetPCLK1Freq
                0x08006724       0x28 CMakeFiles/Senior.dir/Drivers/STM32F1xx_HAL_Driver/Src/stm32f1xx_hal_rcc.c.obj
                0x08006724                HAL_RCC_GetPCLK1Freq
 .text.HAL_RCC_GetPCLK2Freq
                0x0800674c       0x28 CMakeFiles/Senior.dir/Drivers/STM32F1xx_HAL_Driver/Src/stm32f1xx_hal_rcc.c.obj
                0x0800674c                HAL_RCC_GetPCLK2Freq
 .text.RCC_Delay
                0x08006774       0x3c CMakeFiles/Senior.dir/Drivers/STM32F1xx_HAL_Driver/Src/stm32f1xx_hal_rcc.c.obj
 .text.HAL_RCCEx_PeriphCLKConfig
                0x080067b0      0x16c CMakeFiles/Senior.dir/Drivers/STM32F1xx_HAL_Driver/Src/stm32f1xx_hal_rcc_ex.c.obj
                0x080067b0                HAL_RCCEx_PeriphCLKConfig
 .text.HAL_RCCEx_GetPeriphCLKFreq
                0x0800691c      0x180 CMakeFiles/Senior.dir/Drivers/STM32F1xx_HAL_Driver/Src/stm32f1xx_hal_rcc_ex.c.obj
                0x0800691c                HAL_RCCEx_GetPeriphCLKFreq
 .text.HAL_GPIO_Init
                0x08006a9c      0x308 CMakeFiles/Senior.dir/Drivers/STM32F1xx_HAL_Driver/Src/stm32f1xx_hal_gpio.c.obj
                0x08006a9c                HAL_GPIO_Init
 .text.HAL_GPIO_WritePin
                0x08006da4       0x30 CMakeFiles/Senior.dir/Drivers/STM32F1xx_HAL_Driver/Src/stm32f1xx_hal_gpio.c.obj
                0x08006da4                HAL_GPIO_WritePin
 .text.HAL_GPIO_TogglePin
                0x08006dd4       0x30 CMakeFiles/Senior.dir/Drivers/STM32F1xx_HAL_Driver/Src/stm32f1xx_hal_gpio.c.obj
                0x08006dd4                HAL_GPIO_TogglePin
 .text.HAL_GPIO_EXTI_IRQHandler
                0x08006e04       0x30 CMakeFiles/Senior.dir/Drivers/STM32F1xx_HAL_Driver/Src/stm32f1xx_hal_gpio.c.obj
                0x08006e04                HAL_GPIO_EXTI_IRQHandler
 .text.HAL_GPIO_EXTI_Callback
                0x08006e34       0x14 CMakeFiles/Senior.dir/Drivers/STM32F1xx_HAL_Driver/Src/stm32f1xx_hal_gpio.c.obj
                0x08006e34                HAL_GPIO_EXTI_Callback
 .text.HAL_DMA_Init
                0x08006e48       0xb4 CMakeFiles/Senior.dir/Drivers/STM32F1xx_HAL_Driver/Src/stm32f1xx_hal_dma.c.obj
                0x08006e48                HAL_DMA_Init
 .text.HAL_DMA_Start_IT
                0x08006efc       0xbe CMakeFiles/Senior.dir/Drivers/STM32F1xx_HAL_Driver/Src/stm32f1xx_hal_dma.c.obj
                0x08006efc                HAL_DMA_Start_IT
 *fill*         0x08006fba        0x2 
 .text.HAL_DMA_Abort_IT
                0x08006fbc       0xec CMakeFiles/Senior.dir/Drivers/STM32F1xx_HAL_Driver/Src/stm32f1xx_hal_dma.c.obj
                0x08006fbc                HAL_DMA_Abort_IT
 .text.HAL_DMA_IRQHandler
                0x080070a8      0x20c CMakeFiles/Senior.dir/Drivers/STM32F1xx_HAL_Driver/Src/stm32f1xx_hal_dma.c.obj
                0x080070a8                HAL_DMA_IRQHandler
 .text.DMA_SetConfig
                0x080072b4       0x5a CMakeFiles/Senior.dir/Drivers/STM32F1xx_HAL_Driver/Src/stm32f1xx_hal_dma.c.obj
 *fill*         0x0800730e        0x2 
 .text.__NVIC_SetPriorityGrouping
                0x08007310       0x48 CMakeFiles/Senior.dir/Drivers/STM32F1xx_HAL_Driver/Src/stm32f1xx_hal_cortex.c.obj
 .text.__NVIC_GetPriorityGrouping
                0x08007358       0x1c CMakeFiles/Senior.dir/Drivers/STM32F1xx_HAL_Driver/Src/stm32f1xx_hal_cortex.c.obj
 .text.__NVIC_EnableIRQ
                0x08007374       0x38 CMakeFiles/Senior.dir/Drivers/STM32F1xx_HAL_Driver/Src/stm32f1xx_hal_cortex.c.obj
 .text.__NVIC_SetPriority
                0x080073ac       0x54 CMakeFiles/Senior.dir/Drivers/STM32F1xx_HAL_Driver/Src/stm32f1xx_hal_cortex.c.obj
 .text.NVIC_EncodePriority
                0x08007400       0x64 CMakeFiles/Senior.dir/Drivers/STM32F1xx_HAL_Driver/Src/stm32f1xx_hal_cortex.c.obj
 .text.SysTick_Config
                0x08007464       0x44 CMakeFiles/Senior.dir/Drivers/STM32F1xx_HAL_Driver/Src/stm32f1xx_hal_cortex.c.obj
 .text.HAL_NVIC_SetPriorityGrouping
                0x080074a8       0x16 CMakeFiles/Senior.dir/Drivers/STM32F1xx_HAL_Driver/Src/stm32f1xx_hal_cortex.c.obj
                0x080074a8                HAL_NVIC_SetPriorityGrouping
 .text.HAL_NVIC_SetPriority
                0x080074be       0x38 CMakeFiles/Senior.dir/Drivers/STM32F1xx_HAL_Driver/Src/stm32f1xx_hal_cortex.c.obj
                0x080074be                HAL_NVIC_SetPriority
 .text.HAL_NVIC_EnableIRQ
                0x080074f6       0x1c CMakeFiles/Senior.dir/Drivers/STM32F1xx_HAL_Driver/Src/stm32f1xx_hal_cortex.c.obj
                0x080074f6                HAL_NVIC_EnableIRQ
 .text.HAL_SYSTICK_Config
                0x08007512       0x18 CMakeFiles/Senior.dir/Drivers/STM32F1xx_HAL_Driver/Src/stm32f1xx_hal_cortex.c.obj
                0x08007512                HAL_SYSTICK_Config
 .text.HAL_TIM_Base_Init
                0x0800752a       0x56 CMakeFiles/Senior.dir/Drivers/STM32F1xx_HAL_Driver/Src/stm32f1xx_hal_tim.c.obj
                0x0800752a                HAL_TIM_Base_Init
 .text.HAL_TIM_Base_Stop
                0x08007580       0x54 CMakeFiles/Senior.dir/Drivers/STM32F1xx_HAL_Driver/Src/stm32f1xx_hal_tim.c.obj
                0x08007580                HAL_TIM_Base_Stop
 .text.HAL_TIM_Base_Start_IT
                0x080075d4       0x46 CMakeFiles/Senior.dir/Drivers/STM32F1xx_HAL_Driver/Src/stm32f1xx_hal_tim.c.obj
                0x080075d4                HAL_TIM_Base_Start_IT
 .text.HAL_TIM_OC_Init
                0x0800761a       0x56 CMakeFiles/Senior.dir/Drivers/STM32F1xx_HAL_Driver/Src/stm32f1xx_hal_tim.c.obj
                0x0800761a                HAL_TIM_OC_Init
 .text.HAL_TIM_OC_MspInit
                0x08007670       0x12 CMakeFiles/Senior.dir/Drivers/STM32F1xx_HAL_Driver/Src/stm32f1xx_hal_tim.c.obj
                0x08007670                HAL_TIM_OC_MspInit
 *fill*         0x08007682        0x2 
 .text.HAL_TIM_OC_Start
                0x08007684       0x64 CMakeFiles/Senior.dir/Drivers/STM32F1xx_HAL_Driver/Src/stm32f1xx_hal_tim.c.obj
                0x08007684                HAL_TIM_OC_Start
 .text.HAL_TIM_OC_Stop
                0x080076e8       0x90 CMakeFiles/Senior.dir/Drivers/STM32F1xx_HAL_Driver/Src/stm32f1xx_hal_tim.c.obj
                0x080076e8                HAL_TIM_OC_Stop
 .text.HAL_TIM_PWM_Init
                0x08007778       0x56 CMakeFiles/Senior.dir/Drivers/STM32F1xx_HAL_Driver/Src/stm32f1xx_hal_tim.c.obj
                0x08007778                HAL_TIM_PWM_Init
 .text.HAL_TIM_PWM_MspInit
                0x080077ce       0x12 CMakeFiles/Senior.dir/Drivers/STM32F1xx_HAL_Driver/Src/stm32f1xx_hal_tim.c.obj
                0x080077ce                HAL_TIM_PWM_MspInit
 .text.HAL_TIM_PWM_Start_IT
                0x080077e0       0xf0 CMakeFiles/Senior.dir/Drivers/STM32F1xx_HAL_Driver/Src/stm32f1xx_hal_tim.c.obj
                0x080077e0                HAL_TIM_PWM_Start_IT
 .text.HAL_TIM_PWM_Stop_IT
                0x080078d0      0x11c CMakeFiles/Senior.dir/Drivers/STM32F1xx_HAL_Driver/Src/stm32f1xx_hal_tim.c.obj
                0x080078d0                HAL_TIM_PWM_Stop_IT
 .text.HAL_TIM_Encoder_Init
                0x080079ec      0x11c CMakeFiles/Senior.dir/Drivers/STM32F1xx_HAL_Driver/Src/stm32f1xx_hal_tim.c.obj
                0x080079ec                HAL_TIM_Encoder_Init
 .text.HAL_TIM_Encoder_Start
                0x08007b08       0x70 CMakeFiles/Senior.dir/Drivers/STM32F1xx_HAL_Driver/Src/stm32f1xx_hal_tim.c.obj
                0x08007b08                HAL_TIM_Encoder_Start
 .text.HAL_TIM_Encoder_Stop
                0x08007b78       0x90 CMakeFiles/Senior.dir/Drivers/STM32F1xx_HAL_Driver/Src/stm32f1xx_hal_tim.c.obj
                0x08007b78                HAL_TIM_Encoder_Stop
 .text.HAL_TIM_IRQHandler
                0x08007c08      0x210 CMakeFiles/Senior.dir/Drivers/STM32F1xx_HAL_Driver/Src/stm32f1xx_hal_tim.c.obj
                0x08007c08                HAL_TIM_IRQHandler
 .text.HAL_TIM_OC_ConfigChannel
                0x08007e18       0xc0 CMakeFiles/Senior.dir/Drivers/STM32F1xx_HAL_Driver/Src/stm32f1xx_hal_tim.c.obj
                0x08007e18                HAL_TIM_OC_ConfigChannel
 .text.HAL_TIM_PWM_ConfigChannel
                0x08007ed8      0x18c CMakeFiles/Senior.dir/Drivers/STM32F1xx_HAL_Driver/Src/stm32f1xx_hal_tim.c.obj
                0x08007ed8                HAL_TIM_PWM_ConfigChannel
 .text.HAL_TIM_ConfigClockSource
                0x08008064      0x188 CMakeFiles/Senior.dir/Drivers/STM32F1xx_HAL_Driver/Src/stm32f1xx_hal_tim.c.obj
                0x08008064                HAL_TIM_ConfigClockSource
 .text.HAL_TIM_SlaveConfigSynchro
                0x080081ec       0x84 CMakeFiles/Senior.dir/Drivers/STM32F1xx_HAL_Driver/Src/stm32f1xx_hal_tim.c.obj
                0x080081ec                HAL_TIM_SlaveConfigSynchro
 .text.HAL_TIM_OC_DelayElapsedCallback
                0x08008270       0x12 CMakeFiles/Senior.dir/Drivers/STM32F1xx_HAL_Driver/Src/stm32f1xx_hal_tim.c.obj
                0x08008270                HAL_TIM_OC_DelayElapsedCallback
 .text.HAL_TIM_IC_CaptureCallback
                0x08008282       0x12 CMakeFiles/Senior.dir/Drivers/STM32F1xx_HAL_Driver/Src/stm32f1xx_hal_tim.c.obj
                0x08008282                HAL_TIM_IC_CaptureCallback
 .text.HAL_TIM_TriggerCallback
                0x08008294       0x12 CMakeFiles/Senior.dir/Drivers/STM32F1xx_HAL_Driver/Src/stm32f1xx_hal_tim.c.obj
                0x08008294                HAL_TIM_TriggerCallback
 *fill*         0x080082a6        0x2 
 .text.TIM_Base_SetConfig
                0x080082a8       0xc4 CMakeFiles/Senior.dir/Drivers/STM32F1xx_HAL_Driver/Src/stm32f1xx_hal_tim.c.obj
                0x080082a8                TIM_Base_SetConfig
 .text.TIM_OC1_SetConfig
                0x0800836c       0xcc CMakeFiles/Senior.dir/Drivers/STM32F1xx_HAL_Driver/Src/stm32f1xx_hal_tim.c.obj
 .text.TIM_OC2_SetConfig
                0x08008438       0xd4 CMakeFiles/Senior.dir/Drivers/STM32F1xx_HAL_Driver/Src/stm32f1xx_hal_tim.c.obj
                0x08008438                TIM_OC2_SetConfig
 .text.TIM_OC3_SetConfig
                0x0800850c       0xd4 CMakeFiles/Senior.dir/Drivers/STM32F1xx_HAL_Driver/Src/stm32f1xx_hal_tim.c.obj
 .text.TIM_OC4_SetConfig
                0x080085e0       0x9c CMakeFiles/Senior.dir/Drivers/STM32F1xx_HAL_Driver/Src/stm32f1xx_hal_tim.c.obj
 .text.TIM_SlaveTimer_SetConfig
                0x0800867c      0x11c CMakeFiles/Senior.dir/Drivers/STM32F1xx_HAL_Driver/Src/stm32f1xx_hal_tim.c.obj
 .text.TIM_TI1_ConfigInputStage
                0x08008798       0x5c CMakeFiles/Senior.dir/Drivers/STM32F1xx_HAL_Driver/Src/stm32f1xx_hal_tim.c.obj
 .text.TIM_TI2_ConfigInputStage
                0x080087f4       0x5e CMakeFiles/Senior.dir/Drivers/STM32F1xx_HAL_Driver/Src/stm32f1xx_hal_tim.c.obj
 .text.TIM_ITRx_SetConfig
                0x08008852       0x34 CMakeFiles/Senior.dir/Drivers/STM32F1xx_HAL_Driver/Src/stm32f1xx_hal_tim.c.obj
 .text.TIM_ETR_SetConfig
                0x08008886       0x3e CMakeFiles/Senior.dir/Drivers/STM32F1xx_HAL_Driver/Src/stm32f1xx_hal_tim.c.obj
                0x08008886                TIM_ETR_SetConfig
 .text.TIM_CCxChannelCmd
                0x080088c4       0x48 CMakeFiles/Senior.dir/Drivers/STM32F1xx_HAL_Driver/Src/stm32f1xx_hal_tim.c.obj
                0x080088c4                TIM_CCxChannelCmd
 .text.HAL_TIMEx_MasterConfigSynchronization
                0x0800890c       0x88 CMakeFiles/Senior.dir/Drivers/STM32F1xx_HAL_Driver/Src/stm32f1xx_hal_tim_ex.c.obj
                0x0800890c                HAL_TIMEx_MasterConfigSynchronization
 .text.HAL_TIMEx_ConfigBreakDeadTime
                0x08008994       0xa2 CMakeFiles/Senior.dir/Drivers/STM32F1xx_HAL_Driver/Src/stm32f1xx_hal_tim_ex.c.obj
                0x08008994                HAL_TIMEx_ConfigBreakDeadTime
 .text.HAL_TIMEx_CommutCallback
                0x08008a36       0x12 CMakeFiles/Senior.dir/Drivers/STM32F1xx_HAL_Driver/Src/stm32f1xx_hal_tim_ex.c.obj
                0x08008a36                HAL_TIMEx_CommutCallback
 .text.HAL_TIMEx_BreakCallback
                0x08008a48       0x12 CMakeFiles/Senior.dir/Drivers/STM32F1xx_HAL_Driver/Src/stm32f1xx_hal_tim_ex.c.obj
                0x08008a48                HAL_TIMEx_BreakCallback
 .text.HAL_UART_Init
                0x08008a5a       0x9a CMakeFiles/Senior.dir/Drivers/STM32F1xx_HAL_Driver/Src/stm32f1xx_hal_uart.c.obj
                0x08008a5a                HAL_UART_Init
 .text.HAL_UART_Transmit
                0x08008af4      0x132 CMakeFiles/Senior.dir/Drivers/STM32F1xx_HAL_Driver/Src/stm32f1xx_hal_uart.c.obj
                0x08008af4                HAL_UART_Transmit
 .text.HAL_UART_Transmit_IT
                0x08008c26       0x88 CMakeFiles/Senior.dir/Drivers/STM32F1xx_HAL_Driver/Src/stm32f1xx_hal_uart.c.obj
                0x08008c26                HAL_UART_Transmit_IT
 .text.HAL_UART_Receive_IT
                0x08008cae       0xa8 CMakeFiles/Senior.dir/Drivers/STM32F1xx_HAL_Driver/Src/stm32f1xx_hal_uart.c.obj
                0x08008cae                HAL_UART_Receive_IT
 *fill*         0x08008d56        0x2 
 .text.HAL_UART_AbortReceive_IT
                0x08008d58       0xb0 CMakeFiles/Senior.dir/Drivers/STM32F1xx_HAL_Driver/Src/stm32f1xx_hal_uart.c.obj
                0x08008d58                HAL_UART_AbortReceive_IT
 .text.HAL_UART_IRQHandler
                0x08008e08      0x1f4 CMakeFiles/Senior.dir/Drivers/STM32F1xx_HAL_Driver/Src/stm32f1xx_hal_uart.c.obj
                0x08008e08                HAL_UART_IRQHandler
 .text.HAL_UART_ErrorCallback
                0x08008ffc       0x12 CMakeFiles/Senior.dir/Drivers/STM32F1xx_HAL_Driver/Src/stm32f1xx_hal_uart.c.obj
                0x08008ffc                HAL_UART_ErrorCallback
 .text.HAL_UART_AbortReceiveCpltCallback
                0x0800900e       0x12 CMakeFiles/Senior.dir/Drivers/STM32F1xx_HAL_Driver/Src/stm32f1xx_hal_uart.c.obj
                0x0800900e                HAL_UART_AbortReceiveCpltCallback
 .text.UART_WaitOnFlagUntilTimeout
                0x08009020       0x94 CMakeFiles/Senior.dir/Drivers/STM32F1xx_HAL_Driver/Src/stm32f1xx_hal_uart.c.obj
 .text.UART_EndRxTransfer
                0x080090b4       0x3a CMakeFiles/Senior.dir/Drivers/STM32F1xx_HAL_Driver/Src/stm32f1xx_hal_uart.c.obj
 .text.UART_DMAAbortOnError
                0x080090ee       0x28 CMakeFiles/Senior.dir/Drivers/STM32F1xx_HAL_Driver/Src/stm32f1xx_hal_uart.c.obj
 .text.UART_DMARxOnlyAbortCallback
                0x08009116       0x2a CMakeFiles/Senior.dir/Drivers/STM32F1xx_HAL_Driver/Src/stm32f1xx_hal_uart.c.obj
 .text.UART_Transmit_IT
                0x08009140       0xaa CMakeFiles/Senior.dir/Drivers/STM32F1xx_HAL_Driver/Src/stm32f1xx_hal_uart.c.obj
 .text.UART_EndTransmit_IT
                0x080091ea       0x30 CMakeFiles/Senior.dir/Drivers/STM32F1xx_HAL_Driver/Src/stm32f1xx_hal_uart.c.obj
 .text.UART_Receive_IT
                0x0800921a      0x102 CMakeFiles/Senior.dir/Drivers/STM32F1xx_HAL_Driver/Src/stm32f1xx_hal_uart.c.obj
 .text.UART_SetConfig
                0x0800931c      0x1b4 CMakeFiles/Senior.dir/Drivers/STM32F1xx_HAL_Driver/Src/stm32f1xx_hal_uart.c.obj
 .text.SystemInit
                0x080094d0       0x68 CMakeFiles/Senior.dir/Core/Src/system_stm32f1xx.c.obj
                0x080094d0                SystemInit
 .text._sbrk    0x08009538       0x6c CMakeFiles/Senior.dir/Core/Src/sysmem.c.obj
                0x08009538                _sbrk
 .text._getpid  0x080095a4        0xe CMakeFiles/Senior.dir/Core/Src/syscalls.c.obj
                0x080095a4                _getpid
 .text._kill    0x080095b2       0x20 CMakeFiles/Senior.dir/Core/Src/syscalls.c.obj
                0x080095b2                _kill
 .text._exit    0x080095d2       0x16 CMakeFiles/Senior.dir/Core/Src/syscalls.c.obj
                0x080095d2                _exit
 .text._read    0x080095e8       0x3a CMakeFiles/Senior.dir/Core/Src/syscalls.c.obj
                0x080095e8                _read
 .text._write   0x08009622       0x38 CMakeFiles/Senior.dir/Core/Src/syscalls.c.obj
                0x08009622                _write
 .text._close   0x0800965a       0x16 CMakeFiles/Senior.dir/Core/Src/syscalls.c.obj
                0x0800965a                _close
 .text._fstat   0x08009670       0x1e CMakeFiles/Senior.dir/Core/Src/syscalls.c.obj
                0x08009670                _fstat
 .text._isatty  0x0800968e       0x14 CMakeFiles/Senior.dir/Core/Src/syscalls.c.obj
                0x0800968e                _isatty
 .text._lseek   0x080096a2       0x18 CMakeFiles/Senior.dir/Core/Src/syscalls.c.obj
                0x080096a2                _lseek
 *fill*         0x080096ba        0x2 
 .text.Reset_Handler
                0x080096bc       0x48 CMakeFiles/Senior.dir/startup_stm32f103xb.s.obj
                0x080096bc                Reset_Handler
 .text.Default_Handler
                0x08009704        0x2 CMakeFiles/Senior.dir/startup_stm32f103xb.s.obj
                0x08009704                RTC_Alarm_IRQHandler
                0x08009704                EXTI2_IRQHandler
                0x08009704                TIM1_CC_IRQHandler
                0x08009704                PVD_IRQHandler
                0x08009704                EXTI3_IRQHandler
                0x08009704                EXTI0_IRQHandler
                0x08009704                I2C2_EV_IRQHandler
                0x08009704                ADC1_2_IRQHandler
                0x08009704                SPI1_IRQHandler
                0x08009704                TAMPER_IRQHandler
                0x08009704                DMA1_Channel4_IRQHandler
                0x08009704                USART3_IRQHandler
                0x08009704                RTC_IRQHandler
                0x08009704                CAN1_RX1_IRQHandler
                0x08009704                TIM4_IRQHandler
                0x08009704                I2C1_EV_IRQHandler
                0x08009704                RCC_IRQHandler
                0x08009704                TIM1_TRG_COM_IRQHandler
                0x08009704                Default_Handler
                0x08009704                EXTI9_5_IRQHandler
                0x08009704                SPI2_IRQHandler
                0x08009704                DMA1_Channel5_IRQHandler
                0x08009704                EXTI4_IRQHandler
                0x08009704                USB_LP_CAN1_RX0_IRQHandler
                0x08009704                USB_HP_CAN1_TX_IRQHandler
                0x08009704                DMA1_Channel3_IRQHandler
                0x08009704                WWDG_IRQHandler
                0x08009704                TIM1_BRK_IRQHandler
                0x08009704                EXTI1_IRQHandler
                0x08009704                I2C2_ER_IRQHandler
                0x08009704                DMA1_Channel2_IRQHandler
                0x08009704                CAN1_SCE_IRQHandler
                0x08009704                FLASH_IRQHandler
                0x08009704                USART1_IRQHandler
                0x08009704                I2C1_ER_IRQHandler
                0x08009704                USBWakeUp_IRQHandler
 .text.sulp     0x08009706       0x42 C:/ST/STM32CubeCLT_1.17.0/GNU-tools-for-STM32/bin/../lib/gcc/arm-none-eabi/12.3.1/../../../../arm-none-eabi/lib/thumb/v7-m/nofp\libg_nano.a(libc_a-strtod.o)
 .text._strtod_l
                0x08009748      0xbb0 C:/ST/STM32CubeCLT_1.17.0/GNU-tools-for-STM32/bin/../lib/gcc/arm-none-eabi/12.3.1/../../../../arm-none-eabi/lib/thumb/v7-m/nofp\libg_nano.a(libc_a-strtod.o)
                0x08009748                _strtod_l
 .text.strtof   0x0800a2f8       0xb0 C:/ST/STM32CubeCLT_1.17.0/GNU-tools-for-STM32/bin/../lib/gcc/arm-none-eabi/12.3.1/../../../../arm-none-eabi/lib/thumb/v7-m/nofp\libg_nano.a(libc_a-strtod.o)
                0x0800a2f8                strtof
 .text.sprintf  0x0800a3a8       0x40 C:/ST/STM32CubeCLT_1.17.0/GNU-tools-for-STM32/bin/../lib/gcc/arm-none-eabi/12.3.1/../../../../arm-none-eabi/lib/thumb/v7-m/nofp\libg_nano.a(libc_a-sprintf.o)
                0x0800a3a8                siprintf
                0x0800a3a8                sprintf
 .text.strncmp  0x0800a3e8       0x24 C:/ST/STM32CubeCLT_1.17.0/GNU-tools-for-STM32/bin/../lib/gcc/arm-none-eabi/12.3.1/../../../../arm-none-eabi/lib/thumb/v7-m/nofp\libg_nano.a(libc_a-strncmp.o)
                0x0800a3e8                strncmp
 .text.strtok   0x0800a40c       0x68 C:/ST/STM32CubeCLT_1.17.0/GNU-tools-for-STM32/bin/../lib/gcc/arm-none-eabi/12.3.1/../../../../arm-none-eabi/lib/thumb/v7-m/nofp\libg_nano.a(libc_a-strtok.o)
                0x0800a40c                strtok
 .text.__strtok_r
                0x0800a474       0x50 C:/ST/STM32CubeCLT_1.17.0/GNU-tools-for-STM32/bin/../lib/gcc/arm-none-eabi/12.3.1/../../../../arm-none-eabi/lib/thumb/v7-m/nofp\libg_nano.a(libc_a-strtok_r.o)
                0x0800a474                __strtok_r
 .text.__errno  0x0800a4c4        0xc C:/ST/STM32CubeCLT_1.17.0/GNU-tools-for-STM32/bin/../lib/gcc/arm-none-eabi/12.3.1/../../../../arm-none-eabi/lib/thumb/v7-m/nofp\libg_nano.a(libc_a-errno.o)
                0x0800a4c4                __errno
 .text.nan      0x0800a4d0        0xc C:/ST/STM32CubeCLT_1.17.0/GNU-tools-for-STM32/bin/../lib/gcc/arm-none-eabi/12.3.1/../../../../arm-none-eabi/lib/thumb/v7-m/nofp\libg_nano.a(libm_a-s_nan.o)
                0x0800a4d0                nan
 .text.nanf     0x0800a4dc        0x8 C:/ST/STM32CubeCLT_1.17.0/GNU-tools-for-STM32/bin/../lib/gcc/arm-none-eabi/12.3.1/../../../../arm-none-eabi/lib/thumb/v7-m/nofp\libg_nano.a(libm_a-sf_nan.o)
                0x0800a4dc                nanf
 .text.rshift   0x0800a4e4       0xa6 C:/ST/STM32CubeCLT_1.17.0/GNU-tools-for-STM32/bin/../lib/gcc/arm-none-eabi/12.3.1/../../../../arm-none-eabi/lib/thumb/v7-m/nofp\libg_nano.a(libc_a-gdtoa-gethex.o)
 .text.__hexdig_fun
                0x0800a58a       0x2a C:/ST/STM32CubeCLT_1.17.0/GNU-tools-for-STM32/bin/../lib/gcc/arm-none-eabi/12.3.1/../../../../arm-none-eabi/lib/thumb/v7-m/nofp\libg_nano.a(libc_a-gdtoa-gethex.o)
                0x0800a58a                __hexdig_fun
 .text.__gethex
                0x0800a5b4      0x420 C:/ST/STM32CubeCLT_1.17.0/GNU-tools-for-STM32/bin/../lib/gcc/arm-none-eabi/12.3.1/../../../../arm-none-eabi/lib/thumb/v7-m/nofp\libg_nano.a(libc_a-gdtoa-gethex.o)
                0x0800a5b4                __gethex
 .text.L_shift  0x0800a9d4       0x24 C:/ST/STM32CubeCLT_1.17.0/GNU-tools-for-STM32/bin/../lib/gcc/arm-none-eabi/12.3.1/../../../../arm-none-eabi/lib/thumb/v7-m/nofp\libg_nano.a(libc_a-gdtoa-hexnan.o)
 .text.__match  0x0800a9f8       0x28 C:/ST/STM32CubeCLT_1.17.0/GNU-tools-for-STM32/bin/../lib/gcc/arm-none-eabi/12.3.1/../../../../arm-none-eabi/lib/thumb/v7-m/nofp\libg_nano.a(libc_a-gdtoa-hexnan.o)
                0x0800a9f8                __match
 .text.__hexnan
                0x0800aa20      0x136 C:/ST/STM32CubeCLT_1.17.0/GNU-tools-for-STM32/bin/../lib/gcc/arm-none-eabi/12.3.1/../../../../arm-none-eabi/lib/thumb/v7-m/nofp\libg_nano.a(libc_a-gdtoa-hexnan.o)
                0x0800aa20                __hexnan
 .text.__ssputs_r
                0x0800ab56       0xb6 C:/ST/STM32CubeCLT_1.17.0/GNU-tools-for-STM32/bin/../lib/gcc/arm-none-eabi/12.3.1/../../../../arm-none-eabi/lib/thumb/v7-m/nofp\libg_nano.a(libc_a-nano-svfprintf.o)
                0x0800ab56                __ssputs_r
 .text._svfprintf_r
                0x0800ac0c      0x1f8 C:/ST/STM32CubeCLT_1.17.0/GNU-tools-for-STM32/bin/../lib/gcc/arm-none-eabi/12.3.1/../../../../arm-none-eabi/lib/thumb/v7-m/nofp\libg_nano.a(libc_a-nano-svfprintf.o)
                0x0800ac0c                _svfiprintf_r
                0x0800ac0c                _svfprintf_r
 *(.glue_7)
 .glue_7        0x0800ae04        0x0 linker stubs
 *(.glue_7t)
 .glue_7t       0x0800ae04        0x0 linker stubs
 *(.eh_frame)
 .eh_frame      0x0800ae04        0x0 C:/ST/STM32CubeCLT_1.17.0/GNU-tools-for-STM32/bin/../lib/gcc/arm-none-eabi/12.3.1/thumb/v7-m/nofp/crtbegin.o
 *(.init)
 .init          0x0800ae04        0x4 C:/ST/STM32CubeCLT_1.17.0/GNU-tools-for-STM32/bin/../lib/gcc/arm-none-eabi/12.3.1/thumb/v7-m/nofp/crti.o
                0x0800ae04                _init
 .init          0x0800ae08        0x8 C:/ST/STM32CubeCLT_1.17.0/GNU-tools-for-STM32/bin/../lib/gcc/arm-none-eabi/12.3.1/thumb/v7-m/nofp/crtn.o
 *(.fini)
 .fini          0x0800ae10        0x4 C:/ST/STM32CubeCLT_1.17.0/GNU-tools-for-STM32/bin/../lib/gcc/arm-none-eabi/12.3.1/thumb/v7-m/nofp/crti.o
                0x0800ae10                _fini
 .fini          0x0800ae14        0x8 C:/ST/STM32CubeCLT_1.17.0/GNU-tools-for-STM32/bin/../lib/gcc/arm-none-eabi/12.3.1/thumb/v7-m/nofp/crtn.o
                0x0800ae1c                        . = ALIGN (0x4)
                0x0800ae1c                        _etext = .

.vfp11_veneer   0x0800ae1c        0x0
 .vfp11_veneer  0x0800ae1c        0x0 linker stubs

.v4_bx          0x0800ae1c        0x0
 .v4_bx         0x0800ae1c        0x0 linker stubs

.iplt           0x0800ae1c        0x0
 .iplt          0x0800ae1c        0x0 C:/ST/STM32CubeCLT_1.17.0/GNU-tools-for-STM32/bin/../lib/gcc/arm-none-eabi/12.3.1/thumb/v7-m/nofp/crtbegin.o

.rodata         0x0800ae20      0x4e4
                0x0800ae20                        . = ALIGN (0x4)
 *(.rodata)
 .rodata        0x0800ae20       0x2d CMakeFiles/Senior.dir/Core/Src/main.c.obj
 *fill*         0x0800ae4d        0x3 
 .rodata        0x0800ae50       0x10 CMakeFiles/Senior.dir/Drivers/STM32F1xx_HAL_Driver/Src/stm32f1xx_hal_rcc.c.obj
 .rodata        0x0800ae60       0x10 CMakeFiles/Senior.dir/Drivers/STM32F1xx_HAL_Driver/Src/stm32f1xx_hal_rcc_ex.c.obj
 *(.rodata*)
 .rodata._printf_float.str1.1
                0x0800ae70       0x12 C:/ST/STM32CubeCLT_1.17.0/GNU-tools-for-STM32/bin/../lib/gcc/arm-none-eabi/12.3.1/../../../../arm-none-eabi/lib/thumb/v7-m/nofp\libc_nano.a(libc_a-nano-vfprintf_float.o)
 .rodata._printf_i.str1.1
                0x0800ae82       0x22 C:/ST/STM32CubeCLT_1.17.0/GNU-tools-for-STM32/bin/../lib/gcc/arm-none-eabi/12.3.1/../../../../arm-none-eabi/lib/thumb/v7-m/nofp\libc_nano.a(libc_a-nano-vfprintf_i.o)
 .rodata._dtoa_r.str1.1
                0x0800aea4       0x8d C:/ST/STM32CubeCLT_1.17.0/GNU-tools-for-STM32/bin/../lib/gcc/arm-none-eabi/12.3.1/../../../../arm-none-eabi/lib/thumb/v7-m/nofp\libc_nano.a(libc_a-dtoa.o)
                                 0x8f (size before relaxing)
 .rodata._Balloc.str1.1
                0x0800af31       0x59 C:/ST/STM32CubeCLT_1.17.0/GNU-tools-for-STM32/bin/../lib/gcc/arm-none-eabi/12.3.1/../../../../arm-none-eabi/lib/thumb/v7-m/nofp\libc_nano.a(libc_a-mprec.o)
                                 0x70 (size before relaxing)
 .rodata.__multadd.str1.1
                0x0800af8a       0x11 C:/ST/STM32CubeCLT_1.17.0/GNU-tools-for-STM32/bin/../lib/gcc/arm-none-eabi/12.3.1/../../../../arm-none-eabi/lib/thumb/v7-m/nofp\libc_nano.a(libc_a-mprec.o)
 *fill*         0x0800af8a        0x2 
 .rodata.p05.0  0x0800af8c        0xc C:/ST/STM32CubeCLT_1.17.0/GNU-tools-for-STM32/bin/../lib/gcc/arm-none-eabi/12.3.1/../../../../arm-none-eabi/lib/thumb/v7-m/nofp\libc_nano.a(libc_a-mprec.o)
 .rodata.__mprec_bigtens
                0x0800af98       0x28 C:/ST/STM32CubeCLT_1.17.0/GNU-tools-for-STM32/bin/../lib/gcc/arm-none-eabi/12.3.1/../../../../arm-none-eabi/lib/thumb/v7-m/nofp\libc_nano.a(libc_a-mprec.o)
                0x0800af98                __mprec_bigtens
 .rodata.__mprec_tens
                0x0800afc0       0xc8 C:/ST/STM32CubeCLT_1.17.0/GNU-tools-for-STM32/bin/../lib/gcc/arm-none-eabi/12.3.1/../../../../arm-none-eabi/lib/thumb/v7-m/nofp\libc_nano.a(libc_a-mprec.o)
                0x0800afc0                __mprec_tens
 .rodata._setlocale_r.str1.1
                0x0800b088        0x8 C:/ST/STM32CubeCLT_1.17.0/GNU-tools-for-STM32/bin/../lib/gcc/arm-none-eabi/12.3.1/../../../../arm-none-eabi/lib/thumb/v7-m/nofp\libc_nano.a(libc_a-locale.o)
                                  0x9 (size before relaxing)
 .rodata.str1.1
                0x0800b090        0x2 C:/ST/STM32CubeCLT_1.17.0/GNU-tools-for-STM32/bin/../lib/gcc/arm-none-eabi/12.3.1/../../../../arm-none-eabi/lib/thumb/v7-m/nofp\libc_nano.a(libc_a-locale.o)
 .rodata.__assert_func.str1.1
                0x0800b092       0x3c C:/ST/STM32CubeCLT_1.17.0/GNU-tools-for-STM32/bin/../lib/gcc/arm-none-eabi/12.3.1/../../../../arm-none-eabi/lib/thumb/v7-m/nofp\libc_nano.a(libc_a-assert.o)
                                 0x3d (size before relaxing)
 .rodata._ctype_
                0x0800b0ce      0x101 C:/ST/STM32CubeCLT_1.17.0/GNU-tools-for-STM32/bin/../lib/gcc/arm-none-eabi/12.3.1/../../../../arm-none-eabi/lib/thumb/v7-m/nofp\libc_nano.a(libc_a-ctype_.o)
                0x0800b0ce                _ctype_
 .rodata._vfprintf_r.str1.1
                0x0800b1cf       0x11 C:/ST/STM32CubeCLT_1.17.0/GNU-tools-for-STM32/bin/../lib/gcc/arm-none-eabi/12.3.1/../../../../arm-none-eabi/lib/thumb/v7-m/nofp\libc_nano.a(libc_a-nano-vfprintf.o)
 .rodata.AHBPrescTable
                0x0800b1e0       0x10 CMakeFiles/Senior.dir/Core/Src/system_stm32f1xx.c.obj
                0x0800b1e0                AHBPrescTable
 .rodata.APBPrescTable
                0x0800b1f0        0x8 CMakeFiles/Senior.dir/Core/Src/system_stm32f1xx.c.obj
                0x0800b1f0                APBPrescTable
 .rodata._strtod_l.str1.1
                0x0800b1f8       0x11 C:/ST/STM32CubeCLT_1.17.0/GNU-tools-for-STM32/bin/../lib/gcc/arm-none-eabi/12.3.1/../../../../arm-none-eabi/lib/thumb/v7-m/nofp\libg_nano.a(libc_a-strtod.o)
                                  0xf (size before relaxing)
 .rodata.fpinan.0
                0x0800b1f8       0x14 C:/ST/STM32CubeCLT_1.17.0/GNU-tools-for-STM32/bin/../lib/gcc/arm-none-eabi/12.3.1/../../../../arm-none-eabi/lib/thumb/v7-m/nofp\libg_nano.a(libc_a-strtod.o)
 .rodata.fpi.1  0x0800b20c       0x14 C:/ST/STM32CubeCLT_1.17.0/GNU-tools-for-STM32/bin/../lib/gcc/arm-none-eabi/12.3.1/../../../../arm-none-eabi/lib/thumb/v7-m/nofp\libg_nano.a(libc_a-strtod.o)
 .rodata.tinytens
                0x0800b220       0x28 C:/ST/STM32CubeCLT_1.17.0/GNU-tools-for-STM32/bin/../lib/gcc/arm-none-eabi/12.3.1/../../../../arm-none-eabi/lib/thumb/v7-m/nofp\libg_nano.a(libc_a-strtod.o)
 .rodata.strtok.str1.1
                0x0800b248       0x5a C:/ST/STM32CubeCLT_1.17.0/GNU-tools-for-STM32/bin/../lib/gcc/arm-none-eabi/12.3.1/../../../../arm-none-eabi/lib/thumb/v7-m/nofp\libg_nano.a(libc_a-strtok.o)
                                 0x71 (size before relaxing)
 .rodata.__gethex.str1.1
                0x0800b2a2       0x60 C:/ST/STM32CubeCLT_1.17.0/GNU-tools-for-STM32/bin/../lib/gcc/arm-none-eabi/12.3.1/../../../../arm-none-eabi/lib/thumb/v7-m/nofp\libg_nano.a(libc_a-gdtoa-gethex.o)
                                 0x73 (size before relaxing)
 .rodata._svfprintf_r.str1.1
                0x0800b302       0x11 C:/ST/STM32CubeCLT_1.17.0/GNU-tools-for-STM32/bin/../lib/gcc/arm-none-eabi/12.3.1/../../../../arm-none-eabi/lib/thumb/v7-m/nofp\libg_nano.a(libc_a-nano-svfprintf.o)
                0x0800b314                        . = ALIGN (0x4)
 *fill*         0x0800b302        0x2 

.ARM.extab
 *(.ARM.extab* .gnu.linkonce.armextab.*)

.ARM            0x0800b304        0x8
                0x0800b304                        __exidx_start = .
 *(.ARM.exidx*)
 .ARM.exidx     0x0800b304        0x8 C:/ST/STM32CubeCLT_1.17.0/GNU-tools-for-STM32/bin/../lib/gcc/arm-none-eabi/12.3.1/../../../../arm-none-eabi/lib/thumb/v7-m/nofp\libc_nano.a(libc_a-strlen.o)
                0x0800b30c                        __exidx_end = .

.rel.dyn        0x0800b30c        0x0
 .rel.iplt      0x0800b30c        0x0 C:/ST/STM32CubeCLT_1.17.0/GNU-tools-for-STM32/bin/../lib/gcc/arm-none-eabi/12.3.1/thumb/v7-m/nofp/crtbegin.o

.preinit_array  0x0800b30c        0x0
                0x0800b30c                        PROVIDE (__preinit_array_start = .)
 *(.preinit_array*)
                0x0800b30c                        PROVIDE (__preinit_array_end = .)

.init_array     0x0800b30c        0x4
                0x0800b30c                        PROVIDE (__init_array_start = .)
 *(SORT_BY_NAME(.init_array.*))
 *(.init_array*)
 .init_array    0x0800b30c        0x4 C:/ST/STM32CubeCLT_1.17.0/GNU-tools-for-STM32/bin/../lib/gcc/arm-none-eabi/12.3.1/thumb/v7-m/nofp/crtbegin.o
                0x0800b310                        PROVIDE (__init_array_end = .)

.fini_array     0x0800b310        0x4
                [!provide]                        PROVIDE (__fini_array_start = .)
 *(SORT_BY_NAME(.fini_array.*))
 *(.fini_array*)
 .fini_array    0x0800b310        0x4 C:/ST/STM32CubeCLT_1.17.0/GNU-tools-for-STM32/bin/../lib/gcc/arm-none-eabi/12.3.1/thumb/v7-m/nofp/crtbegin.o
                [!provide]                        PROVIDE (__fini_array_end = .)
                0x0800b314                        _sidata = LOADADDR (.data)

.data           0x20000000      0x1e8 load address 0x0800b314
                0x20000000                        . = ALIGN (0x4)
                0x20000000                        _sdata = .
 *(.data)
 *(.data*)
 .data.__sglue  0x20000000        0xc C:/ST/STM32CubeCLT_1.17.0/GNU-tools-for-STM32/bin/../lib/gcc/arm-none-eabi/12.3.1/../../../../arm-none-eabi/lib/thumb/v7-m/nofp\libc_nano.a(libc_a-findfp.o)
                0x20000000                __sglue
 .data._impure_ptr
                0x2000000c        0x4 C:/ST/STM32CubeCLT_1.17.0/GNU-tools-for-STM32/bin/../lib/gcc/arm-none-eabi/12.3.1/../../../../arm-none-eabi/lib/thumb/v7-m/nofp\libc_nano.a(libc_a-impure.o)
                0x2000000c                _impure_ptr
 .data._impure_data
                0x20000010       0x4c C:/ST/STM32CubeCLT_1.17.0/GNU-tools-for-STM32/bin/../lib/gcc/arm-none-eabi/12.3.1/../../../../arm-none-eabi/lib/thumb/v7-m/nofp\libc_nano.a(libc_a-impure.o)
                0x20000010                _impure_data
 .data.__global_locale
                0x2000005c      0x16c C:/ST/STM32CubeCLT_1.17.0/GNU-tools-for-STM32/bin/../lib/gcc/arm-none-eabi/12.3.1/../../../../arm-none-eabi/lib/thumb/v7-m/nofp\libc_nano.a(libc_a-locale.o)
                0x2000005c                __global_locale
 .data.prescaler
                0x200001c8        0x2 CMakeFiles/Senior.dir/Core/Src/main.c.obj
                0x200001c8                prescaler
 .data.steps_per
                0x200001ca        0x2 CMakeFiles/Senior.dir/Core/Src/main.c.obj
                0x200001ca                steps_per
 .data.min_seconds
                0x200001cc        0x2 CMakeFiles/Senior.dir/Core/Src/main.c.obj
                0x200001cc                min_seconds
 *fill*         0x200001ce        0x2 
 .data.clock_frequency
                0x200001d0        0x4 CMakeFiles/Senior.dir/Core/Src/main.c.obj
                0x200001d0                clock_frequency
 .data.num_samples
                0x200001d4        0x4 CMakeFiles/Senior.dir/Core/Src/main.c.obj
                0x200001d4                num_samples
 .data.adc_zero_offset
                0x200001d8        0x2 CMakeFiles/Senior.dir/Core/Src/main.c.obj
                0x200001d8                adc_zero_offset
 *fill*         0x200001da        0x2 
 .data.uwTickPrio
                0x200001dc        0x4 CMakeFiles/Senior.dir/Drivers/STM32F1xx_HAL_Driver/Src/stm32f1xx_hal.c.obj
                0x200001dc                uwTickPrio
 .data.uwTickFreq
                0x200001e0        0x1 CMakeFiles/Senior.dir/Drivers/STM32F1xx_HAL_Driver/Src/stm32f1xx_hal.c.obj
                0x200001e0                uwTickFreq
 *fill*         0x200001e1        0x3 
 .data.SystemCoreClock
                0x200001e4        0x4 CMakeFiles/Senior.dir/Core/Src/system_stm32f1xx.c.obj
                0x200001e4                SystemCoreClock
                0x200001e8                        . = ALIGN (0x4)
                0x200001e8                        _edata = .

.igot.plt       0x200001e8        0x0 load address 0x0800b4fc
 .igot.plt      0x200001e8        0x0 C:/ST/STM32CubeCLT_1.17.0/GNU-tools-for-STM32/bin/../lib/gcc/arm-none-eabi/12.3.1/thumb/v7-m/nofp/crtbegin.o
                0x200001e8                        . = ALIGN (0x4)

.bss            0x200001e8      0x4b0 load address 0x0800b4fc
                0x200001e8                        _sbss = .
                0x200001e8                        __bss_start__ = _sbss
 *(.bss)
 .bss           0x200001e8       0x1c C:/ST/STM32CubeCLT_1.17.0/GNU-tools-for-STM32/bin/../lib/gcc/arm-none-eabi/12.3.1/thumb/v7-m/nofp/crtbegin.o
 *(.bss*)
 .bss.__sf      0x20000204      0x138 C:/ST/STM32CubeCLT_1.17.0/GNU-tools-for-STM32/bin/../lib/gcc/arm-none-eabi/12.3.1/../../../../arm-none-eabi/lib/thumb/v7-m/nofp\libc_nano.a(libc_a-findfp.o)
                0x20000204                __sf
 .bss.__stdio_exit_handler
                0x2000033c        0x4 C:/ST/STM32CubeCLT_1.17.0/GNU-tools-for-STM32/bin/../lib/gcc/arm-none-eabi/12.3.1/../../../../arm-none-eabi/lib/thumb/v7-m/nofp\libc_nano.a(libc_a-findfp.o)
                0x2000033c                __stdio_exit_handler
 .bss.errno     0x20000340        0x4 C:/ST/STM32CubeCLT_1.17.0/GNU-tools-for-STM32/bin/../lib/gcc/arm-none-eabi/12.3.1/../../../../arm-none-eabi/lib/thumb/v7-m/nofp\libc_nano.a(libc_a-reent.o)
                0x20000340                errno
 .bss.__lock___malloc_recursive_mutex
                0x20000344        0x1 C:/ST/STM32CubeCLT_1.17.0/GNU-tools-for-STM32/bin/../lib/gcc/arm-none-eabi/12.3.1/../../../../arm-none-eabi/lib/thumb/v7-m/nofp\libc_nano.a(libc_a-lock.o)
                0x20000344                __lock___malloc_recursive_mutex
 .bss.__lock___sfp_recursive_mutex
                0x20000345        0x1 C:/ST/STM32CubeCLT_1.17.0/GNU-tools-for-STM32/bin/../lib/gcc/arm-none-eabi/12.3.1/../../../../arm-none-eabi/lib/thumb/v7-m/nofp\libc_nano.a(libc_a-lock.o)
                0x20000345                __lock___sfp_recursive_mutex
 *fill*         0x20000346        0x2 
 .bss.__malloc_sbrk_start
                0x20000348        0x4 C:/ST/STM32CubeCLT_1.17.0/GNU-tools-for-STM32/bin/../lib/gcc/arm-none-eabi/12.3.1/../../../../arm-none-eabi/lib/thumb/v7-m/nofp\libc_nano.a(libc_a-mallocr.o)
                0x20000348                __malloc_sbrk_start
 .bss.__malloc_free_list
                0x2000034c        0x4 C:/ST/STM32CubeCLT_1.17.0/GNU-tools-for-STM32/bin/../lib/gcc/arm-none-eabi/12.3.1/../../../../arm-none-eabi/lib/thumb/v7-m/nofp\libc_nano.a(libc_a-mallocr.o)
                0x2000034c                __malloc_free_list
 .bss.hadc1     0x20000350       0x30 CMakeFiles/Senior.dir/Core/Src/main.c.obj
                0x20000350                hadc1
 .bss.hdma_adc1
                0x20000380       0x44 CMakeFiles/Senior.dir/Core/Src/main.c.obj
                0x20000380                hdma_adc1
 .bss.htim1     0x200003c4       0x40 CMakeFiles/Senior.dir/Core/Src/main.c.obj
                0x200003c4                htim1
 .bss.htim2     0x20000404       0x40 CMakeFiles/Senior.dir/Core/Src/main.c.obj
                0x20000404                htim2
 .bss.htim3     0x20000444       0x40 CMakeFiles/Senior.dir/Core/Src/main.c.obj
                0x20000444                htim3
 .bss.htim4     0x20000484       0x40 CMakeFiles/Senior.dir/Core/Src/main.c.obj
                0x20000484                htim4
 .bss.huart2    0x200004c4       0x40 CMakeFiles/Senior.dir/Core/Src/main.c.obj
                0x200004c4                huart2
 .bss.hdma_usart2_tx
                0x20000504       0x44 CMakeFiles/Senior.dir/Core/Src/main.c.obj
                0x20000504                hdma_usart2_tx
 .bss.hdma_usart2_rx
                0x20000548       0x44 CMakeFiles/Senior.dir/Core/Src/main.c.obj
                0x20000548                hdma_usart2_rx
 .bss.adc_callback_count
                0x2000058c        0x4 CMakeFiles/Senior.dir/Core/Src/main.c.obj
                0x2000058c                adc_callback_count
 .bss.stream_data_count
                0x20000590        0x4 CMakeFiles/Senior.dir/Core/Src/main.c.obj
                0x20000590                stream_data_count
 .bss.micros    0x20000594        0x4 CMakeFiles/Senior.dir/Core/Src/main.c.obj
                0x20000594                micros
 .bss.strain_rate
                0x20000598        0x4 CMakeFiles/Senior.dir/Core/Src/main.c.obj
                0x20000598                strain_rate
 .bss.strain    0x2000059c        0x4 CMakeFiles/Senior.dir/Core/Src/main.c.obj
                0x2000059c                strain
 .bss.gauge_length
                0x200005a0        0x4 CMakeFiles/Senior.dir/Core/Src/main.c.obj
                0x200005a0                gauge_length
 .bss.gauge_diameter
                0x200005a4        0x4 CMakeFiles/Senior.dir/Core/Src/main.c.obj
                0x200005a4                gauge_diameter
 .bss.duration  0x200005a8        0x4 CMakeFiles/Senior.dir/Core/Src/main.c.obj
                0x200005a8                duration
 .bss.speed     0x200005ac        0x4 CMakeFiles/Senior.dir/Core/Src/main.c.obj
                0x200005ac                speed
 .bss.sampling_interval
                0x200005b0        0x4 CMakeFiles/Senior.dir/Core/Src/main.c.obj
                0x200005b0                sampling_interval
 .bss.encoder_start_count
                0x200005b4        0x2 CMakeFiles/Senior.dir/Core/Src/main.c.obj
                0x200005b4                encoder_start_count
 .bss.calculatedsteps
                0x200005b6        0x2 CMakeFiles/Senior.dir/Core/Src/main.c.obj
                0x200005b6                calculatedsteps
 .bss.ARR       0x200005b8        0x2 CMakeFiles/Senior.dir/Core/Src/main.c.obj
                0x200005b8                ARR
 .bss.frequency
                0x200005ba        0x2 CMakeFiles/Senior.dir/Core/Src/main.c.obj
                0x200005ba                frequency
 .bss.adc_buffer
                0x200005bc        0x2 CMakeFiles/Senior.dir/Core/Src/main.c.obj
                0x200005bc                adc_buffer
 *fill*         0x200005be        0x2 
 .bss.tim2_overflow_count
                0x200005c0        0x4 CMakeFiles/Senior.dir/Core/Src/main.c.obj
                0x200005c0                tim2_overflow_count
 .bss.msg       0x200005c4       0x64 CMakeFiles/Senior.dir/Core/Src/main.c.obj
                0x200005c4                msg
 .bss.rx_buffer
                0x20000628       0x32 CMakeFiles/Senior.dir/Core/Src/main.c.obj
                0x20000628                rx_buffer
 .bss.rx_index  0x2000065a        0x1 CMakeFiles/Senior.dir/Core/Src/main.c.obj
                0x2000065a                rx_index
 .bss.received_char
                0x2000065b        0x1 CMakeFiles/Senior.dir/Core/Src/main.c.obj
                0x2000065b                received_char
 .bss.arr1      0x2000065c        0x4 CMakeFiles/Senior.dir/Core/Src/main.c.obj
                0x2000065c                arr1
 .bss.packet    0x20000660        0xd CMakeFiles/Senior.dir/Core/Src/main.c.obj
                0x20000660                packet
 *fill*         0x2000066d        0x3 
 .bss.sample_count
                0x20000670        0x4 CMakeFiles/Senior.dir/Core/Src/main.c.obj
                0x20000670                sample_count
 .bss.recording_enabled
                0x20000674        0x1 CMakeFiles/Senior.dir/Core/Src/main.c.obj
                0x20000674                recording_enabled
 .bss.uart_dma_busy
                0x20000675        0x1 CMakeFiles/Senior.dir/Core/Src/main.c.obj
                0x20000675                uart_dma_busy
 *fill*         0x20000676        0x2 
 .bss.filtered_value
                0x20000678        0x4 CMakeFiles/Senior.dir/Core/Src/main.c.obj
                0x20000678                filtered_value
 .bss.angle_degrees
                0x2000067c        0x4 CMakeFiles/Senior.dir/Core/Src/main.c.obj
                0x2000067c                angle_degrees
 .bss.latest_torque_adc
                0x20000680        0x2 CMakeFiles/Senior.dir/Core/Src/main.c.obj
                0x20000680                latest_torque_adc
 *fill*         0x20000682        0x2 
 .bss.target_steps
                0x20000684        0x4 CMakeFiles/Senior.dir/Core/Src/main.c.obj
                0x20000684                target_steps
 .bss.current_step
                0x20000688        0x4 CMakeFiles/Senior.dir/Core/Src/main.c.obj
                0x20000688                current_step
 .bss.stepper_running
                0x2000068c        0x1 CMakeFiles/Senior.dir/Core/Src/main.c.obj
                0x2000068c                stepper_running
 .bss.motor_state
                0x2000068d        0x1 CMakeFiles/Senior.dir/Core/Src/main.c.obj
                0x2000068d                motor_state
 *fill*         0x2000068e        0x2 
 .bss.uwTick    0x20000690        0x4 CMakeFiles/Senior.dir/Drivers/STM32F1xx_HAL_Driver/Src/stm32f1xx_hal.c.obj
                0x20000690                uwTick
 .bss.__sbrk_heap_end
                0x20000694        0x4 CMakeFiles/Senior.dir/Core/Src/sysmem.c.obj
 *(COMMON)
                0x20000698                        . = ALIGN (0x4)
                0x20000698                        _ebss = .
                0x20000698                        __bss_end__ = _ebss

._user_heap_stack
                0x20000698      0x600 load address 0x0800b4fc
                0x20000698                        . = ALIGN (0x8)
                [!provide]                        PROVIDE (end = .)
                0x20000698                        PROVIDE (_end = .)
                0x20000898                        . = (. + _Min_Heap_Size)
 *fill*         0x20000698      0x200 
                0x20000c98                        . = (. + _Min_Stack_Size)
 *fill*         0x20000898      0x400 
                0x20000c98                        . = ALIGN (0x8)

/DISCARD/
 libc.a(*)
 libm.a(*)
 libgcc.a(*)
OUTPUT(Senior.elf elf32-littlearm)
LOAD linker stubs
LOAD C:/ST/STM32CubeCLT_1.17.0/GNU-tools-for-STM32/bin/../lib/gcc/arm-none-eabi/12.3.1/../../../../arm-none-eabi/lib/thumb/v7-m/nofp\libc.a
LOAD C:/ST/STM32CubeCLT_1.17.0/GNU-tools-for-STM32/bin/../lib/gcc/arm-none-eabi/12.3.1/../../../../arm-none-eabi/lib/thumb/v7-m/nofp\libm.a
LOAD C:/ST/STM32CubeCLT_1.17.0/GNU-tools-for-STM32/bin/../lib/gcc/arm-none-eabi/12.3.1/thumb/v7-m/nofp\libgcc.a

.ARM.attributes
                0x00000000       0x29
 .ARM.attributes
                0x00000000       0x1d C:/ST/STM32CubeCLT_1.17.0/GNU-tools-for-STM32/bin/../lib/gcc/arm-none-eabi/12.3.1/thumb/v7-m/nofp/crti.o
 .ARM.attributes
                0x0000001d       0x2d C:/ST/STM32CubeCLT_1.17.0/GNU-tools-for-STM32/bin/../lib/gcc/arm-none-eabi/12.3.1/thumb/v7-m/nofp/crtbegin.o
 .ARM.attributes
                0x0000004a       0x2d C:/ST/STM32CubeCLT_1.17.0/GNU-tools-for-STM32/bin/../lib/gcc/arm-none-eabi/12.3.1/../../../../arm-none-eabi/lib/thumb/v7-m/nofp\libc_nano.a(libc_a-nano-vfprintf_float.o)
 .ARM.attributes
                0x00000077       0x2d C:/ST/STM32CubeCLT_1.17.0/GNU-tools-for-STM32/bin/../lib/gcc/arm-none-eabi/12.3.1/../../../../arm-none-eabi/lib/thumb/v7-m/nofp\libc_nano.a(libc_a-nano-vfprintf_i.o)
 .ARM.attributes
                0x000000a4       0x2d C:/ST/STM32CubeCLT_1.17.0/GNU-tools-for-STM32/bin/../lib/gcc/arm-none-eabi/12.3.1/../../../../arm-none-eabi/lib/thumb/v7-m/nofp\libc_nano.a(libc_a-findfp.o)
 .ARM.attributes
                0x000000d1       0x2d C:/ST/STM32CubeCLT_1.17.0/GNU-tools-for-STM32/bin/../lib/gcc/arm-none-eabi/12.3.1/../../../../arm-none-eabi/lib/thumb/v7-m/nofp\libc_nano.a(libc_a-fwalk.o)
 .ARM.attributes
                0x000000fe       0x2d C:/ST/STM32CubeCLT_1.17.0/GNU-tools-for-STM32/bin/../lib/gcc/arm-none-eabi/12.3.1/../../../../arm-none-eabi/lib/thumb/v7-m/nofp\libc_nano.a(libc_a-stdio.o)
 .ARM.attributes
                0x0000012b       0x2d C:/ST/STM32CubeCLT_1.17.0/GNU-tools-for-STM32/bin/../lib/gcc/arm-none-eabi/12.3.1/../../../../arm-none-eabi/lib/thumb/v7-m/nofp\libc_nano.a(libc_a-memset.o)
 .ARM.attributes
                0x00000158       0x2d C:/ST/STM32CubeCLT_1.17.0/GNU-tools-for-STM32/bin/../lib/gcc/arm-none-eabi/12.3.1/../../../../arm-none-eabi/lib/thumb/v7-m/nofp\libc_nano.a(libc_a-localeconv.o)
 .ARM.attributes
                0x00000185       0x2d C:/ST/STM32CubeCLT_1.17.0/GNU-tools-for-STM32/bin/../lib/gcc/arm-none-eabi/12.3.1/../../../../arm-none-eabi/lib/thumb/v7-m/nofp\libc_nano.a(libc_a-closer.o)
 .ARM.attributes
                0x000001b2       0x2d C:/ST/STM32CubeCLT_1.17.0/GNU-tools-for-STM32/bin/../lib/gcc/arm-none-eabi/12.3.1/../../../../arm-none-eabi/lib/thumb/v7-m/nofp\libc_nano.a(libc_a-reent.o)
 .ARM.attributes
                0x000001df       0x2d C:/ST/STM32CubeCLT_1.17.0/GNU-tools-for-STM32/bin/../lib/gcc/arm-none-eabi/12.3.1/../../../../arm-none-eabi/lib/thumb/v7-m/nofp\libc_nano.a(libc_a-impure.o)
 .ARM.attributes
                0x0000020c       0x2d C:/ST/STM32CubeCLT_1.17.0/GNU-tools-for-STM32/bin/../lib/gcc/arm-none-eabi/12.3.1/../../../../arm-none-eabi/lib/thumb/v7-m/nofp\libc_nano.a(libc_a-lseekr.o)
 .ARM.attributes
                0x00000239       0x2d C:/ST/STM32CubeCLT_1.17.0/GNU-tools-for-STM32/bin/../lib/gcc/arm-none-eabi/12.3.1/../../../../arm-none-eabi/lib/thumb/v7-m/nofp\libc_nano.a(libc_a-readr.o)
 .ARM.attributes
                0x00000266       0x2d C:/ST/STM32CubeCLT_1.17.0/GNU-tools-for-STM32/bin/../lib/gcc/arm-none-eabi/12.3.1/../../../../arm-none-eabi/lib/thumb/v7-m/nofp\libc_nano.a(libc_a-writer.o)
 .ARM.attributes
                0x00000293       0x2d C:/ST/STM32CubeCLT_1.17.0/GNU-tools-for-STM32/bin/../lib/gcc/arm-none-eabi/12.3.1/../../../../arm-none-eabi/lib/thumb/v7-m/nofp\libc_nano.a(libc_a-init.o)
 .ARM.attributes
                0x000002c0       0x2d C:/ST/STM32CubeCLT_1.17.0/GNU-tools-for-STM32/bin/../lib/gcc/arm-none-eabi/12.3.1/../../../../arm-none-eabi/lib/thumb/v7-m/nofp\libc_nano.a(libc_a-lock.o)
 .ARM.attributes